<html>
<body>
<pre>
<h1>µVision Build Log</h1>
<h2>Tool Versions:</h2>
IDE-Version: ¦ÌVision V5.24.2.0
Copyright (C) 2017 ARM Ltd and ARM Germany GmbH. All rights reserved.
License Information: Praymerry Lenovo, eason, LIC=CZLZX-HT466-DYQV3-A9315-VSY4R-8PYX1
 
Tool Versions:
Toolchain:       MDK-ARM Plus  Version: 5.24.1
Toolchain Path:  D:\Keil\ARM Start\ARM\ARMCC\Bin
C Compiler:      Armcc.exe V5.06 update 5 (build 528)
Assembler:       Armasm.exe V5.06 update 5 (build 528)
Linker/Locator:  ArmLink.exe V5.06 update 5 (build 528)
Library Manager: ArmAr.exe V5.06 update 5 (build 528)
Hex Converter:   FromElf.exe V5.06 update 5 (build 528)
CPU DLL:         SARMCM3.DLL V5.24.1
Dialog DLL:      DCM.DLL V1.16.0.0
Target DLL:      STLink\ST-LINKIII-KEIL_SWO.dll V3.0.1.0
Dialog DLL:      TCM.DLL V1.32.0.0
 
<h2>Project:</h2>
D:\2024710Embeded Learn\My FreeRtos\F407-LVGL-Watch\MDK-ARM\F4-LVGL-Watch.uvprojx
Project File Date:  09/12/2024

<h2>Output:</h2>
*** Using Compiler 'V5.06 update 5 (build 528)', folder: 'D:\Keil\ARM Start\ARM\ARMCC\Bin'
Build target 'F4-LVGL-Watch'
compiling iic_hal.c...
compiling log.c...
..\Drivers-SYSTEM\Log\log.h(9): warning:  #1-D: last line of file ends without a newline
  #endif //HAL_DMA_PRINTF_LOG_H
..\Drivers-SYSTEM\Log\log.c(39): warning:  #1-D: last line of file ends without a newline
  }
..\Drivers-SYSTEM\Log\log.c: 2 warnings, 0 errors
compiling main.c...
..\Drivers-SYSTEM\Log\log.h(9): warning:  #1-D: last line of file ends without a newline
  #endif //HAL_DMA_PRINTF_LOG_H
../Core/Src/main.c: 1 warning, 0 errors
compiling 24cxx.c...
compiling Lcd.c...
compiling sys.c...
compiling touch.c...
compiling Uart_Redefine.c...
compiling GUI.c...
compiling RC522.c...
compiling mpu6050.c...
compiling Delay.c...
compiling Hc06.c...
compiling key.c...
compiling led.c...
compiling inv_mpu_dmp_motion_driver.c...
compiling inv_mpu.c...
..\Drivers-BSP\MPU6050\eMPL\inv_mpu.c(2963): warning:  #68-D: integer conversion resulted in a change of sign
  		if(res)return -1; 
..\Drivers-BSP\MPU6050\eMPL\inv_mpu.c(2874): warning:  #177-D: variable "gyro_orientation"  was declared but never referenced
  static signed char gyro_orientation[9] = { 1, 0, 0,
..\Drivers-BSP\MPU6050\eMPL\inv_mpu.c: 2 warnings, 0 errors
linking...
Program Size: Code=19160 RO-data=6400 RW-data=172 ZI-data=1884  
FromELF: creating hex file...
"F4-LVGL-Watch\F4-LVGL-Watch.axf" - 0 Error(s), 5 Warning(s).

<h2>Software Packages used:</h2>

Package Vendor: ARM
                http://www.keil.com/pack/ARM.CMSIS.5.0.1.pack
                ARM.CMSIS.5.0.1
                CMSIS (Cortex Microcontroller Software Interface Standard)
   * Component: CORE Version: 5.0.1

Package Vendor: Keil
                https://www.keil.com/pack/Keil.STM32F4xx_DFP.2.17.1.pack
                Keil.STM32F4xx_DFP.2.17.1
                STMicroelectronics STM32F4 Series Device Support, Drivers and Examples

<h2>Collection of Component include folders:</h2>
  .\RTE\_F4-LVGL-Watch
  D:\Keil\ARM Start\ARM\PACK\ARM\CMSIS\5.0.1\CMSIS\Include
  D:\Keil\ARM Start\ARM\PACK\Keil\STM32F4xx_DFP\2.17.1\Drivers\CMSIS\Device\ST\STM32F4xx\Include

<h2>Collection of Component Files used:</h2>

   * Component: ARM::CMSIS:CORE:5.0.1
Build Time Elapsed:  00:00:11
</pre>
</body>
</html>
