Component: ARM Compiler 5.06 update 5 (build 528) Tool: armlink [4d35e2]

==============================================================================

Section Cross References

    startup_stm32f407xx.o(RESET) refers to startup_stm32f407xx.o(STACK) for __initial_sp
    startup_stm32f407xx.o(RESET) refers to startup_stm32f407xx.o(.text) for Reset_Handler
    startup_stm32f407xx.o(RESET) refers to stm32f4xx_it.o(i.NMI_Handler) for NMI_Handler
    startup_stm32f407xx.o(RESET) refers to stm32f4xx_it.o(i.HardFault_Handler) for HardFault_Handler
    startup_stm32f407xx.o(RESET) refers to stm32f4xx_it.o(i.MemManage_Handler) for MemManage_Handler
    startup_stm32f407xx.o(RESET) refers to stm32f4xx_it.o(i.BusFault_Handler) for BusFault_Handler
    startup_stm32f407xx.o(RESET) refers to stm32f4xx_it.o(i.UsageFault_Handler) for UsageFault_Handler
    startup_stm32f407xx.o(RESET) refers to stm32f4xx_it.o(i.SVC_Handler) for SVC_Handler
    startup_stm32f407xx.o(RESET) refers to stm32f4xx_it.o(i.DebugMon_Handler) for DebugMon_Handler
    startup_stm32f407xx.o(RESET) refers to stm32f4xx_it.o(i.PendSV_Handler) for PendSV_Handler
    startup_stm32f407xx.o(RESET) refers to stm32f4xx_it.o(i.SysTick_Handler) for SysTick_Handler
    startup_stm32f407xx.o(RESET) refers to stm32f4xx_it.o(i.DMA1_Stream1_IRQHandler) for DMA1_Stream1_IRQHandler
    startup_stm32f407xx.o(RESET) refers to stm32f4xx_it.o(i.DMA1_Stream2_IRQHandler) for DMA1_Stream2_IRQHandler
    startup_stm32f407xx.o(RESET) refers to stm32f4xx_it.o(i.DMA1_Stream3_IRQHandler) for DMA1_Stream3_IRQHandler
    startup_stm32f407xx.o(RESET) refers to stm32f4xx_it.o(i.DMA1_Stream4_IRQHandler) for DMA1_Stream4_IRQHandler
    startup_stm32f407xx.o(RESET) refers to stm32f4xx_it.o(i.EXTI9_5_IRQHandler) for EXTI9_5_IRQHandler
    startup_stm32f407xx.o(RESET) refers to stm32f4xx_it.o(i.TIM4_IRQHandler) for TIM4_IRQHandler
    startup_stm32f407xx.o(RESET) refers to stm32f4xx_it.o(i.SPI2_IRQHandler) for SPI2_IRQHandler
    startup_stm32f407xx.o(RESET) refers to stm32f4xx_it.o(i.USART1_IRQHandler) for USART1_IRQHandler
    startup_stm32f407xx.o(RESET) refers to stm32f4xx_it.o(i.USART3_IRQHandler) for USART3_IRQHandler
    startup_stm32f407xx.o(RESET) refers to stm32f4xx_it.o(i.EXTI15_10_IRQHandler) for EXTI15_10_IRQHandler
    startup_stm32f407xx.o(RESET) refers to stm32f4xx_it.o(i.UART4_IRQHandler) for UART4_IRQHandler
    startup_stm32f407xx.o(.text) refers to system_stm32f4xx.o(i.SystemInit) for SystemInit
    startup_stm32f407xx.o(.text) refers to entry.o(.ARM.Collect$$$$00000000) for __main
    main.o(i.HAL_TIM_PeriodElapsedCallback) refers to stm32f4xx_hal.o(i.HAL_IncTick) for HAL_IncTick
    main.o(i.SystemClock_Config) refers to memseta.o(.text) for __aeabi_memclr4
    main.o(i.SystemClock_Config) refers to stm32f4xx_hal_rcc.o(i.HAL_RCC_OscConfig) for HAL_RCC_OscConfig
    main.o(i.SystemClock_Config) refers to stm32f4xx_hal_rcc.o(i.HAL_RCC_ClockConfig) for HAL_RCC_ClockConfig
    main.o(i.main) refers to stm32f4xx_hal.o(i.HAL_Init) for HAL_Init
    main.o(i.main) refers to main.o(i.SystemClock_Config) for SystemClock_Config
    main.o(i.main) refers to gpio.o(i.MX_GPIO_Init) for MX_GPIO_Init
    main.o(i.main) refers to dma.o(i.MX_DMA_Init) for MX_DMA_Init
    main.o(i.main) refers to usart.o(i.MX_USART1_UART_Init) for MX_USART1_UART_Init
    main.o(i.main) refers to fsmc.o(i.MX_FSMC_Init) for MX_FSMC_Init
    main.o(i.main) refers to usart.o(i.MX_UART4_Init) for MX_UART4_Init
    main.o(i.main) refers to usart.o(i.MX_USART3_UART_Init) for MX_USART3_UART_Init
    main.o(i.main) refers to spi.o(i.MX_SPI2_Init) for MX_SPI2_Init
    main.o(i.main) refers to led.o(i.led_init) for led_init
    main.o(i.main) refers to lcd.o(i.LCD_Init) for LCD_Init
    main.o(i.main) refers to touch.o(i.tp_init) for tp_init
    main.o(i.main) refers to rc522.o(i.PCD_Init_RST) for PCD_Init_RST
    main.o(i.main) refers to mpu6050.o(i.MPU_Init) for MPU_Init
    main.o(i.main) refers to printfa.o(i.__0printf) for __2printf
    main.o(i.main) refers to gui.o(i.LCD_ShowString2) for LCD_ShowString2
    main.o(i.main) refers to log.o(i.log_info) for log_info
    gpio.o(i.MX_GPIO_Init) refers to memseta.o(.text) for __aeabi_memclr4
    gpio.o(i.MX_GPIO_Init) refers to stm32f4xx_hal_gpio.o(i.HAL_GPIO_WritePin) for HAL_GPIO_WritePin
    gpio.o(i.MX_GPIO_Init) refers to stm32f4xx_hal_gpio.o(i.HAL_GPIO_Init) for HAL_GPIO_Init
    gpio.o(i.MX_GPIO_Init) refers to stm32f4xx_hal_cortex.o(i.HAL_NVIC_SetPriority) for HAL_NVIC_SetPriority
    gpio.o(i.MX_GPIO_Init) refers to stm32f4xx_hal_cortex.o(i.HAL_NVIC_EnableIRQ) for HAL_NVIC_EnableIRQ
    dma.o(i.MX_DMA_Init) refers to stm32f4xx_hal_cortex.o(i.HAL_NVIC_SetPriority) for HAL_NVIC_SetPriority
    dma.o(i.MX_DMA_Init) refers to stm32f4xx_hal_cortex.o(i.HAL_NVIC_EnableIRQ) for HAL_NVIC_EnableIRQ
    fsmc.o(i.HAL_FSMC_MspInit) refers to memseta.o(.text) for __aeabi_memclr4
[...]
    .text                                    0x08000622   Section        0  llushr.o(.text)
    .text                                    0x08000642   Section        0  llsshr.o(.text)
    .text                                    0x08000666   Section        0  depilogue.o(.text)
    .text                                    0x08000666   Section        0  iusefp.o(.text)
    .text                                    0x08000720   Section        0  dfixul.o(.text)
    .text                                    0x08000750   Section       36  init.o(.text)
    i.AT24Cxx_Init                           0x08000774   Section        0  24cxx.o(i.AT24Cxx_Init)
    i.AT24Cxx_Read                           0x08000798   Section        0  24cxx.o(i.AT24Cxx_Read)
    i.AT24Cxx_Read_One_Byte                  0x080007b8   Section        0  24cxx.o(i.AT24Cxx_Read_One_Byte)
    i.AT24Cxx_Write                          0x08000810   Section        0  24cxx.o(i.AT24Cxx_Write)
    i.AT24Cxx_Write_One_Byte                 0x08000830   Section        0  24cxx.o(i.AT24Cxx_Write_One_Byte)
    i.BusFault_Handler                       0x08000884   Section        0  stm32f4xx_it.o(i.BusFault_Handler)
    i.DMA1_Stream1_IRQHandler                0x08000888   Section        0  stm32f4xx_it.o(i.DMA1_Stream1_IRQHandler)
    i.DMA1_Stream2_IRQHandler                0x08000894   Section        0  stm32f4xx_it.o(i.DMA1_Stream2_IRQHandler)
    i.DMA1_Stream3_IRQHandler                0x080008a0   Section        0  stm32f4xx_it.o(i.DMA1_Stream3_IRQHandler)
    i.DMA1_Stream4_IRQHandler                0x080008ac   Section        0  stm32f4xx_it.o(i.DMA1_Stream4_IRQHandler)
    i.DMA_CalcBaseAndBitshift                0x080008b8   Section        0  stm32f4xx_hal_dma.o(i.DMA_CalcBaseAndBitshift)
    DMA_CalcBaseAndBitshift                  0x080008b9   Thumb Code    34  stm32f4xx_hal_dma.o(i.DMA_CalcBaseAndBitshift)
    i.DMA_CheckFifoParam                     0x080008e0   Section        0  stm32f4xx_hal_dma.o(i.DMA_CheckFifoParam)
    DMA_CheckFifoParam                       0x080008e1   Thumb Code    84  stm32f4xx_hal_dma.o(i.DMA_CheckFifoParam)
    i.DebugMon_Handler                       0x08000934   Section        0  stm32f4xx_it.o(i.DebugMon_Handler)
    i.Delay_ms                               0x08000936   Section        0  delay.o(i.Delay_ms)
    i.Delay_us                               0x08000950   Section        0  delay.o(i.Delay_us)
    i.EXTI15_10_IRQHandler                   0x08000988   Section        0  stm32f4xx_it.o(i.EXTI15_10_IRQHandler)
    i.EXTI9_5_IRQHandler                     0x080009a0   Section        0  stm32f4xx_it.o(i.EXTI9_5_IRQHandler)
    i.Error_Handler                          0x080009b0   Section        0  main.o(i.Error_Handler)
    i.FSMC_NORSRAM_Extended_Timing_Init      0x080009b4   Section        0  stm32f4xx_ll_fsmc.o(i.FSMC_NORSRAM_Extended_Timing_Init)
    i.FSMC_NORSRAM_Init                      0x080009f0   Section        0  stm32f4xx_ll_fsmc.o(i.FSMC_NORSRAM_Init)
    i.FSMC_NORSRAM_Timing_Init               0x08000a58   Section        0  stm32f4xx_ll_fsmc.o(i.FSMC_NORSRAM_Timing_Init)
    i.GUI_Circle                             0x08000a9c   Section        0  gui.o(i.GUI_Circle)
    i.GUI_DrawPoint                          0x08000b20   Section        0  gui.o(i.GUI_DrawPoint)
    i.HAL_DMA_Abort                          0x08000b32   Section        0  stm32f4xx_hal_dma.o(i.HAL_DMA_Abort)
    i.HAL_DMA_Abort_IT                       0x08000bc4   Section        0  stm32f4xx_hal_dma.o(i.HAL_DMA_Abort_IT)
    i.HAL_DMA_IRQHandler                     0x08000be8   Section        0  stm32f4xx_hal_dma.o(i.HAL_DMA_IRQHandler)
    i.HAL_DMA_Init                           0x08000d88   Section        0  stm32f4xx_hal_dma.o(i.HAL_DMA_Init)
    i.HAL_FSMC_MspInit                       0x08000e5c   Section        0  fsmc.o(i.HAL_FSMC_MspInit)
    HAL_FSMC_MspInit                         0x08000e5d   Thumb Code   120  fsmc.o(i.HAL_FSMC_MspInit)
    i.HAL_GPIO_EXTI_Callback                 0x08000ee8   Section        0  key.o(i.HAL_GPIO_EXTI_Callback)
    i.HAL_GPIO_EXTI_IRQHandler               0x08000f38   Section        0  stm32f4xx_hal_gpio.o(i.HAL_GPIO_EXTI_IRQHandler)
    i.HAL_GPIO_Init                          0x08000f50   Section        0  stm32f4xx_hal_gpio.o(i.HAL_GPIO_Init)
    i.HAL_GPIO_ReadPin                       0x08001120   Section        0  stm32f4xx_hal_gpio.o(i.HAL_GPIO_ReadPin)
    i.HAL_GPIO_TogglePin                     0x0800112a   Section        0  stm32f4xx_hal_gpio.o(i.HAL_GPIO_TogglePin)
    i.HAL_GPIO_WritePin                      0x0800113a   Section        0  stm32f4xx_hal_gpio.o(i.HAL_GPIO_WritePin)
    i.HAL_GetTick                            0x08001144   Section        0  stm32f4xx_hal.o(i.HAL_GetTick)
    i.HAL_IncTick                            0x08001150   Section        0  stm32f4xx_hal.o(i.HAL_IncTick)
    i.HAL_Init                               0x08001160   Section        0  stm32f4xx_hal.o(i.HAL_Init)
    i.HAL_InitTick                           0x08001194   Section        0  stm32f4xx_hal_timebase_tim.o(i.HAL_InitTick)
    i.HAL_MspInit                            0x0800122c   Section        0  stm32f4xx_hal_msp.o(i.HAL_MspInit)
    i.HAL_NVIC_EnableIRQ                     0x0800125c   Section        0  stm32f4xx_hal_cortex.o(i.HAL_NVIC_EnableIRQ)
    i.HAL_NVIC_SetPriority                   0x08001278   Section        0  stm32f4xx_hal_cortex.o(i.HAL_NVIC_SetPriority)
    i.HAL_NVIC_SetPriorityGrouping           0x080012b8   Section        0  stm32f4xx_hal_cortex.o(i.HAL_NVIC_SetPriorityGrouping)
    i.HAL_RCC_ClockConfig                    0x080012dc   Section        0  stm32f4xx_hal_rcc.o(i.HAL_RCC_ClockConfig)
    i.HAL_RCC_GetClockConfig                 0x08001410   Section        0  stm32f4xx_hal_rcc.o(i.HAL_RCC_GetClockConfig)
    i.HAL_RCC_GetPCLK1Freq                   0x08001450   Section        0  stm32f4xx_hal_rcc.o(i.HAL_RCC_GetPCLK1Freq)
    i.HAL_RCC_GetPCLK2Freq                   0x08001470   Section        0  stm32f4xx_hal_rcc.o(i.HAL_RCC_GetPCLK2Freq)
    i.HAL_RCC_GetSysClockFreq                0x08001490   Section        0  stm32f4xx_hal_rcc.o(i.HAL_RCC_GetSysClockFreq)
    i.HAL_RCC_OscConfig                      0x080014f0   Section        0  stm32f4xx_hal_rcc.o(i.HAL_RCC_OscConfig)
    i.HAL_SPI_ErrorCallback                  0x08001848   Section        0  stm32f4xx_hal_spi.o(i.HAL_SPI_ErrorCallback)
    i.HAL_SPI_IRQHandler                     0x0800184c   Section        0  stm32f4xx_hal_spi.o(i.HAL_SPI_IRQHandler)
    i.HAL_SPI_Init                           0x08001948   Section        0  stm32f4xx_hal_spi.o(i.HAL_SPI_Init)
    i.HAL_SPI_MspInit                        0x08001a04   Section        0  spi.o(i.HAL_SPI_MspInit)
    i.HAL_SPI_TransmitReceive                0x08001aa4   Section        0  stm32f4xx_hal_spi.o(i.HAL_SPI_TransmitReceive)
    i.HAL_SRAM_Init                          0x08001c8a   Section        0  stm32f4xx_hal_sram.o(i.HAL_SRAM_Init)
    i.HAL_SRAM_MspInit                       0x08001ce6   Section        0  fsmc.o(i.HAL_SRAM_MspInit)
    i.HAL_TIMEx_BreakCallback                0x08001cea   Section        0  stm32f4xx_hal_tim_ex.o(i.HAL_TIMEx_BreakCallback)
    i.HAL_TIMEx_CommutCallback               0x08001cec   Section        0  stm32f4xx_hal_tim_ex.o(i.HAL_TIMEx_CommutCallback)
    i.HAL_TIM_Base_Init                      0x08001cee   Section        0  stm32f4xx_hal_tim.o(i.HAL_TIM_Base_Init)
    i.HAL_TIM_Base_MspInit                   0x08001d48   Section        0  stm32f4xx_hal_tim.o(i.HAL_TIM_Base_MspInit)
    i.HAL_TIM_Base_Start_IT                  0x08001d4c   Section        0  stm32f4xx_hal_tim.o(i.HAL_TIM_Base_Start_IT)
    i.HAL_TIM_IC_CaptureCallback             0x08001dcc   Section        0  stm32f4xx_hal_tim.o(i.HAL_TIM_IC_CaptureCallback)
    i.HAL_TIM_IRQHandler                     0x08001dce   Section        0  stm32f4xx_hal_tim.o(i.HAL_TIM_IRQHandler)
    i.HAL_TIM_OC_DelayElapsedCallback        0x08001efe   Section        0  stm32f4xx_hal_tim.o(i.HAL_TIM_OC_DelayElapsedCallback)
    i.HAL_TIM_PWM_PulseFinishedCallback      0x08001f00   Section        0  stm32f4xx_hal_tim.o(i.HAL_TIM_PWM_PulseFinishedCallback)
    i.HAL_TIM_PeriodElapsedCallback          0x08001f04   Section        0  main.o(i.HAL_TIM_PeriodElapsedCallback)
    i.HAL_TIM_TriggerCallback                0x08001f18   Section        0  stm32f4xx_hal_tim.o(i.HAL_TIM_TriggerCallback)
    i.HAL_UARTEx_RxEventCallback             0x08001f1a   Section        0  stm32f4xx_hal_uart.o(i.HAL_UARTEx_RxEventCallback)
    i.HAL_UART_ErrorCallback                 0x08001f1c   Section        0  stm32f4xx_hal_uart.o(i.HAL_UART_ErrorCallback)
    i.HAL_UART_IRQHandler                    0x08001f20   Section        0  stm32f4xx_hal_uart.o(i.HAL_UART_IRQHandler)
    i.HAL_UART_Init                          0x08002190   Section        0  stm32f4xx_hal_uart.o(i.HAL_UART_Init)
    i.HAL_UART_MspInit                       0x080021f4   Section        0  usart.o(i.HAL_UART_MspInit)
    i.HAL_UART_RxCpltCallback                0x080023e4   Section        0  stm32f4xx_hal_uart.o(i.HAL_UART_RxCpltCallback)
    i.HAL_UART_Transmit                      0x080023e6   Section        0  stm32f4xx_hal_uart.o(i.HAL_UART_Transmit)
    i.HAL_UART_TxCpltCallback                0x08002486   Section        0  stm32f4xx_hal_uart.o(i.HAL_UART_TxCpltCallback)
    i.HardFault_Handler                      0x08002488   Section        0  stm32f4xx_it.o(i.HardFault_Handler)
    i.IIC_Init                               0x0800248a   Section        0  iic_hal.o(i.IIC_Init)
    i.IIC_Read_Byte                          0x080024be   Section        0  iic_hal.o(i.IIC_Read_Byte)
    i.IIC_Send_Byte                          0x08002512   Section        0  iic_hal.o(i.IIC_Send_Byte)
    i.IIC_Send_NotAck                        0x08002568   Section        0  iic_hal.o(i.IIC_Send_NotAck)
    i.IIC_Start                              0x08002598   Section        0  iic_hal.o(i.IIC_Start)
    i.IIC_Stop                               0x080025d6   Section        0  iic_hal.o(i.IIC_Stop)
    i.IIC_Wait_Ack                           0x08002614   Section        0  iic_hal.o(i.IIC_Wait_Ack)
    i.LCD_Clear                              0x08002668   Section        0  lcd.o(i.LCD_Clear)
    i.LCD_DrawLine                           0x080026a0   Section        0  gui.o(i.LCD_DrawLine)
    i.LCD_DrawPoint                          0x08002738   Section        0  lcd.o(i.LCD_DrawPoint)
    i.LCD_Fill                               0x08002750   Section        0  gui.o(i.LCD_Fill)
    i.LCD_Init                               0x080027a4   Section        0  lcd.o(i.LCD_Init)
    i.LCD_SetCursor                          0x08002934   Section        0  lcd.o(i.LCD_SetCursor)
    i.LCD_SetWindows                         0x0800293c   Section        0  lcd.o(i.LCD_SetWindows)
    i.LCD_ShowChar                           0x0800297c   Section        0  gui.o(i.LCD_ShowChar)
    i.LCD_ShowString2                        0x08002a84   Section        0  gui.o(i.LCD_ShowString2)
    i.LCD_WriteRAM_Prepare                   0x08002adc   Section        0  lcd.o(i.LCD_WriteRAM_Prepare)
    i.LCD_WriteReg                           0x08002af0   Section        0  lcd.o(i.LCD_WriteReg)
    i.LCD_direction                          0x08002b00   Section        0  lcd.o(i.LCD_direction)
    i.Lcd_WriteData_16Bit                    0x08002b50   Section        0  lcd.o(i.Lcd_WriteData_16Bit)
    i.MFRC_ClrBitMask                        0x08002b5c   Section        0  rc522.o(i.MFRC_ClrBitMask)
    i.MFRC_Init                              0x08002b74   Section        0  rc522.o(i.MFRC_Init)
    i.MFRC_ReadReg                           0x08002b94   Section        0  rc522.o(i.MFRC_ReadReg)
    i.MFRC_SetBitMask                        0x08002bcc   Section        0  rc522.o(i.MFRC_SetBitMask)
    i.MFRC_WriteReg                          0x08002be4   Section        0  rc522.o(i.MFRC_WriteReg)
    i.MPU_Bus_Init                           0x08002c18   Section        0  mpu6050.o(i.MPU_Bus_Init)
    i.MPU_INT_Pin_Init                       0x08002c3c   Section        0  mpu6050.o(i.MPU_INT_Pin_Init)
    i.MPU_Init                               0x08002c8c   Section        0  mpu6050.o(i.MPU_Init)
    i.MPU_Motion_Init                        0x08002d0a   Section        0  mpu6050.o(i.MPU_Motion_Init)
    i.MPU_Read_Byte                          0x08002d30   Section        0  mpu6050.o(i.MPU_Read_Byte)
    i.MPU_Set_Accel_Fsr                      0x08002d88   Section        0  mpu6050.o(i.MPU_Set_Accel_Fsr)
    i.MPU_Set_Gyro_Fsr                       0x08002d92   Section        0  mpu6050.o(i.MPU_Set_Gyro_Fsr)
    i.MPU_Set_LPF                            0x08002d9c   Section        0  mpu6050.o(i.MPU_Set_LPF)
    i.MPU_Set_Rate                           0x08002dcc   Section        0  mpu6050.o(i.MPU_Set_Rate)
    i.MPU_Write_Byte                         0x08002dfc   Section        0  mpu6050.o(i.MPU_Write_Byte)
    i.MX_DMA_Init                            0x08002e50   Section        0  dma.o(i.MX_DMA_Init)
    i.MX_FSMC_Init                           0x08002eac   Section        0  fsmc.o(i.MX_FSMC_Init)
    i.MX_GPIO_Init                           0x08002f34   Section        0  gpio.o(i.MX_GPIO_Init)
    i.MX_SPI2_Init                           0x080030f4   Section        0  spi.o(i.MX_SPI2_Init)
    i.MX_UART4_Init                          0x0800313c   Section        0  usart.o(i.MX_UART4_Init)
    i.MX_USART1_UART_Init                    0x08003174   Section        0  usart.o(i.MX_USART1_UART_Init)
    i.MX_USART3_UART_Init                    0x080031ac   Section        0  usart.o(i.MX_USART3_UART_Init)
    i.MemManage_Handler                      0x080031e4   Section        0  stm32f4xx_it.o(i.MemManage_Handler)
    i.NMI_Handler                            0x080031e6   Section        0  stm32f4xx_it.o(i.NMI_Handler)
    i.PCD_AntennaOff                         0x080031e8   Section        0  rc522.o(i.PCD_AntennaOff)
    i.PCD_AntennaOn                          0x080031f0   Section        0  rc522.o(i.PCD_AntennaOn)
    i.PCD_Init_RST                           0x0800320a   Section        0  rc522.o(i.PCD_Init_RST)
    i.PCD_Reset                              0x08003218   Section        0  rc522.o(i.PCD_Reset)
    i.PendSV_Handler                         0x080032a0   Section        0  stm32f4xx_it.o(i.PendSV_Handler)
    i.SCL_Output                             0x080032a2   Section        0  iic_hal.o(i.SCL_Output)
    i.SDA_Input                              0x080032b4   Section        0  iic_hal.o(i.SDA_Input)
    i.SDA_Input_Mode                         0x080032c6   Section        0  iic_hal.o(i.SDA_Input_Mode)
    i.SDA_Output                             0x080032f0   Section        0  iic_hal.o(i.SDA_Output)
    i.SDA_Output_Mode                        0x08003302   Section        0  iic_hal.o(i.SDA_Output_Mode)
    i.SPI2_IRQHandler                        0x0800332c   Section        0  stm32f4xx_it.o(i.SPI2_IRQHandler)
    i.SPI2_RW_Byte                           0x08003338   Section        0  rc522.o(i.SPI2_RW_Byte)
    i.SPI_DMAAbortOnError                    0x0800335c   Section        0  stm32f4xx_hal_spi.o(i.SPI_DMAAbortOnError)
    SPI_DMAAbortOnError                      0x0800335d   Thumb Code    16  stm32f4xx_hal_spi.o(i.SPI_DMAAbortOnError)
    i.SPI_EndRxTxTransaction                 0x0800336c   Section        0  stm32f4xx_hal_spi.o(i.SPI_EndRxTxTransaction)
    SPI_EndRxTxTransaction                   0x0800336d   Thumb Code    98  stm32f4xx_hal_spi.o(i.SPI_EndRxTxTransaction)
    i.SPI_WaitFlagStateUntilTimeout          0x080033d8   Section        0  stm32f4xx_hal_spi.o(i.SPI_WaitFlagStateUntilTimeout)
    SPI_WaitFlagStateUntilTimeout            0x080033d9   Thumb Code   180  stm32f4xx_hal_spi.o(i.SPI_WaitFlagStateUntilTimeout)
    i.SVC_Handler                            0x08003490   Section        0  stm32f4xx_it.o(i.SVC_Handler)
    i.SysTick_Handler                        0x08003492   Section        0  stm32f4xx_it.o(i.SysTick_Handler)
    i.SystemClock_Config                     0x08003494   Section        0  main.o(i.SystemClock_Config)
    i.SystemInit                             0x08003528   Section        0  system_stm32f4xx.o(i.SystemInit)
    i.TIM4_IRQHandler                        0x08003538   Section        0  stm32f4xx_it.o(i.TIM4_IRQHandler)
    i.TIM_Base_SetConfig                     0x08003544   Section        0  stm32f4xx_hal_tim.o(i.TIM_Base_SetConfig)
    i.UART4_IRQHandler                       0x0800361c   Section        0  stm32f4xx_it.o(i.UART4_IRQHandler)
    i.UART_DMAAbortOnError                   0x08003628   Section        0  stm32f4xx_hal_uart.o(i.UART_DMAAbortOnError)
    UART_DMAAbortOnError                     0x08003629   Thumb Code    16  stm32f4xx_hal_uart.o(i.UART_DMAAbortOnError)
    i.UART_EndRxTransfer                     0x08003638   Section        0  stm32f4xx_hal_uart.o(i.UART_EndRxTransfer)
    UART_EndRxTransfer                       0x08003639   Thumb Code    78  stm32f4xx_hal_uart.o(i.UART_EndRxTransfer)
    i.UART_Receive_IT                        0x08003686   Section        0  stm32f4xx_hal_uart.o(i.UART_Receive_IT)
    UART_Receive_IT                          0x08003687   Thumb Code   194  stm32f4xx_hal_uart.o(i.UART_Receive_IT)
    i.UART_SetConfig                         0x08003748   Section        0  stm32f4xx_hal_uart.o(i.UART_SetConfig)
    UART_SetConfig                           0x08003749   Thumb Code   258  stm32f4xx_hal_uart.o(i.UART_SetConfig)
    i.UART_WaitOnFlagUntilTimeout            0x08003854   Section        0  stm32f4xx_hal_uart.o(i.UART_WaitOnFlagUntilTimeout)
    UART_WaitOnFlagUntilTimeout              0x08003855   Thumb Code   112  stm32f4xx_hal_uart.o(i.UART_WaitOnFlagUntilTimeout)
    i.USART1_IRQHandler                      0x080038c4   Section        0  stm32f4xx_it.o(i.USART1_IRQHandler)
    i.USART3_IRQHandler                      0x080038d0   Section        0  stm32f4xx_it.o(i.USART3_IRQHandler)
    i.UsageFault_Handler                     0x080038dc   Section        0  stm32f4xx_it.o(i.UsageFault_Handler)
    i.__0fprintf                             0x080038e0   Section        0  printfa.o(i.__0fprintf)
    i.__0printf                              0x080038fc   Section        0  printfa.o(i.__0printf)
    i.__0sprintf                             0x0800391c   Section        0  printfa.o(i.__0sprintf)
    i.__0vfprintf                            0x08003944   Section        0  printfa.o(i.__0vfprintf)
    i.__NVIC_SetPriority                     0x0800395c   Section        0  stm32f4xx_hal_cortex.o(i.__NVIC_SetPriority)
    __NVIC_SetPriority                       0x0800395d   Thumb Code    32  stm32f4xx_hal_cortex.o(i.__NVIC_SetPriority)
    i.__scatterload_copy                     0x0800397c   Section       14  handlers.o(i.__scatterload_copy)
    i.__scatterload_null                     0x0800398a   Section        2  handlers.o(i.__scatterload_null)
    i.__scatterload_zeroinit                 0x0800398c   Section       14  handlers.o(i.__scatterload_zeroinit)
    i._draw_circle_8                         0x0800399a   Section        0  gui.o(i._draw_circle_8)
    i._fp_digits                             0x08003a34   Section        0  printfa.o(i._fp_digits)
    _fp_digits                               0x08003a35   Thumb Code   366  printfa.o(i._fp_digits)
    i._printf_core                           0x08003bb8   Section        0  printfa.o(i._printf_core)
    _printf_core                             0x08003bb9   Thumb Code  1744  printfa.o(i._printf_core)
    i._printf_post_padding                   0x08004294   Section        0  printfa.o(i._printf_post_padding)
    _printf_post_padding                     0x08004295   Thumb Code    36  printfa.o(i._printf_post_padding)
    i._printf_pre_padding                    0x080042b8   Section        0  printfa.o(i._printf_pre_padding)
    _printf_pre_padding                      0x080042b9   Thumb Code    46  printfa.o(i._printf_pre_padding)
    i._sputc                                 0x080042e6   Section        0  printfa.o(i._sputc)
    _sputc                                   0x080042e7   Thumb Code    10  printfa.o(i._sputc)
    i.fputc                                  0x080042f0   Section        0  uart_redefine.o(i.fputc)
    i.led_init                               0x08004308   Section        0  led.o(i.led_init)
    i.log_info                               0x08004374   Section        0  log.o(i.log_info)
    i.main                                   0x080043a4   Section        0  main.o(i.main)
    i.tp_adjust                              0x08004440   Section        0  touch.o(i.tp_adjust)
    i.tp_adjust_info_show                    0x08004774   Section        0  touch.o(i.tp_adjust_info_show)
    tp_adjust_info_show                      0x08004775   Thumb Code   254  touch.o(i.tp_adjust_info_show)
    i.tp_draw_touch_point                    0x080048a0   Section        0  touch.o(i.tp_draw_touch_point)
    tp_draw_touch_point                      0x080048a1   Thumb Code   118  touch.o(i.tp_draw_touch_point)
    i.tp_get_adjust_data                     0x08004918   Section        0  touch.o(i.tp_get_adjust_data)
    i.tp_init                                0x0800493c   Section        0  touch.o(i.tp_init)
    i.tp_read_ad                             0x0800497c   Section        0  touch.o(i.tp_read_ad)
    tp_read_ad                               0x0800497d   Thumb Code   228  touch.o(i.tp_read_ad)
    i.tp_read_xoy                            0x08004a68   Section        0  touch.o(i.tp_read_xoy)
    tp_read_xoy                              0x08004a69   Thumb Code    96  touch.o(i.tp_read_xoy)
    i.tp_read_xy                             0x08004ac8   Section        0  touch.o(i.tp_read_xy)
    tp_read_xy                               0x08004ac9   Thumb Code    48  touch.o(i.tp_read_xy)
    i.tp_read_xy2                            0x08004afc   Section        0  touch.o(i.tp_read_xy2)
    tp_read_xy2                              0x08004afd   Thumb Code   116  touch.o(i.tp_read_xy2)
    i.tp_save_adjust_data                    0x08004b70   Section        0  touch.o(i.tp_save_adjust_data)
    i.tp_scan                                0x08004b8c   Section        0  touch.o(i.tp_scan)
    .constdata                               0x08004c60   Section        8  stm32f4xx_hal_dma.o(.constdata)
    flagBitshiftOffset                       0x08004c60   Data           8  stm32f4xx_hal_dma.o(.constdata)
    .constdata                               0x08004c68   Section       16  system_stm32f4xx.o(.constdata)
    .constdata                               0x08004c78   Section        8  system_stm32f4xx.o(.constdata)
    .constdata                               0x08004c80   Section     5942  gui.o(.constdata)
    .data                                    0x20000000   Section        8  fsmc.o(.data)
    FSMC_Initialized                         0x20000000   Data           4  fsmc.o(.data)
    FSMC_DeInitialized                       0x20000004   Data           4  fsmc.o(.data)
    .data                                    0x20000008   Section        1  stm32f4xx_it.o(.data)
    .data                                    0x2000000c   Section       12  stm32f4xx_hal.o(.data)
    .data                                    0x20000018   Section        4  system_stm32f4xx.o(.data)
    .data                                    0x2000001c   Section       12  24cxx.o(.data)
    .data                                    0x20000028   Section        2  lcd.o(.data)
    .data                                    0x2000002c   Section       72  touch.o(.data)
    .data                                    0x20000074   Section       40  rc522.o(.data)
    .data                                    0x2000009c   Section       12  mpu6050.o(.data)
    .data                                    0x200000a8   Section        4  stdout.o(.data)
    .bss                                     0x200000ac   Section       80  fsmc.o(.bss)
    .bss                                     0x200000fc   Section       88  spi.o(.bss)
    .bss                                     0x20000154   Section      600  usart.o(.bss)
    .bss                                     0x200003ac   Section       72  stm32f4xx_hal_timebase_tim.o(.bss)
    .bss                                     0x200003f4   Section       16  lcd.o(.bss)
    STACK                                    0x20000408   Section     1024  startup_stm32f407xx.o(STACK)

    Global Symbols

    Symbol Name                              Value     Ov Type        Size  Object(Section)

    BuildAttributes$$THM_ISAv4$E$P$D$K$B$S$7EM$VFPi3$EXTD16$VFPS$VFMA$PE$A:L22UL41UL21$X:L11$S22US41US21$IEEE1$IW$USESV6$~STKCKD$USESV7$~SHL$OTIME$ROPI$IEEEX$EBA8$MICROLIB$REQ8$PRES8$EABIv2 0x00000000   Number         0  anon$$obj.o ABSOLUTE
    __ARM_use_no_argv                        0x00000000   Number         0  main.o ABSOLUTE
    _printf_a                                0x00000000   Number         0  stubs.o ABSOLUTE
    _printf_c                                0x00000000   Number         0  stubs.o ABSOLUTE
    _printf_charcount                        0x00000000   Number         0  stubs.o ABSOLUTE
    _printf_d                                0x00000000   Number         0  stubs.o ABSOLUTE
    _printf_e                                0x00000000   Number         0  stubs.o ABSOLUTE
    _printf_f                                0x00000000   Number         0  stubs.o ABSOLUTE
    _printf_flags                            0x00000000   Number         0  stubs.o ABSOLUTE
    _printf_fp_dec                           0x00000000   Number         0  stubs.o ABSOLUTE
    _printf_fp_hex                           0x00000000   Number         0  stubs.o ABSOLUTE
    _printf_g                                0x00000000   Number         0  stubs.o ABSOLUTE
    _printf_i                                0x00000000   Number         0  stubs.o ABSOLUTE
    _printf_int_dec                          0x00000000   Number         0  stubs.o ABSOLUTE
    _printf_l                                0x00000000   Number         0  stubs.o ABSOLUTE
    _printf_lc                               0x00000000   Number         0  stubs.o ABSOLUTE
    _printf_ll                               0x00000000   Number         0  stubs.o ABSOLUTE
    _printf_lld                              0x00000000   Number         0  stubs.o ABSOLUTE
    _printf_lli                              0x00000000   Number         0  stubs.o ABSOLUTE
    _printf_llo                              0x00000000   Number         0  stubs.o ABSOLUTE
    _printf_llu                              0x00000000   Number         0  stubs.o ABSOLUTE
    _printf_llx                              0x00000000   Number         0  stubs.o ABSOLUTE
    _printf_longlong_dec                     0x00000000   Number         0  stubs.o ABSOLUTE
    _printf_longlong_hex                     0x00000000   Number         0  stubs.o ABSOLUTE
    _printf_longlong_oct                     0x00000000   Number         0  stubs.o ABSOLUTE
    _printf_ls                               0x00000000   Number         0  stubs.o ABSOLUTE
    _printf_mbtowc                           0x00000000   Number         0  stubs.o ABSOLUTE
    _printf_n                                0x00000000   Number         0  stubs.o ABSOLUTE
    _printf_o                                0x00000000   Number         0  stubs.o ABSOLUTE
    _printf_p                                0x00000000   Number         0  stubs.o ABSOLUTE
    _printf_percent                          0x00000000   Number         0  stubs.o ABSOLUTE
    _printf_pre_padding                      0x00000000   Number         0  stubs.o ABSOLUTE
    _printf_return_value                     0x00000000   Number         0  stubs.o ABSOLUTE
    _printf_s                                0x00000000   Number         0  stubs.o ABSOLUTE
    _printf_sizespec                         0x00000000   Number         0  stubs.o ABSOLUTE
    _printf_str                              0x00000000   Number         0  stubs.o ABSOLUTE
    _printf_truncate_signed                  0x00000000   Number         0  stubs.o ABSOLUTE
    _printf_truncate_unsigned                0x00000000   Number         0  stubs.o ABSOLUTE
    _printf_u                                0x00000000   Number         0  stubs.o ABSOLUTE
    _printf_wc                               0x00000000   Number         0  stubs.o ABSOLUTE
    _printf_wctomb                           0x00000000   Number         0  stubs.o ABSOLUTE
    _printf_widthprec                        0x00000000   Number         0  stubs.o ABSOLUTE
    _printf_x                                0x00000000   Number         0  stubs.o ABSOLUTE
    __cpp_initialize__aeabi_                  - Undefined Weak Reference
    __cxa_finalize                            - Undefined Weak Reference
    __decompress                              - Undefined Weak Reference
    _clock_init                               - Undefined Weak Reference
    _microlib_exit                            - Undefined Weak Reference
    __Vectors_Size                           0x00000188   Number         0  startup_stm32f407xx.o ABSOLUTE
    __Vectors                                0x08000000   Data           4  startup_stm32f407xx.o(RESET)
    __Vectors_End                            0x08000188   Data           0  startup_stm32f407xx.o(RESET)
    __main                                   0x08000189   Thumb Code     0  entry.o(.ARM.Collect$$$$00000000)
    _main_stk                                0x08000189   Thumb Code     0  entry2.o(.ARM.Collect$$$$00000001)
    _main_scatterload                        0x0800018d   Thumb Code     0  entry5.o(.ARM.Collect$$$$00000004)
    __main_after_scatterload                 0x08000191   Thumb Code     0  entry5.o(.ARM.Collect$$$$00000004)
    _main_clock                              0x08000191   Thumb Code     0  entry7b.o(.ARM.Collect$$$$00000008)
    _main_cpp_init                           0x08000191   Thumb Code     0  entry8b.o(.ARM.Collect$$$$0000000A)
    _main_init                               0x08000191   Thumb Code     0  entry9a.o(.ARM.Collect$$$$0000000B)
    __rt_final_cpp                           0x08000199   Thumb Code     0  entry10a.o(.ARM.Collect$$$$0000000D)
    __rt_final_exit                          0x08000199   Thumb Code     0  entry11a.o(.ARM.Collect$$$$0000000F)
    Reset_Handler                            0x0800019d   Thumb Code     8  startup_stm32f407xx.o(.text)
    ADC_IRQHandler                           0x080001b7   Thumb Code     0  startup_stm32f407xx.o(.text)
    CAN1_RX0_IRQHandler                      0x080001b7   Thumb Code     0  startup_stm32f407xx.o(.text)
    CAN1_RX1_IRQHandler                      0x080001b7   Thumb Code     0  startup_stm32f407xx.o(.text)
    CAN1_SCE_IRQHandler                      0x080001b7   Thumb Code     0  startup_stm32f407xx.o(.text)
    CAN1_TX_IRQHandler                       0x080001b7   Thumb Code     0  startup_stm32f407xx.o(.text)
    CAN2_RX0_IRQHandler                      0x080001b7   Thumb Code     0  startup_stm32f407xx.o(.text)
    CAN2_RX1_IRQHandler                      0x080001b7   Thumb Code     0  startup_stm32f407xx.o(.text)
    CAN2_SCE_IRQHandler                      0x080001b7   Thumb Code     0  startup_stm32f407xx.o(.text)
    CAN2_TX_IRQHandler                       0x080001b7   Thumb Code     0  startup_stm32f407xx.o(.text)
    DCMI_IRQHandler                          0x080001b7   Thumb Code     0  startup_stm32f407xx.o(.text)
    DMA1_Stream0_IRQHandler                  0x080001b7   Thumb Code     0  startup_stm32f407xx.o(.text)
    DMA1_Stream5_IRQHandler                  0x080001b7   Thumb Code     0  startup_stm32f407xx.o(.text)
    DMA1_Stream6_IRQHandler                  0x080001b7   Thumb Code     0  startup_stm32f407xx.o(.text)
    DMA1_Stream7_IRQHandler                  0x080001b7   Thumb Code     0  startup_stm32f407xx.o(.text)
    DMA2_Stream0_IRQHandler                  0x080001b7   Thumb Code     0  startup_stm32f407xx.o(.text)
    DMA2_Stream1_IRQHandler                  0x080001b7   Thumb Code     0  startup_stm32f407xx.o(.text)
    DMA2_Stream2_IRQHandler                  0x080001b7   Thumb Code     0  startup_stm32f407xx.o(.text)
    DMA2_Stream3_IRQHandler                  0x080001b7   Thumb Code     0  startup_stm32f407xx.o(.text)
    DMA2_Stream4_IRQHandler                  0x080001b7   Thumb Code     0  startup_stm32f407xx.o(.text)
    DMA2_Stream5_IRQHandler                  0x080001b7   Thumb Code     0  startup_stm32f407xx.o(.text)
    DMA2_Stream6_IRQHandler                  0x080001b7   Thumb Code     0  startup_stm32f407xx.o(.text)
    DMA2_Stream7_IRQHandler                  0x080001b7   Thumb Code     0  startup_stm32f407xx.o(.text)
    ETH_IRQHandler                           0x080001b7   Thumb Code     0  startup_stm32f407xx.o(.text)
    ETH_WKUP_IRQHandler                      0x080001b7   Thumb Code     0  startup_stm32f407xx.o(.text)
    EXTI0_IRQHandler                         0x080001b7   Thumb Code     0  startup_stm32f407xx.o(.text)
    EXTI1_IRQHandler                         0x080001b7   Thumb Code     0  startup_stm32f407xx.o(.text)
    EXTI2_IRQHandler                         0x080001b7   Thumb Code     0  startup_stm32f407xx.o(.text)
    EXTI3_IRQHandler                         0x080001b7   Thumb Code     0  startup_stm32f407xx.o(.text)
    EXTI4_IRQHandler                         0x080001b7   Thumb Code     0  startup_stm32f407xx.o(.text)
    FLASH_IRQHandler                         0x080001b7   Thumb Code     0  startup_stm32f407xx.o(.text)
    FMC_IRQHandler                           0x080001b7   Thumb Code     0  startup_stm32f407xx.o(.text)
    FPU_IRQHandler                           0x080001b7   Thumb Code     0  startup_stm32f407xx.o(.text)
    HASH_RNG_IRQHandler                      0x080001b7   Thumb Code     0  startup_stm32f407xx.o(.text)
    I2C1_ER_IRQHandler                       0x080001b7   Thumb Code     0  startup_stm32f407xx.o(.text)
    I2C1_EV_IRQHandler                       0x080001b7   Thumb Code     0  startup_stm32f407xx.o(.text)
    I2C2_ER_IRQHandler                       0x080001b7   Thumb Code     0  startup_stm32f407xx.o(.text)
    I2C2_EV_IRQHandler                       0x080001b7   Thumb Code     0  startup_stm32f407xx.o(.text)
    I2C3_ER_IRQHandler                       0x080001b7   Thumb Code     0  startup_stm32f407xx.o(.text)
    I2C3_EV_IRQHandler                       0x080001b7   Thumb Code     0  startup_stm32f407xx.o(.text)
    OTG_FS_IRQHandler                        0x080001b7   Thumb Code     0  startup_stm32f407xx.o(.text)
    OTG_FS_WKUP_IRQHandler                   0x080001b7   Thumb Code     0  startup_stm32f407xx.o(.text)
    OTG_HS_EP1_IN_IRQHandler                 0x080001b7   Thumb Code     0  startup_stm32f407xx.o(.text)
    OTG_HS_EP1_OUT_IRQHandler                0x080001b7   Thumb Code     0  startup_stm32f407xx.o(.text)
    OTG_HS_IRQHandler                        0x080001b7   Thumb Code     0  startup_stm32f407xx.o(.text)
    OTG_HS_WKUP_IRQHandler                   0x080001b7   Thumb Code     0  startup_stm32f407xx.o(.text)
    PVD_IRQHandler                           0x080001b7   Thumb Code     0  startup_stm32f407xx.o(.text)
    RCC_IRQHandler                           0x080001b7   Thumb Code     0  startup_stm32f407xx.o(.text)
    RTC_Alarm_IRQHandler                     0x080001b7   Thumb Code     0  startup_stm32f407xx.o(.text)
    RTC_WKUP_IRQHandler                      0x080001b7   Thumb Code     0  startup_stm32f407xx.o(.text)
    SDIO_IRQHandler                          0x080001b7   Thumb Code     0  startup_stm32f407xx.o(.text)
    SPI1_IRQHandler                          0x080001b7   Thumb Code     0  startup_stm32f407xx.o(.text)
    SPI3_IRQHandler                          0x080001b7   Thumb Code     0  startup_stm32f407xx.o(.text)
    TAMP_STAMP_IRQHandler                    0x080001b7   Thumb Code     0  startup_stm32f407xx.o(.text)
    TIM1_BRK_TIM9_IRQHandler                 0x080001b7   Thumb Code     0  startup_stm32f407xx.o(.text)
    TIM1_CC_IRQHandler                       0x080001b7   Thumb Code     0  startup_stm32f407xx.o(.text)
    TIM1_TRG_COM_TIM11_IRQHandler            0x080001b7   Thumb Code     0  startup_stm32f407xx.o(.text)
    TIM1_UP_TIM10_IRQHandler                 0x080001b7   Thumb Code     0  startup_stm32f407xx.o(.text)
    TIM2_IRQHandler                          0x080001b7   Thumb Code     0  startup_stm32f407xx.o(.text)
    TIM3_IRQHandler                          0x080001b7   Thumb Code     0  startup_stm32f407xx.o(.text)
    TIM5_IRQHandler                          0x080001b7   Thumb Code     0  startup_stm32f407xx.o(.text)
    TIM6_DAC_IRQHandler                      0x080001b7   Thumb Code     0  startup_stm32f407xx.o(.text)
    TIM7_IRQHandler                          0x080001b7   Thumb Code     0  startup_stm32f407xx.o(.text)
    TIM8_BRK_TIM12_IRQHandler                0x080001b7   Thumb Code     0  startup_stm32f407xx.o(.text)
    TIM8_CC_IRQHandler                       0x080001b7   Thumb Code     0  startup_stm32f407xx.o(.text)
    TIM8_TRG_COM_TIM14_IRQHandler            0x080001b7   Thumb Code     0  startup_stm32f407xx.o(.text)
    TIM8_UP_TIM13_IRQHandler                 0x080001b7   Thumb Code     0  startup_stm32f407xx.o(.text)
    UART5_IRQHandler                         0x080001b7   Thumb Code     0  startup_stm32f407xx.o(.text)
    USART2_IRQHandler                        0x080001b7   Thumb Code     0  startup_stm32f407xx.o(.text)
    USART6_IRQHandler                        0x080001b7   Thumb Code     0  startup_stm32f407xx.o(.text)
    WWDG_IRQHandler                          0x080001b7   Thumb Code     0  startup_stm32f407xx.o(.text)
    __aeabi_uldivmod                         0x080001c1   Thumb Code    98  uldiv.o(.text)
    __aeabi_memset                           0x08000223   Thumb Code    14  memseta.o(.text)
    __aeabi_memset4                          0x08000223   Thumb Code     0  memseta.o(.text)
    __aeabi_memset8                          0x08000223   Thumb Code     0  memseta.o(.text)
    __aeabi_memclr                           0x08000231   Thumb Code     4  memseta.o(.text)
    __aeabi_memclr4                          0x08000231   Thumb Code     0  memseta.o(.text)
    __aeabi_memclr8                          0x08000231   Thumb Code     0  memseta.o(.text)
    _memset$wrapper                          0x08000235   Thumb Code    18  memseta.o(.text)
    __aeabi_dadd                             0x08000247   Thumb Code   322  dadd.o(.text)
    __aeabi_dsub                             0x08000389   Thumb Code     6  dadd.o(.text)
    __aeabi_drsub                            0x0800038f   Thumb Code     6  dadd.o(.text)
    __aeabi_dmul                             0x08000395   Thumb Code   228  dmul.o(.text)
    __aeabi_ddiv                             0x08000479   Thumb Code   222  ddiv.o(.text)
    __aeabi_i2d                              0x08000557   Thumb Code    34  dflti.o(.text)
    __aeabi_cdcmpeq                          0x08000579   Thumb Code     0  cdcmple.o(.text)
    __aeabi_cdcmple                          0x08000579   Thumb Code    48  cdcmple.o(.text)
    __aeabi_cdrcmple                         0x080005a9   Thumb Code    48  cdrcmple.o(.text)
    __aeabi_uidiv                            0x080005d9   Thumb Code     0  uidiv.o(.text)
    __aeabi_uidivmod                         0x080005d9   Thumb Code    44  uidiv.o(.text)
    __aeabi_llsl                             0x08000605   Thumb Code    30  llshl.o(.text)
    _ll_shift_l                              0x08000605   Thumb Code     0  llshl.o(.text)
    __aeabi_llsr                             0x08000623   Thumb Code    32  llushr.o(.text)
    _ll_ushift_r                             0x08000623   Thumb Code     0  llushr.o(.text)
    __aeabi_lasr                             0x08000643   Thumb Code    36  llsshr.o(.text)
    _ll_sshift_r                             0x08000643   Thumb Code     0  llsshr.o(.text)
    __I$use$fp                               0x08000667   Thumb Code     0  iusefp.o(.text)
    _double_round                            0x08000667   Thumb Code    30  depilogue.o(.text)
    _double_epilogue                         0x08000685   Thumb Code   156  depilogue.o(.text)
    __aeabi_d2ulz                            0x08000721   Thumb Code    48  dfixul.o(.text)
    __scatterload                            0x08000751   Thumb Code    28  init.o(.text)
    __scatterload_rt2                        0x08000751   Thumb Code     0  init.o(.text)
    AT24Cxx_Init                             0x08000775   Thumb Code    28  24cxx.o(i.AT24Cxx_Init)
    AT24Cxx_Read                             0x08000799   Thumb Code    32  24cxx.o(i.AT24Cxx_Read)
    AT24Cxx_Read_One_Byte                    0x080007b9   Thumb Code    84  24cxx.o(i.AT24Cxx_Read_One_Byte)
    AT24Cxx_Write                            0x08000811   Thumb Code    32  24cxx.o(i.AT24Cxx_Write)
    AT24Cxx_Write_One_Byte                   0x08000831   Thumb Code    78  24cxx.o(i.AT24Cxx_Write_One_Byte)
    BusFault_Handler                         0x08000885   Thumb Code     2  stm32f4xx_it.o(i.BusFault_Handler)
    DMA1_Stream1_IRQHandler                  0x08000889   Thumb Code     6  stm32f4xx_it.o(i.DMA1_Stream1_IRQHandler)
    DMA1_Stream2_IRQHandler                  0x08000895   Thumb Code     6  stm32f4xx_it.o(i.DMA1_Stream2_IRQHandler)
    DMA1_Stream3_IRQHandler                  0x080008a1   Thumb Code     6  stm32f4xx_it.o(i.DMA1_Stream3_IRQHandler)
    DMA1_Stream4_IRQHandler                  0x080008ad   Thumb Code     6  stm32f4xx_it.o(i.DMA1_Stream4_IRQHandler)
    DebugMon_Handler                         0x08000935   Thumb Code     2  stm32f4xx_it.o(i.DebugMon_Handler)
    Delay_ms                                 0x08000937   Thumb Code    26  delay.o(i.Delay_ms)
    Delay_us                                 0x08000951   Thumb Code    52  delay.o(i.Delay_us)
    EXTI15_10_IRQHandler                     0x08000989   Thumb Code    22  stm32f4xx_it.o(i.EXTI15_10_IRQHandler)
    EXTI9_5_IRQHandler                       0x080009a1   Thumb Code    12  stm32f4xx_it.o(i.EXTI9_5_IRQHandler)
    Error_Handler                            0x080009b1   Thumb Code     4  main.o(i.Error_Handler)
    FSMC_NORSRAM_Extended_Timing_Init        0x080009b5   Thumb Code    56  stm32f4xx_ll_fsmc.o(i.FSMC_NORSRAM_Extended_Timing_Init)
    FSMC_NORSRAM_Init                        0x080009f1   Thumb Code    98  stm32f4xx_ll_fsmc.o(i.FSMC_NORSRAM_Init)
    FSMC_NORSRAM_Timing_Init                 0x08000a59   Thumb Code    64  stm32f4xx_ll_fsmc.o(i.FSMC_NORSRAM_Timing_Init)
    GUI_Circle                               0x08000a9d   Thumb Code   132  gui.o(i.GUI_Circle)
    GUI_DrawPoint                            0x08000b21   Thumb Code    18  gui.o(i.GUI_DrawPoint)
    HAL_DMA_Abort                            0x08000b33   Thumb Code   146  stm32f4xx_hal_dma.o(i.HAL_DMA_Abort)
    HAL_DMA_Abort_IT                         0x08000bc5   Thumb Code    36  stm32f4xx_hal_dma.o(i.HAL_DMA_Abort_IT)
    HAL_DMA_IRQHandler                       0x08000be9   Thumb Code   412  stm32f4xx_hal_dma.o(i.HAL_DMA_IRQHandler)
    HAL_DMA_Init                             0x08000d89   Thumb Code   206  stm32f4xx_hal_dma.o(i.HAL_DMA_Init)
    HAL_GPIO_EXTI_Callback                   0x08000ee9   Thumb Code    70  key.o(i.HAL_GPIO_EXTI_Callback)
    HAL_GPIO_EXTI_IRQHandler                 0x08000f39   Thumb Code    18  stm32f4xx_hal_gpio.o(i.HAL_GPIO_EXTI_IRQHandler)
    HAL_GPIO_Init                            0x08000f51   Thumb Code   418  stm32f4xx_hal_gpio.o(i.HAL_GPIO_Init)
    HAL_GPIO_ReadPin                         0x08001121   Thumb Code    10  stm32f4xx_hal_gpio.o(i.HAL_GPIO_ReadPin)
    HAL_GPIO_TogglePin                       0x0800112b   Thumb Code    16  stm32f4xx_hal_gpio.o(i.HAL_GPIO_TogglePin)
    HAL_GPIO_WritePin                        0x0800113b   Thumb Code    10  stm32f4xx_hal_gpio.o(i.HAL_GPIO_WritePin)
    HAL_GetTick                              0x08001145   Thumb Code     6  stm32f4xx_hal.o(i.HAL_GetTick)
    HAL_IncTick                              0x08001151   Thumb Code    12  stm32f4xx_hal.o(i.HAL_IncTick)
    HAL_Init                                 0x08001161   Thumb Code    48  stm32f4xx_hal.o(i.HAL_Init)
    HAL_InitTick                             0x08001195   Thumb Code   132  stm32f4xx_hal_timebase_tim.o(i.HAL_InitTick)
    HAL_MspInit                              0x0800122d   Thumb Code    42  stm32f4xx_hal_msp.o(i.HAL_MspInit)
    HAL_NVIC_EnableIRQ                       0x0800125d   Thumb Code    26  stm32f4xx_hal_cortex.o(i.HAL_NVIC_EnableIRQ)
    HAL_NVIC_SetPriority                     0x08001279   Thumb Code    60  stm32f4xx_hal_cortex.o(i.HAL_NVIC_SetPriority)
    HAL_NVIC_SetPriorityGrouping             0x080012b9   Thumb Code    26  stm32f4xx_hal_cortex.o(i.HAL_NVIC_SetPriorityGrouping)
    HAL_RCC_ClockConfig                      0x080012dd   Thumb Code   288  stm32f4xx_hal_rcc.o(i.HAL_RCC_ClockConfig)
    HAL_RCC_GetClockConfig                   0x08001411   Thumb Code    54  stm32f4xx_hal_rcc.o(i.HAL_RCC_GetClockConfig)
    HAL_RCC_GetPCLK1Freq                     0x08001451   Thumb Code    20  stm32f4xx_hal_rcc.o(i.HAL_RCC_GetPCLK1Freq)
    HAL_RCC_GetPCLK2Freq                     0x08001471   Thumb Code    20  stm32f4xx_hal_rcc.o(i.HAL_RCC_GetPCLK2Freq)
    HAL_RCC_GetSysClockFreq                  0x08001491   Thumb Code    88  stm32f4xx_hal_rcc.o(i.HAL_RCC_GetSysClockFreq)
    HAL_RCC_OscConfig                        0x080014f1   Thumb Code   836  stm32f4xx_hal_rcc.o(i.HAL_RCC_OscConfig)
    HAL_SPI_ErrorCallback                    0x08001849   Thumb Code     2  stm32f4xx_hal_spi.o(i.HAL_SPI_ErrorCallback)
    HAL_SPI_IRQHandler                       0x0800184d   Thumb Code   246  stm32f4xx_hal_spi.o(i.HAL_SPI_IRQHandler)
    HAL_SPI_Init                             0x08001949   Thumb Code   188  stm32f4xx_hal_spi.o(i.HAL_SPI_Init)
    HAL_SPI_MspInit                          0x08001a05   Thumb Code   144  spi.o(i.HAL_SPI_MspInit)
    HAL_SPI_TransmitReceive                  0x08001aa5   Thumb Code   486  stm32f4xx_hal_spi.o(i.HAL_SPI_TransmitReceive)
    HAL_SRAM_Init                            0x08001c8b   Thumb Code    92  stm32f4xx_hal_sram.o(i.HAL_SRAM_Init)
    HAL_SRAM_MspInit                         0x08001ce7   Thumb Code     4  fsmc.o(i.HAL_SRAM_MspInit)
    HAL_TIMEx_BreakCallback                  0x08001ceb   Thumb Code     2  stm32f4xx_hal_tim_ex.o(i.HAL_TIMEx_BreakCallback)
    HAL_TIMEx_CommutCallback                 0x08001ced   Thumb Code     2  stm32f4xx_hal_tim_ex.o(i.HAL_TIMEx_CommutCallback)
    HAL_TIM_Base_Init                        0x08001cef   Thumb Code    90  stm32f4xx_hal_tim.o(i.HAL_TIM_Base_Init)
    HAL_TIM_Base_MspInit                     0x08001d49   Thumb Code     2  stm32f4xx_hal_tim.o(i.HAL_TIM_Base_MspInit)
    HAL_TIM_Base_Start_IT                    0x08001d4d   Thumb Code   100  stm32f4xx_hal_tim.o(i.HAL_TIM_Base_Start_IT)
    HAL_TIM_IC_CaptureCallback               0x08001dcd   Thumb Code     2  stm32f4xx_hal_tim.o(i.HAL_TIM_IC_CaptureCallback)
    HAL_TIM_IRQHandler                       0x08001dcf   Thumb Code   304  stm32f4xx_hal_tim.o(i.HAL_TIM_IRQHandler)
    HAL_TIM_OC_DelayElapsedCallback          0x08001eff   Thumb Code     2  stm32f4xx_hal_tim.o(i.HAL_TIM_OC_DelayElapsedCallback)
    HAL_TIM_PWM_PulseFinishedCallback        0x08001f01   Thumb Code     2  stm32f4xx_hal_tim.o(i.HAL_TIM_PWM_PulseFinishedCallback)
    HAL_TIM_PeriodElapsedCallback            0x08001f05   Thumb Code    14  main.o(i.HAL_TIM_PeriodElapsedCallback)
    HAL_TIM_TriggerCallback                  0x08001f19   Thumb Code     2  stm32f4xx_hal_tim.o(i.HAL_TIM_TriggerCallback)
    HAL_UARTEx_RxEventCallback               0x08001f1b   Thumb Code     2  stm32f4xx_hal_uart.o(i.HAL_UARTEx_RxEventCallback)
    HAL_UART_ErrorCallback                   0x08001f1d   Thumb Code     2  stm32f4xx_hal_uart.o(i.HAL_UART_ErrorCallback)
    HAL_UART_IRQHandler                      0x08001f21   Thumb Code   618  stm32f4xx_hal_uart.o(i.HAL_UART_IRQHandler)
    HAL_UART_Init                            0x08002191   Thumb Code   100  stm32f4xx_hal_uart.o(i.HAL_UART_Init)
    HAL_UART_MspInit                         0x080021f5   Thumb Code   460  usart.o(i.HAL_UART_MspInit)
    HAL_UART_RxCpltCallback                  0x080023e5   Thumb Code     2  stm32f4xx_hal_uart.o(i.HAL_UART_RxCpltCallback)
    HAL_UART_Transmit                        0x080023e7   Thumb Code   160  stm32f4xx_hal_uart.o(i.HAL_UART_Transmit)
    HAL_UART_TxCpltCallback                  0x08002487   Thumb Code     2  stm32f4xx_hal_uart.o(i.HAL_UART_TxCpltCallback)
    HardFault_Handler                        0x08002489   Thumb Code     2  stm32f4xx_it.o(i.HardFault_Handler)
    IIC_Init                                 0x0800248b   Thumb Code    52  iic_hal.o(i.IIC_Init)
    IIC_Read_Byte                            0x080024bf   Thumb Code    84  iic_hal.o(i.IIC_Read_Byte)
    IIC_Send_Byte                            0x08002513   Thumb Code    86  iic_hal.o(i.IIC_Send_Byte)
    IIC_Send_NotAck                          0x08002569   Thumb Code    48  iic_hal.o(i.IIC_Send_NotAck)
    IIC_Start                                0x08002599   Thumb Code    62  iic_hal.o(i.IIC_Start)
    IIC_Stop                                 0x080025d7   Thumb Code    62  iic_hal.o(i.IIC_Stop)
    IIC_Wait_Ack                             0x08002615   Thumb Code    82  iic_hal.o(i.IIC_Wait_Ack)
    LCD_Clear                                0x08002669   Thumb Code    46  lcd.o(i.LCD_Clear)
    LCD_DrawLine                             0x080026a1   Thumb Code   150  gui.o(i.LCD_DrawLine)
    LCD_DrawPoint                            0x08002739   Thumb Code    16  lcd.o(i.LCD_DrawPoint)
    LCD_Fill                                 0x08002751   Thumb Code    80  gui.o(i.LCD_Fill)
    LCD_Init                                 0x080027a5   Thumb Code   392  lcd.o(i.LCD_Init)
    LCD_SetCursor                            0x08002935   Thumb Code     8  lcd.o(i.LCD_SetCursor)
    LCD_SetWindows                           0x0800293d   Thumb Code    54  lcd.o(i.LCD_SetWindows)
    LCD_ShowChar                             0x0800297d   Thumb Code   248  gui.o(i.LCD_ShowChar)
    LCD_ShowString2                          0x08002a85   Thumb Code    88  gui.o(i.LCD_ShowString2)
    LCD_WriteRAM_Prepare                     0x08002add   Thumb Code    10  lcd.o(i.LCD_WriteRAM_Prepare)
    LCD_WriteReg                             0x08002af1   Thumb Code    10  lcd.o(i.LCD_WriteReg)
    LCD_direction                            0x08002b01   Thumb Code    76  lcd.o(i.LCD_direction)
    Lcd_WriteData_16Bit                      0x08002b51   Thumb Code     6  lcd.o(i.Lcd_WriteData_16Bit)
    MFRC_ClrBitMask                          0x08002b5d   Thumb Code    24  rc522.o(i.MFRC_ClrBitMask)
    MFRC_Init                                0x08002b75   Thumb Code    28  rc522.o(i.MFRC_Init)
    MFRC_ReadReg                             0x08002b95   Thumb Code    52  rc522.o(i.MFRC_ReadReg)
    MFRC_SetBitMask                          0x08002bcd   Thumb Code    24  rc522.o(i.MFRC_SetBitMask)
    MFRC_WriteReg                            0x08002be5   Thumb Code    48  rc522.o(i.MFRC_WriteReg)
    MPU_Bus_Init                             0x08002c19   Thumb Code    28  mpu6050.o(i.MPU_Bus_Init)
    MPU_INT_Pin_Init                         0x08002c3d   Thumb Code    72  mpu6050.o(i.MPU_INT_Pin_Init)
    MPU_Init                                 0x08002c8d   Thumb Code   126  mpu6050.o(i.MPU_Init)
    MPU_Motion_Init                          0x08002d0b   Thumb Code    38  mpu6050.o(i.MPU_Motion_Init)
    MPU_Read_Byte                            0x08002d31   Thumb Code    82  mpu6050.o(i.MPU_Read_Byte)
    MPU_Set_Accel_Fsr                        0x08002d89   Thumb Code    10  mpu6050.o(i.MPU_Set_Accel_Fsr)
    MPU_Set_Gyro_Fsr                         0x08002d93   Thumb Code    10  mpu6050.o(i.MPU_Set_Gyro_Fsr)
    MPU_Set_LPF                              0x08002d9d   Thumb Code    48  mpu6050.o(i.MPU_Set_LPF)
    MPU_Set_Rate                             0x08002dcd   Thumb Code    46  mpu6050.o(i.MPU_Set_Rate)
    MPU_Write_Byte                           0x08002dfd   Thumb Code    78  mpu6050.o(i.MPU_Write_Byte)
    MX_DMA_Init                              0x08002e51   Thumb Code    88  dma.o(i.MX_DMA_Init)
    MX_FSMC_Init                             0x08002ead   Thumb Code   128  fsmc.o(i.MX_FSMC_Init)
    MX_GPIO_Init                             0x08002f35   Thumb Code   414  gpio.o(i.MX_GPIO_Init)
    MX_SPI2_Init                             0x080030f5   Thumb Code    62  spi.o(i.MX_SPI2_Init)
    MX_UART4_Init                            0x0800313d   Thumb Code    48  usart.o(i.MX_UART4_Init)
    MX_USART1_UART_Init                      0x08003175   Thumb Code    48  usart.o(i.MX_USART1_UART_Init)
    MX_USART3_UART_Init                      0x080031ad   Thumb Code    48  usart.o(i.MX_USART3_UART_Init)
    MemManage_Handler                        0x080031e5   Thumb Code     2  stm32f4xx_it.o(i.MemManage_Handler)
    NMI_Handler                              0x080031e7   Thumb Code     2  stm32f4xx_it.o(i.NMI_Handler)
    PCD_AntennaOff                           0x080031e9   Thumb Code     8  rc522.o(i.PCD_AntennaOff)
    PCD_AntennaOn                            0x080031f1   Thumb Code    26  rc522.o(i.PCD_AntennaOn)
    PCD_Init_RST                             0x0800320b   Thumb Code    14  rc522.o(i.PCD_Init_RST)
    PCD_Reset                                0x08003219   Thumb Code   132  rc522.o(i.PCD_Reset)
    PendSV_Handler                           0x080032a1   Thumb Code     2  stm32f4xx_it.o(i.PendSV_Handler)
    SCL_Output                               0x080032a3   Thumb Code    18  iic_hal.o(i.SCL_Output)
    SDA_Input                                0x080032b5   Thumb Code    18  iic_hal.o(i.SDA_Input)
    SDA_Input_Mode                           0x080032c7   Thumb Code    42  iic_hal.o(i.SDA_Input_Mode)
    SDA_Output                               0x080032f1   Thumb Code    18  iic_hal.o(i.SDA_Output)
    SDA_Output_Mode                          0x08003303   Thumb Code    42  iic_hal.o(i.SDA_Output_Mode)
    SPI2_IRQHandler                          0x0800332d   Thumb Code     6  stm32f4xx_it.o(i.SPI2_IRQHandler)
    SPI2_RW_Byte                             0x08003339   Thumb Code    26  rc522.o(i.SPI2_RW_Byte)
    SVC_Handler                              0x08003491   Thumb Code     2  stm32f4xx_it.o(i.SVC_Handler)
    SysTick_Handler                          0x08003493   Thumb Code     2  stm32f4xx_it.o(i.SysTick_Handler)
    SystemClock_Config                       0x08003495   Thumb Code   140  main.o(i.SystemClock_Config)
    SystemInit                               0x08003529   Thumb Code    12  system_stm32f4xx.o(i.SystemInit)
    TIM4_IRQHandler                          0x08003539   Thumb Code     6  stm32f4xx_it.o(i.TIM4_IRQHandler)
    TIM_Base_SetConfig                       0x08003545   Thumb Code   170  stm32f4xx_hal_tim.o(i.TIM_Base_SetConfig)
    UART4_IRQHandler                         0x0800361d   Thumb Code     6  stm32f4xx_it.o(i.UART4_IRQHandler)
    USART1_IRQHandler                        0x080038c5   Thumb Code     6  stm32f4xx_it.o(i.USART1_IRQHandler)
    USART3_IRQHandler                        0x080038d1   Thumb Code     6  stm32f4xx_it.o(i.USART3_IRQHandler)
    UsageFault_Handler                       0x080038dd   Thumb Code     2  stm32f4xx_it.o(i.UsageFault_Handler)
    __0fprintf                               0x080038e1   Thumb Code    22  printfa.o(i.__0fprintf)
    __1fprintf                               0x080038e1   Thumb Code     0  printfa.o(i.__0fprintf)
    __2fprintf                               0x080038e1   Thumb Code     0  printfa.o(i.__0fprintf)
    __c89fprintf                             0x080038e1   Thumb Code     0  printfa.o(i.__0fprintf)
    fprintf                                  0x080038e1   Thumb Code     0  printfa.o(i.__0fprintf)
    __0printf                                0x080038fd   Thumb Code    22  printfa.o(i.__0printf)
    __1printf                                0x080038fd   Thumb Code     0  printfa.o(i.__0printf)
    __2printf                                0x080038fd   Thumb Code     0  printfa.o(i.__0printf)
    __c89printf                              0x080038fd   Thumb Code     0  printfa.o(i.__0printf)
    printf                                   0x080038fd   Thumb Code     0  printfa.o(i.__0printf)
    __0sprintf                               0x0800391d   Thumb Code    34  printfa.o(i.__0sprintf)
    __1sprintf                               0x0800391d   Thumb Code     0  printfa.o(i.__0sprintf)
    __2sprintf                               0x0800391d   Thumb Code     0  printfa.o(i.__0sprintf)
    __c89sprintf                             0x0800391d   Thumb Code     0  printfa.o(i.__0sprintf)
    sprintf                                  0x0800391d   Thumb Code     0  printfa.o(i.__0sprintf)
    __0vfprintf                              0x08003945   Thumb Code    20  printfa.o(i.__0vfprintf)
    __1vfprintf                              0x08003945   Thumb Code     0  printfa.o(i.__0vfprintf)
    __2vfprintf                              0x08003945   Thumb Code     0  printfa.o(i.__0vfprintf)
    __c89vfprintf                            0x08003945   Thumb Code     0  printfa.o(i.__0vfprintf)
    vfprintf                                 0x08003945   Thumb Code     0  printfa.o(i.__0vfprintf)
    __scatterload_copy                       0x0800397d   Thumb Code    14  handlers.o(i.__scatterload_copy)
    __scatterload_null                       0x0800398b   Thumb Code     2  handlers.o(i.__scatterload_null)
    __scatterload_zeroinit                   0x0800398d   Thumb Code    14  handlers.o(i.__scatterload_zeroinit)
    _draw_circle_8                           0x0800399b   Thumb Code   152  gui.o(i._draw_circle_8)
    fputc                                    0x080042f1   Thumb Code    20  uart_redefine.o(i.fputc)
    led_init                                 0x08004309   Thumb Code    98  led.o(i.led_init)
    log_info                                 0x08004375   Thumb Code    36  log.o(i.log_info)
    main                                     0x080043a5   Thumb Code    98  main.o(i.main)
    tp_adjust                                0x08004441   Thumb Code   764  touch.o(i.tp_adjust)
    tp_get_adjust_data                       0x08004919   Thumb Code    30  touch.o(i.tp_get_adjust_data)
    tp_init                                  0x0800493d   Thumb Code    54  touch.o(i.tp_init)
    tp_save_adjust_data                      0x08004b71   Thumb Code    24  touch.o(i.tp_save_adjust_data)
    tp_scan                                  0x08004b8d   Thumb Code   200  touch.o(i.tp_scan)
    AHBPrescTable                            0x08004c68   Data          16  system_stm32f4xx.o(.constdata)
    APBPrescTable                            0x08004c78   Data           8  system_stm32f4xx.o(.constdata)
    asc2_1206                                0x08004c80   Data        1140  gui.o(.constdata)
    asc2_1608                                0x080050f4   Data        1520  gui.o(.constdata)
    tfont16                                  0x080056e4   Data        2244  gui.o(.constdata)
    tfont24                                  0x08005fa8   Data         518  gui.o(.constdata)
    tfont32                                  0x080061ae   Data         520  gui.o(.constdata)
    Region$$Table$$Base                      0x080063b8   Number         0  anon$$obj.o(Region$$Table)
    Region$$Table$$Limit                     0x080063d8   Number         0  anon$$obj.o(Region$$Table)
    HardInt_mpu_flag                         0x20000008   Data           1  stm32f4xx_it.o(.data)
    uwTickFreq                               0x2000000c   Data           1  stm32f4xx_hal.o(.data)
    uwTickPrio                               0x20000010   Data           4  stm32f4xx_hal.o(.data)
    uwTick                                   0x20000014   Data           4  stm32f4xx_hal.o(.data)
    SystemCoreClock                          0x20000018   Data           4  system_stm32f4xx.o(.data)
    AT24CXX_Bus                              0x2000001c   Data          12  24cxx.o(.data)
    POINT_COLOR                              0x20000028   Data           2  lcd.o(.data)
    tp_dev                                   0x2000002c   Data          72  touch.o(.data)
    RC522handle                              0x20000074   Data          40  rc522.o(.data)
    MPU_bus                                  0x2000009c   Data          12  mpu6050.o(.data)
    __stdout                                 0x200000a8   Data           4  stdout.o(.data)
    hsram1                                   0x200000ac   Data          80  fsmc.o(.bss)
    hspi2                                    0x200000fc   Data          88  spi.o(.bss)
    huart4                                   0x20000154   Data          72  usart.o(.bss)
    huart1                                   0x2000019c   Data          72  usart.o(.bss)
    huart3                                   0x200001e4   Data          72  usart.o(.bss)
    hdma_uart4_rx                            0x2000022c   Data          96  usart.o(.bss)
    hdma_uart4_tx                            0x2000028c   Data          96  usart.o(.bss)
    hdma_usart3_tx                           0x200002ec   Data          96  usart.o(.bss)
    hdma_usart3_rx                           0x2000034c   Data          96  usart.o(.bss)
    htim4                                    0x200003ac   Data          72  stm32f4xx_hal_timebase_tim.o(.bss)
    lcddev                                   0x200003f4   Data          16  lcd.o(.bss)
    __initial_sp                             0x20000808   Data           0  startup_stm32f407xx.o(STACK)



==============================================================================

Memory Map of the image

  Image Entry point : 0x08000189

  Load Region LR_IROM1 (Base: 0x08000000, Size: 0x00006484, Max: 0x00100000, ABSOLUTE)

    Execution Region ER_IROM1 (Exec base: 0x08000000, Load base: 0x08000000, Size: 0x000063d8, Max: 0x00100000, ABSOLUTE)

    Exec Addr    Load Addr    Size         Type   Attr      Idx    E Section Name        Object

    0x08000000   0x08000000   0x00000188   Data   RO            3    RESET               startup_stm32f407xx.o
    0x08000188   0x08000188   0x00000000   Code   RO         5473  * .ARM.Collect$$$$00000000  mc_w.l(entry.o)
    0x08000188   0x08000188   0x00000004   Code   RO         5835    .ARM.Collect$$$$00000001  mc_w.l(entry2.o)
    0x0800018c   0x0800018c   0x00000004   Code   RO         5838    .ARM.Collect$$$$00000004  mc_w.l(entry5.o)
    0x08000190   0x08000190   0x00000000   Code   RO         5840    .ARM.Collect$$$$00000008  mc_w.l(entry7b.o)
    0x08000190   0x08000190   0x00000000   Code   RO         5842    .ARM.Collect$$$$0000000A  mc_w.l(entry8b.o)
    0x08000190   0x08000190   0x00000008   Code   RO         5843    .ARM.Collect$$$$0000000B  mc_w.l(entry9a.o)
    0x08000198   0x08000198   0x00000000   Code   RO         5845    .ARM.Collect$$$$0000000D  mc_w.l(entry10a.o)
    0x08000198   0x08000198   0x00000000   Code   RO         5847    .ARM.Collect$$$$0000000F  mc_w.l(entry11a.o)
    0x08000198   0x08000198   0x00000004   Code   RO         5836    .ARM.Collect$$$$00002712  mc_w.l(entry2.o)
    0x0800019c   0x0800019c   0x00000024   Code   RO            4    .text               startup_stm32f407xx.o
    0x080001c0   0x080001c0   0x00000062   Code   RO         5477    .text               mc_w.l(uldiv.o)
    0x08000222   0x08000222   0x00000024   Code   RO         5481    .text               mc_w.l(memseta.o)
    0x08000246   0x08000246   0x0000014e   Code   RO         5750    .text               mf_w.l(dadd.o)
    0x08000394   0x08000394   0x000000e4   Code   RO         5752    .text               mf_w.l(dmul.o)
    0x08000478   0x08000478   0x000000de   Code   RO         5754    .text               mf_w.l(ddiv.o)
    0x08000556   0x08000556   0x00000022   Code   RO         5758    .text               mf_w.l(dflti.o)
    0x08000578   0x08000578   0x00000030   Code   RO         5762    .text               mf_w.l(cdcmple.o)
    0x080005a8   0x080005a8   0x00000030   Code   RO         5764    .text               mf_w.l(cdrcmple.o)
    0x080005d8   0x080005d8   0x0000002c   Code   RO         5849    .text               mc_w.l(uidiv.o)
    0x08000604   0x08000604   0x0000001e   Code   RO         5851    .text               mc_w.l(llshl.o)
    0x08000622   0x08000622   0x00000020   Code   RO         5853    .text               mc_w.l(llushr.o)
    0x08000642   0x08000642   0x00000024   Code   RO         5855    .text               mc_w.l(llsshr.o)
    0x08000666   0x08000666   0x00000000   Code   RO         5864    .text               mc_w.l(iusefp.o)
    0x08000666   0x08000666   0x000000ba   Code   RO         5867    .text               mf_w.l(depilogue.o)
    0x08000720   0x08000720   0x00000030   Code   RO         5869    .text               mf_w.l(dfixul.o)
    0x08000750   0x08000750   0x00000024   Code   RO         5871    .text               mc_w.l(init.o)
    0x08000774   0x08000774   0x00000024   Code   RO         4031    i.AT24Cxx_Init      24cxx.o
    0x08000798   0x08000798   0x00000020   Code   RO         4032    i.AT24Cxx_Read      24cxx.o
    0x080007b8   0x080007b8   0x00000058   Code   RO         4033    i.AT24Cxx_Read_One_Byte  24cxx.o
    0x08000810   0x08000810   0x00000020   Code   RO         4034    i.AT24Cxx_Write     24cxx.o
    0x08000830   0x08000830   0x00000054   Code   RO         4035    i.AT24Cxx_Write_One_Byte  24cxx.o
    0x08000884   0x08000884   0x00000002   Code   RO          426    i.BusFault_Handler  stm32f4xx_it.o
    0x08000886   0x08000886   0x00000002   PAD
    0x08000888   0x08000888   0x0000000c   Code   RO          427    i.DMA1_Stream1_IRQHandler  stm32f4xx_it.o
    0x08000894   0x08000894   0x0000000c   Code   RO          428    i.DMA1_Stream2_IRQHandler  stm32f4xx_it.o
    0x080008a0   0x080008a0   0x0000000c   Code   RO          429    i.DMA1_Stream3_IRQHandler  stm32f4xx_it.o
    0x080008ac   0x080008ac   0x0000000c   Code   RO          430    i.DMA1_Stream4_IRQHandler  stm32f4xx_it.o
    0x080008b8   0x080008b8   0x00000028   Code   RO         1219    i.DMA_CalcBaseAndBitshift  stm32f4xx_hal_dma.o
    0x080008e0   0x080008e0   0x00000054   Code   RO         1220    i.DMA_CheckFifoParam  stm32f4xx_hal_dma.o
    0x08000934   0x08000934   0x00000002   Code   RO          431    i.DebugMon_Handler  stm32f4xx_it.o
    0x08000936   0x08000936   0x0000001a   Code   RO         3741    i.Delay_ms          delay.o
    0x08000950   0x08000950   0x00000038   Code   RO         3743    i.Delay_us          delay.o
    0x08000988   0x08000988   0x00000016   Code   RO          432    i.EXTI15_10_IRQHandler  stm32f4xx_it.o
    0x0800099e   0x0800099e   0x00000002   PAD
    0x080009a0   0x080009a0   0x00000010   Code   RO          433    i.EXTI9_5_IRQHandler  stm32f4xx_it.o
    0x080009b0   0x080009b0   0x00000004   Code   RO           13    i.Error_Handler     main.o
    0x080009b4   0x080009b4   0x0000003c   Code   RO          642    i.FSMC_NORSRAM_Extended_Timing_Init  stm32f4xx_ll_fsmc.o
    0x080009f0   0x080009f0   0x00000068   Code   RO          643    i.FSMC_NORSRAM_Init  stm32f4xx_ll_fsmc.o
    0x08000a58   0x08000a58   0x00000044   Code   RO          644    i.FSMC_NORSRAM_Timing_Init  stm32f4xx_ll_fsmc.o
    0x08000a9c   0x08000a9c   0x00000084   Code   RO         4221    i.GUI_Circle        gui.o
    0x08000b20   0x08000b20   0x00000012   Code   RO         4225    i.GUI_DrawPoint     gui.o
    0x08000b32   0x08000b32   0x00000092   Code   RO         1222    i.HAL_DMA_Abort     stm32f4xx_hal_dma.o
    0x08000bc4   0x08000bc4   0x00000024   Code   RO         1223    i.HAL_DMA_Abort_IT  stm32f4xx_hal_dma.o
    0x08000be8   0x08000be8   0x000001a0   Code   RO         1227    i.HAL_DMA_IRQHandler  stm32f4xx_hal_dma.o
    0x08000d88   0x08000d88   0x000000d4   Code   RO         1228    i.HAL_DMA_Init      stm32f4xx_hal_dma.o
    0x08000e5c   0x08000e5c   0x0000008c   Code   RO          282    i.HAL_FSMC_MspInit  fsmc.o
    0x08000ee8   0x08000ee8   0x00000050   Code   RO         5335    i.HAL_GPIO_EXTI_Callback  key.o
    0x08000f38   0x08000f38   0x00000018   Code   RO         1114    i.HAL_GPIO_EXTI_IRQHandler  stm32f4xx_hal_gpio.o
    0x08000f50   0x08000f50   0x000001d0   Code   RO         1115    i.HAL_GPIO_Init     stm32f4xx_hal_gpio.o
    0x08001120   0x08001120   0x0000000a   Code   RO         1117    i.HAL_GPIO_ReadPin  stm32f4xx_hal_gpio.o
    0x0800112a   0x0800112a   0x00000010   Code   RO         1118    i.HAL_GPIO_TogglePin  stm32f4xx_hal_gpio.o
    0x0800113a   0x0800113a   0x0000000a   Code   RO         1119    i.HAL_GPIO_WritePin  stm32f4xx_hal_gpio.o
    0x08001144   0x08001144   0x0000000c   Code   RO         1665    i.HAL_GetTick       stm32f4xx_hal.o
    0x08001150   0x08001150   0x00000010   Code   RO         1671    i.HAL_IncTick       stm32f4xx_hal.o
    0x08001160   0x08001160   0x00000034   Code   RO         1672    i.HAL_Init          stm32f4xx_hal.o
    0x08001194   0x08001194   0x00000098   Code   RO          595    i.HAL_InitTick      stm32f4xx_hal_timebase_tim.o
    0x0800122c   0x0800122c   0x00000030   Code   RO          571    i.HAL_MspInit       stm32f4xx_hal_msp.o
    0x0800125c   0x0800125c   0x0000001a   Code   RO         1507    i.HAL_NVIC_EnableIRQ  stm32f4xx_hal_cortex.o
    0x08001276   0x08001276   0x00000002   PAD
    0x08001278   0x08001278   0x00000040   Code   RO         1513    i.HAL_NVIC_SetPriority  stm32f4xx_hal_cortex.o
    0x080012b8   0x080012b8   0x00000024   Code   RO         1514    i.HAL_NVIC_SetPriorityGrouping  stm32f4xx_hal_cortex.o
    0x080012dc   0x080012dc   0x00000134   Code   RO          761    i.HAL_RCC_ClockConfig  stm32f4xx_hal_rcc.o
    0x08001410   0x08001410   0x00000040   Code   RO          765    i.HAL_RCC_GetClockConfig  stm32f4xx_hal_rcc.o
    0x08001450   0x08001450   0x00000020   Code   RO          768    i.HAL_RCC_GetPCLK1Freq  stm32f4xx_hal_rcc.o
    0x08001470   0x08001470   0x00000020   Code   RO          769    i.HAL_RCC_GetPCLK2Freq  stm32f4xx_hal_rcc.o
    0x08001490   0x08001490   0x00000060   Code   RO          770    i.HAL_RCC_GetSysClockFreq  stm32f4xx_hal_rcc.o
    0x080014f0   0x080014f0   0x00000358   Code   RO          773    i.HAL_RCC_OscConfig  stm32f4xx_hal_rcc.o
    0x08001848   0x08001848   0x00000002   Code   RO         2052    i.HAL_SPI_ErrorCallback  stm32f4xx_hal_spi.o
    0x0800184a   0x0800184a   0x00000002   PAD
    0x0800184c   0x0800184c   0x000000fc   Code   RO         2055    i.HAL_SPI_IRQHandler  stm32f4xx_hal_spi.o
    0x08001948   0x08001948   0x000000bc   Code   RO         2056    i.HAL_SPI_Init      stm32f4xx_hal_spi.o
    0x08001a04   0x08001a04   0x000000a0   Code   RO          331    i.HAL_SPI_MspInit   spi.o
    0x08001aa4   0x08001aa4   0x000001e6   Code   RO         2065    i.HAL_SPI_TransmitReceive  stm32f4xx_hal_spi.o
    0x08001c8a   0x08001c8a   0x0000005c   Code   RO         1914    i.HAL_SRAM_Init     stm32f4xx_hal_sram.o
    0x08001ce6   0x08001ce6   0x00000004   Code   RO          284    i.HAL_SRAM_MspInit  fsmc.o
    0x08001cea   0x08001cea   0x00000002   Code   RO         3073    i.HAL_TIMEx_BreakCallback  stm32f4xx_hal_tim_ex.o
    0x08001cec   0x08001cec   0x00000002   Code   RO         3074    i.HAL_TIMEx_CommutCallback  stm32f4xx_hal_tim_ex.o
    0x08001cee   0x08001cee   0x0000005a   Code   RO         2369    i.HAL_TIM_Base_Init  stm32f4xx_hal_tim.o
    0x08001d48   0x08001d48   0x00000002   Code   RO         2371    i.HAL_TIM_Base_MspInit  stm32f4xx_hal_tim.o
    0x08001d4a   0x08001d4a   0x00000002   PAD
    0x08001d4c   0x08001d4c   0x00000080   Code   RO         2374    i.HAL_TIM_Base_Start_IT  stm32f4xx_hal_tim.o
    0x08001dcc   0x08001dcc   0x00000002   Code   RO         2403    i.HAL_TIM_IC_CaptureCallback  stm32f4xx_hal_tim.o
    0x08001dce   0x08001dce   0x00000130   Code   RO         2417    i.HAL_TIM_IRQHandler  stm32f4xx_hal_tim.o
    0x08001efe   0x08001efe   0x00000002   Code   RO         2420    i.HAL_TIM_OC_DelayElapsedCallback  stm32f4xx_hal_tim.o
    0x08001f00   0x08001f00   0x00000002   Code   RO         2447    i.HAL_TIM_PWM_PulseFinishedCallback  stm32f4xx_hal_tim.o
    0x08001f02   0x08001f02   0x00000002   PAD
    0x08001f04   0x08001f04   0x00000014   Code   RO           14    i.HAL_TIM_PeriodElapsedCallback  main.o
    0x08001f18   0x08001f18   0x00000002   Code   RO         2460    i.HAL_TIM_TriggerCallback  stm32f4xx_hal_tim.o
    0x08001f1a   0x08001f1a   0x00000002   Code   RO         3352    i.HAL_UARTEx_RxEventCallback  stm32f4xx_hal_uart.o
    0x08001f1c   0x08001f1c   0x00000002   Code   RO         3366    i.HAL_UART_ErrorCallback  stm32f4xx_hal_uart.o
    0x08001f1e   0x08001f1e   0x00000002   PAD
    0x08001f20   0x08001f20   0x00000270   Code   RO         3369    i.HAL_UART_IRQHandler  stm32f4xx_hal_uart.o
    0x08002190   0x08002190   0x00000064   Code   RO         3370    i.HAL_UART_Init     stm32f4xx_hal_uart.o
    0x080021f4   0x080021f4   0x000001f0   Code   RO          373    i.HAL_UART_MspInit  usart.o
    0x080023e4   0x080023e4   0x00000002   Code   RO         3376    i.HAL_UART_RxCpltCallback  stm32f4xx_hal_uart.o
    0x080023e6   0x080023e6   0x000000a0   Code   RO         3378    i.HAL_UART_Transmit  stm32f4xx_hal_uart.o
    0x08002486   0x08002486   0x00000002   Code   RO         3381    i.HAL_UART_TxCpltCallback  stm32f4xx_hal_uart.o
    0x08002488   0x08002488   0x00000002   Code   RO          434    i.HardFault_Handler  stm32f4xx_it.o
    0x0800248a   0x0800248a   0x00000034   Code   RO         3862    i.IIC_Init          iic_hal.o
    0x080024be   0x080024be   0x00000054   Code   RO         3863    i.IIC_Read_Byte     iic_hal.o
    0x08002512   0x08002512   0x00000056   Code   RO         3867    i.IIC_Send_Byte     iic_hal.o
    0x08002568   0x08002568   0x00000030   Code   RO         3868    i.IIC_Send_NotAck   iic_hal.o
    0x08002598   0x08002598   0x0000003e   Code   RO         3869    i.IIC_Start         iic_hal.o
    0x080025d6   0x080025d6   0x0000003e   Code   RO         3870    i.IIC_Stop          iic_hal.o
    0x08002614   0x08002614   0x00000052   Code   RO         3871    i.IIC_Wait_Ack      iic_hal.o
    0x08002666   0x08002666   0x00000002   PAD
    0x08002668   0x08002668   0x00000038   Code   RO         4091    i.LCD_Clear         lcd.o
    0x080026a0   0x080026a0   0x00000096   Code   RO         4233    i.LCD_DrawLine      gui.o
    0x08002736   0x08002736   0x00000002   PAD
    0x08002738   0x08002738   0x00000018   Code   RO         4092    i.LCD_DrawPoint     lcd.o
    0x08002750   0x08002750   0x00000054   Code   RO         4234    i.LCD_Fill          gui.o
    0x080027a4   0x080027a4   0x00000190   Code   RO         4093    i.LCD_Init          lcd.o
    0x08002934   0x08002934   0x00000008   Code   RO         4099    i.LCD_SetCursor     lcd.o
    0x0800293c   0x0800293c   0x00000040   Code   RO         4100    i.LCD_SetWindows    lcd.o
    0x0800297c   0x0800297c   0x00000108   Code   RO         4235    i.LCD_ShowChar      gui.o
    0x08002a84   0x08002a84   0x00000058   Code   RO         4238    i.LCD_ShowString2   gui.o
    0x08002adc   0x08002adc   0x00000014   Code   RO         4103    i.LCD_WriteRAM_Prepare  lcd.o
    0x08002af0   0x08002af0   0x00000010   Code   RO         4104    i.LCD_WriteReg      lcd.o
    0x08002b00   0x08002b00   0x00000050   Code   RO         4105    i.LCD_direction     lcd.o
    0x08002b50   0x08002b50   0x0000000c   Code   RO         4108    i.Lcd_WriteData_16Bit  lcd.o
    0x08002b5c   0x08002b5c   0x00000018   Code   RO         4471    i.MFRC_ClrBitMask   rc522.o
    0x08002b74   0x08002b74   0x00000020   Code   RO         4473    i.MFRC_Init         rc522.o
    0x08002b94   0x08002b94   0x00000038   Code   RO         4474    i.MFRC_ReadReg      rc522.o
    0x08002bcc   0x08002bcc   0x00000018   Code   RO         4475    i.MFRC_SetBitMask   rc522.o
    0x08002be4   0x08002be4   0x00000034   Code   RO         4476    i.MFRC_WriteReg     rc522.o
    0x08002c18   0x08002c18   0x00000024   Code   RO         4641    i.MPU_Bus_Init      mpu6050.o
    0x08002c3c   0x08002c3c   0x00000050   Code   RO         4646    i.MPU_INT_Pin_Init  mpu6050.o
    0x08002c8c   0x08002c8c   0x0000007e   Code   RO         4647    i.MPU_Init          mpu6050.o
    0x08002d0a   0x08002d0a   0x00000026   Code   RO         4648    i.MPU_Motion_Init   mpu6050.o
    0x08002d30   0x08002d30   0x00000058   Code   RO         4649    i.MPU_Read_Byte     mpu6050.o
    0x08002d88   0x08002d88   0x0000000a   Code   RO         4653    i.MPU_Set_Accel_Fsr  mpu6050.o
    0x08002d92   0x08002d92   0x0000000a   Code   RO         4654    i.MPU_Set_Gyro_Fsr  mpu6050.o
    0x08002d9c   0x08002d9c   0x00000030   Code   RO         4655    i.MPU_Set_LPF       mpu6050.o
    0x08002dcc   0x08002dcc   0x0000002e   Code   RO         4656    i.MPU_Set_Rate      mpu6050.o
    0x08002dfa   0x08002dfa   0x00000002   PAD
    0x08002dfc   0x08002dfc   0x00000054   Code   RO         4659    i.MPU_Write_Byte    mpu6050.o
    0x08002e50   0x08002e50   0x0000005c   Code   RO          258    i.MX_DMA_Init       dma.o
    0x08002eac   0x08002eac   0x00000088   Code   RO          285    i.MX_FSMC_Init      fsmc.o
    0x08002f34   0x08002f34   0x000001c0   Code   RO          234    i.MX_GPIO_Init      gpio.o
    0x080030f4   0x080030f4   0x00000048   Code   RO          332    i.MX_SPI2_Init      spi.o
    0x0800313c   0x0800313c   0x00000038   Code   RO          374    i.MX_UART4_Init     usart.o
    0x08003174   0x08003174   0x00000038   Code   RO          375    i.MX_USART1_UART_Init  usart.o
    0x080031ac   0x080031ac   0x00000038   Code   RO          376    i.MX_USART3_UART_Init  usart.o
    0x080031e4   0x080031e4   0x00000002   Code   RO          435    i.MemManage_Handler  stm32f4xx_it.o
    0x080031e6   0x080031e6   0x00000002   Code   RO          436    i.NMI_Handler       stm32f4xx_it.o
    0x080031e8   0x080031e8   0x00000008   Code   RO         4477    i.PCD_AntennaOff    rc522.o
    0x080031f0   0x080031f0   0x0000001a   Code   RO         4478    i.PCD_AntennaOn     rc522.o
    0x0800320a   0x0800320a   0x0000000e   Code   RO         4484    i.PCD_Init_RST      rc522.o
    0x08003218   0x08003218   0x00000088   Code   RO         4487    i.PCD_Reset         rc522.o
    0x080032a0   0x080032a0   0x00000002   Code   RO          437    i.PendSV_Handler    stm32f4xx_it.o
    0x080032a2   0x080032a2   0x00000012   Code   RO         3874    i.SCL_Output        iic_hal.o
    0x080032b4   0x080032b4   0x00000012   Code   RO         3875    i.SDA_Input         iic_hal.o
    0x080032c6   0x080032c6   0x0000002a   Code   RO         3876    i.SDA_Input_Mode    iic_hal.o
    0x080032f0   0x080032f0   0x00000012   Code   RO         3877    i.SDA_Output        iic_hal.o
    0x08003302   0x08003302   0x0000002a   Code   RO         3878    i.SDA_Output_Mode   iic_hal.o
    0x0800332c   0x0800332c   0x0000000c   Code   RO          438    i.SPI2_IRQHandler   stm32f4xx_it.o
    0x08003338   0x08003338   0x00000024   Code   RO         4492    i.SPI2_RW_Byte      rc522.o
    0x0800335c   0x0800335c   0x00000010   Code   RO         2083    i.SPI_DMAAbortOnError  stm32f4xx_hal_spi.o
    0x0800336c   0x0800336c   0x0000006c   Code   RO         2094    i.SPI_EndRxTxTransaction  stm32f4xx_hal_spi.o
    0x080033d8   0x080033d8   0x000000b8   Code   RO         2099    i.SPI_WaitFlagStateUntilTimeout  stm32f4xx_hal_spi.o
    0x08003490   0x08003490   0x00000002   Code   RO          439    i.SVC_Handler       stm32f4xx_it.o
    0x08003492   0x08003492   0x00000002   Code   RO          440    i.SysTick_Handler   stm32f4xx_it.o
    0x08003494   0x08003494   0x00000094   Code   RO           15    i.SystemClock_Config  main.o
    0x08003528   0x08003528   0x00000010   Code   RO         3704    i.SystemInit        system_stm32f4xx.o
    0x08003538   0x08003538   0x0000000c   Code   RO          441    i.TIM4_IRQHandler   stm32f4xx_it.o
    0x08003544   0x08003544   0x000000d8   Code   RO         2462    i.TIM_Base_SetConfig  stm32f4xx_hal_tim.o
    0x0800361c   0x0800361c   0x0000000c   Code   RO          442    i.UART4_IRQHandler  stm32f4xx_it.o
    0x08003628   0x08003628   0x00000010   Code   RO         3383    i.UART_DMAAbortOnError  stm32f4xx_hal_uart.o
    0x08003638   0x08003638   0x0000004e   Code   RO         3393    i.UART_EndRxTransfer  stm32f4xx_hal_uart.o
    0x08003686   0x08003686   0x000000c2   Code   RO         3395    i.UART_Receive_IT   stm32f4xx_hal_uart.o
    0x08003748   0x08003748   0x0000010c   Code   RO         3396    i.UART_SetConfig    stm32f4xx_hal_uart.o
    0x08003854   0x08003854   0x00000070   Code   RO         3399    i.UART_WaitOnFlagUntilTimeout  stm32f4xx_hal_uart.o
    0x080038c4   0x080038c4   0x0000000c   Code   RO          443    i.USART1_IRQHandler  stm32f4xx_it.o
    0x080038d0   0x080038d0   0x0000000c   Code   RO          444    i.USART3_IRQHandler  stm32f4xx_it.o
    0x080038dc   0x080038dc   0x00000002   Code   RO          445    i.UsageFault_Handler  stm32f4xx_it.o
    0x080038de   0x080038de   0x00000002   PAD
    0x080038e0   0x080038e0   0x0000001c   Code   RO         5721    i.__0fprintf        mc_w.l(printfa.o)
    0x080038fc   0x080038fc   0x00000020   Code   RO         5722    i.__0printf         mc_w.l(printfa.o)
    0x0800391c   0x0800391c   0x00000028   Code   RO         5724    i.__0sprintf        mc_w.l(printfa.o)
    0x08003944   0x08003944   0x00000018   Code   RO         5725    i.__0vfprintf       mc_w.l(printfa.o)
    0x0800395c   0x0800395c   0x00000020   Code   RO         1520    i.__NVIC_SetPriority  stm32f4xx_hal_cortex.o
    0x0800397c   0x0800397c   0x0000000e   Code   RO         5877    i.__scatterload_copy  mc_w.l(handlers.o)
    0x0800398a   0x0800398a   0x00000002   Code   RO         5878    i.__scatterload_null  mc_w.l(handlers.o)
    0x0800398c   0x0800398c   0x0000000e   Code   RO         5879    i.__scatterload_zeroinit  mc_w.l(handlers.o)
    0x0800399a   0x0800399a   0x00000098   Code   RO         4239    i._draw_circle_8    gui.o
    0x08003a32   0x08003a32   0x00000002   PAD
    0x08003a34   0x08003a34   0x00000184   Code   RO         5729    i._fp_digits        mc_w.l(printfa.o)
    0x08003bb8   0x08003bb8   0x000006dc   Code   RO         5730    i._printf_core      mc_w.l(printfa.o)
    0x08004294   0x08004294   0x00000024   Code   RO         5731    i._printf_post_padding  mc_w.l(printfa.o)
    0x080042b8   0x080042b8   0x0000002e   Code   RO         5732    i._printf_pre_padding  mc_w.l(printfa.o)
    0x080042e6   0x080042e6   0x0000000a   Code   RO         5734    i._sputc            mc_w.l(printfa.o)
    0x080042f0   0x080042f0   0x00000018   Code   RO         3830    i.fputc             uart_redefine.o
    0x08004308   0x08004308   0x0000006c   Code   RO         5378    i.led_init          led.o
    0x08004374   0x08004374   0x00000030   Code   RO         3983    i.log_info          log.o
    0x080043a4   0x080043a4   0x0000009c   Code   RO           16    i.main              main.o
    0x08004440   0x08004440   0x00000334   Code   RO         4374    i.tp_adjust         touch.o
    0x08004774   0x08004774   0x0000012c   Code   RO         4375    i.tp_adjust_info_show  touch.o
    0x080048a0   0x080048a0   0x00000076   Code   RO         4377    i.tp_draw_touch_point  touch.o
    0x08004916   0x08004916   0x00000002   PAD
    0x08004918   0x08004918   0x00000024   Code   RO         4378    i.tp_get_adjust_data  touch.o
    0x0800493c   0x0800493c   0x00000040   Code   RO         4379    i.tp_init           touch.o
    0x0800497c   0x0800497c   0x000000ec   Code   RO         4380    i.tp_read_ad        touch.o
    0x08004a68   0x08004a68   0x00000060   Code   RO         4381    i.tp_read_xoy       touch.o
    0x08004ac8   0x08004ac8   0x00000034   Code   RO         4382    i.tp_read_xy        touch.o
    0x08004afc   0x08004afc   0x00000074   Code   RO         4383    i.tp_read_xy2       touch.o
    0x08004b70   0x08004b70   0x0000001c   Code   RO         4384    i.tp_save_adjust_data  touch.o
    0x08004b8c   0x08004b8c   0x000000d4   Code   RO         4385    i.tp_scan           touch.o
    0x08004c60   0x08004c60   0x00000008   Data   RO         1234    .constdata          stm32f4xx_hal_dma.o
    0x08004c68   0x08004c68   0x00000010   Data   RO         3705    .constdata          system_stm32f4xx.o
    0x08004c78   0x08004c78   0x00000008   Data   RO         3706    .constdata          system_stm32f4xx.o
    0x08004c80   0x08004c80   0x00001736   Data   RO         4241    .constdata          gui.o
    0x080063b6   0x080063b6   0x00000002   PAD
    0x080063b8   0x080063b8   0x00000020   Data   RO         5875    Region$$Table       anon$$obj.o


    Execution Region RW_IRAM1 (Exec base: 0x20000000, Load base: 0x080063d8, Size: 0x00000808, Max: 0x0001c000, ABSOLUTE)

    Exec Addr    Load Addr    Size         Type   Attr      Idx    E Section Name        Object

    0x20000000   0x080063d8   0x00000008   Data   RW          287    .data               fsmc.o
    0x20000008   0x080063e0   0x00000001   Data   RW          446    .data               stm32f4xx_it.o
    0x20000009   0x080063e1   0x00000003   PAD
    0x2000000c   0x080063e4   0x0000000c   Data   RW         1679    .data               stm32f4xx_hal.o
    0x20000018   0x080063f0   0x00000004   Data   RW         3707    .data               system_stm32f4xx.o
    0x2000001c   0x080063f4   0x0000000c   Data   RW         4036    .data               24cxx.o
    0x20000028   0x08006400   0x00000002   Data   RW         4110    .data               lcd.o
    0x2000002a   0x08006402   0x00000002   PAD
    0x2000002c   0x08006404   0x00000048   Data   RW         4386    .data               touch.o
    0x20000074   0x0800644c   0x00000028   Data   RW         4495    .data               rc522.o
    0x2000009c   0x08006474   0x0000000c   Data   RW         4663    .data               mpu6050.o
    0x200000a8   0x08006480   0x00000004   Data   RW         5476    .data               mc_w.l(stdout.o)
    0x200000ac        -       0x00000050   Zero   RW          286    .bss                fsmc.o
    0x200000fc        -       0x00000058   Zero   RW          333    .bss                spi.o
    0x20000154        -       0x00000258   Zero   RW          377    .bss                usart.o
    0x200003ac        -       0x00000048   Zero   RW          598    .bss                stm32f4xx_hal_timebase_tim.o
    0x200003f4        -       0x00000010   Zero   RW         4109    .bss                lcd.o
    0x20000404   0x08006484   0x00000004   PAD
    0x20000408        -       0x00000400   Zero   RW            1    STACK               startup_stm32f407xx.o


    Execution Region RW_IRAM2 (Exec base: 0x2001c000, Load base: 0x08006484, Size: 0x00000000, Max: 0x00004000, ABSOLUTE)

    **** No section assigned to this execution region ****


==============================================================================

Image component sizes


      Code (inc. data)   RO Data    RW Data    ZI Data      Debug   Object Name

       272         18          0         12          0       3917   24cxx.o
        82          4          0          0          0       1748   delay.o
        92          4          0          0          0        830   dma.o
       280         28          0          8         80       2375   fsmc.o
       448         34          0          0          0       1251   gpio.o
       888         20       5942          0          0       8053   gui.o
       614          0          0          0          0       8496   iic_hal.o
        80         10          0          0          0        661   key.o
       680         62          0          2         16      11170   lcd.o
       108         10          0          0          0        955   led.o
        48         12          0          0          0       1155   log.o
       328         72          0          0          0     719016   main.o
       566         28          0         12          0       6888   mpu6050.o
       408         26          0         40          0       9406   rc522.o
       232         26          0          0         88       1805   spi.o
        36          8        392          0       1024        852   startup_stm32f407xx.o
        80         14          0         12          0       8170   stm32f4xx_hal.o
       158         14          0          0          0      33074   stm32f4xx_hal_cortex.o
       934         16          8          0          0       5747   stm32f4xx_hal_dma.o
       524         52          0          0          0       4319   stm32f4xx_hal_gpio.o
        48          6          0          0          0        890   stm32f4xx_hal_msp.o
      1388         82          0          0          0       6141   stm32f4xx_hal_rcc.o
      1236         20          0          0          0       7266   stm32f4xx_hal_spi.o
        92          0          0          0          0       1260   stm32f4xx_hal_sram.o
       748         74          0          0          0       7836   stm32f4xx_hal_tim.o
         4          0          0          0          0       1725   stm32f4xx_hal_tim_ex.o
       152         20          0          0         72       1523   stm32f4xx_hal_timebase_tim.o
      1560         16          0          0          0      10836   stm32f4xx_hal_uart.o
       164         58          0          1          0       9944   stm32f4xx_it.o
       232         14          0          0          0       4007   stm32f4xx_ll_fsmc.o
        16          4         24          4          0       1175   system_stm32f4xx.o
      2078        152          0         72          0      11154   touch.o
        24          4          0          0          0        600   uart_redefine.o
       664         60          0          0        600       3612   usart.o

    ----------------------------------------------------------------------
     15290        968       6400        168       1884     897857   Object Totals
         0          0         32          0          0          0   (incl. Generated)
        26          0          2          5          4          0   (incl. Padding)

    ----------------------------------------------------------------------

      Code (inc. data)   RO Data    RW Data    ZI Data      Debug   Library Member Name

         0          0          0          0          0          0   entry.o
         0          0          0          0          0          0   entry10a.o
         0          0          0          0          0          0   entry11a.o
         8          4          0          0          0          0   entry2.o
         4          0          0          0          0          0   entry5.o
         0          0          0          0          0          0   entry7b.o
         0          0          0          0          0          0   entry8b.o
         8          4          0          0          0          0   entry9a.o
        30          0          0          0          0          0   handlers.o
        36          8          0          0          0         68   init.o
         0          0          0          0          0          0   iusefp.o
        30          0          0          0          0         68   llshl.o
        36          0          0          0          0         68   llsshr.o
        32          0          0          0          0         68   llushr.o
        36          0          0          0          0        108   memseta.o
      2360        106          0          0          0        768   printfa.o
         0          0          0          4          0          0   stdout.o
        44          0          0          0          0         80   uidiv.o
        98          0          0          0          0         92   uldiv.o
        48          0          0          0          0         68   cdcmple.o
        48          0          0          0          0         68   cdrcmple.o
       334          0          0          0          0        148   dadd.o
       222          0          0          0          0        100   ddiv.o
       186          0          0          0          0        176   depilogue.o
        48          0          0          0          0         68   dfixul.o
        34          0          0          0          0         76   dflti.o
       228          0          0          0          0         96   dmul.o

    ----------------------------------------------------------------------
      3870        122          0          4          0       2120   Library Totals
         0          0          0          0          0          0   (incl. Padding)

    ----------------------------------------------------------------------

      Code (inc. data)   RO Data    RW Data    ZI Data      Debug   Library Name

      2722        122          0          4          0       1320   mc_w.l
      1148          0          0          0          0        800   mf_w.l

    ----------------------------------------------------------------------
      3870        122          0          4          0       2120   Library Totals

    ----------------------------------------------------------------------

==============================================================================


      Code (inc. data)   RO Data    RW Data    ZI Data      Debug   

     19160       1090       6400        172       1884     883137   Grand Totals
     19160       1090       6400        172       1884     883137   ELF Image Totals
     19160       1090       6400        172          0          0   ROM Totals

==============================================================================

    Total RO  Size (Code + RO Data)                25560 (  24.96kB)
    Total RW  Size (RW Data + ZI Data)              2056 (   2.01kB)
    Total ROM Size (Code + RO Data + RW Data)      25732 (  25.13kB)

==============================================================================

