Component: ARM Compiler 5.06 update 5 (build 528) Tool: armlink [4d35e2]

==============================================================================

Section Cross References

    startup_stm32f407xx.o(RESET) refers to startup_stm32f407xx.o(STACK) for __initial_sp
    startup_stm32f407xx.o(RESET) refers to startup_stm32f407xx.o(.text) for Reset_Handler
    startup_stm32f407xx.o(RESET) refers to stm32f4xx_it.o(i.NMI_Handler) for NMI_Handler
    startup_stm32f407xx.o(RESET) refers to stm32f4xx_it.o(i.HardFault_Handler) for HardFault_Handler
    startup_stm32f407xx.o(RESET) refers to stm32f4xx_it.o(i.MemManage_Handler) for MemManage_Handler
    startup_stm32f407xx.o(RESET) refers to stm32f4xx_it.o(i.BusFault_Handler) for BusFault_Handler
    startup_stm32f407xx.o(RESET) refers to stm32f4xx_it.o(i.UsageFault_Handler) for UsageFault_Handler
    startup_stm32f407xx.o(RESET) refers to port.o(.emb_text) for SVC_Handler
    startup_stm32f407xx.o(RESET) refers to stm32f4xx_it.o(i.DebugMon_Handler) for DebugMon_Handler
    startup_stm32f407xx.o(RESET) refers to cmsis_os2.o(i.SysTick_Handler) for SysTick_Handler
    startup_stm32f407xx.o(RESET) refers to stm32f4xx_it.o(i.DMA1_Stream1_IRQHandler) for DMA1_Stream1_IRQHandler
    startup_stm32f407xx.o(RESET) refers to stm32f4xx_it.o(i.DMA1_Stream2_IRQHandler) for DMA1_Stream2_IRQHandler
    startup_stm32f407xx.o(RESET) refers to stm32f4xx_it.o(i.DMA1_Stream4_IRQHandler) for DMA1_Stream4_IRQHandler
    startup_stm32f407xx.o(RESET) refers to stm32f4xx_it.o(i.EXTI9_5_IRQHandler) for EXTI9_5_IRQHandler
    startup_stm32f407xx.o(RESET) refers to stm32f4xx_it.o(i.TIM4_IRQHandler) for TIM4_IRQHandler
    startup_stm32f407xx.o(RESET) refers to stm32f4xx_it.o(i.SPI2_IRQHandler) for SPI2_IRQHandler
    startup_stm32f407xx.o(RESET) refers to stm32f4xx_it.o(i.USART1_IRQHandler) for USART1_IRQHandler
    startup_stm32f407xx.o(RESET) refers to stm32f4xx_it.o(i.USART3_IRQHandler) for USART3_IRQHandler
    startup_stm32f407xx.o(RESET) refers to stm32f4xx_it.o(i.EXTI15_10_IRQHandler) for EXTI15_10_IRQHandler
    startup_stm32f407xx.o(RESET) refers to stm32f4xx_it.o(i.UART4_IRQHandler) for UART4_IRQHandler
    startup_stm32f407xx.o(.text) refers to system_stm32f4xx.o(i.SystemInit) for SystemInit
    startup_stm32f407xx.o(.text) refers to entry.o(.ARM.Collect$$$$00000000) for __main
    main.o(i.HAL_TIM_PeriodElapsedCallback) refers to stm32f4xx_hal.o(i.HAL_IncTick) for HAL_IncTick
    main.o(i.SystemClock_Config) refers to memseta.o(.text) for __aeabi_memclr4
    main.o(i.SystemClock_Config) refers to stm32f4xx_hal_rcc.o(i.HAL_RCC_OscConfig) for HAL_RCC_OscConfig
    main.o(i.SystemClock_Config) refers to stm32f4xx_hal_rcc.o(i.HAL_RCC_ClockConfig) for HAL_RCC_ClockConfig
    main.o(i.main) refers to stm32f4xx_hal.o(i.HAL_Init) for HAL_Init
    main.o(i.main) refers to main.o(i.SystemClock_Config) for SystemClock_Config
    main.o(i.main) refers to gpio.o(i.MX_GPIO_Init) for MX_GPIO_Init
    main.o(i.main) refers to dma.o(i.MX_DMA_Init) for MX_DMA_Init
    main.o(i.main) refers to usart.o(i.MX_USART1_UART_Init) for MX_USART1_UART_Init
    main.o(i.main) refers to fsmc.o(i.MX_FSMC_Init) for MX_FSMC_Init
    main.o(i.main) refers to usart.o(i.MX_UART4_Init) for MX_UART4_Init
    main.o(i.main) refers to usart.o(i.MX_USART3_UART_Init) for MX_USART3_UART_Init
    main.o(i.main) refers to spi.o(i.MX_SPI2_Init) for MX_SPI2_Init
    main.o(i.main) refers to led.o(i.led_init) for led_init
    main.o(i.main) refers to lcd.o(i.LCD_Init) for LCD_Init
    main.o(i.main) refers to touch.o(i.tp_init) for tp_init
    main.o(i.main) refers to rc522.o(i.PCD_Init_RST) for PCD_Init_RST
    main.o(i.main) refers to mpu6050.o(i.MPU_Init) for MPU_Init
    main.o(i.main) refers to printfa.o(i.__0printf) for __2printf
    main.o(i.main) refers to gui.o(i.LCD_ShowString2) for LCD_ShowString2
    main.o(i.main) refers to hc06.o(i.BlueTooth_Init) for BlueTooth_Init
    main.o(i.main) refers to cmsis_os2.o(i.osKernelInitialize) for osKernelInitialize
    main.o(i.main) refers to freertos.o(i.MX_FREERTOS_Init) for MX_FREERTOS_Init
    main.o(i.main) refers to cmsis_os2.o(i.osKernelStart) for osKernelStart
    gpio.o(i.MX_GPIO_Init) refers to memseta.o(.text) for __aeabi_memclr4
    gpio.o(i.MX_GPIO_Init) refers to stm32f4xx_hal_gpio.o(i.HAL_GPIO_WritePin) for HAL_GPIO_WritePin
    gpio.o(i.MX_GPIO_Init) refers to stm32f4xx_hal_gpio.o(i.HAL_GPIO_Init) for HAL_GPIO_Init
    gpio.o(i.MX_GPIO_Init) refers to stm32f4xx_hal_cortex.o(i.HAL_NVIC_SetPriority) for HAL_NVIC_SetPriority
    gpio.o(i.MX_GPIO_Init) refers to stm32f4xx_hal_cortex.o(i.HAL_NVIC_EnableIRQ) for HAL_NVIC_EnableIRQ
    freertos.o(i.MX_FREERTOS_Init) refers to cmsis_os2.o(i.osThreadNew) for osThreadNew
    freertos.o(i.MX_FREERTOS_Init) refers to freertos.o(.constdata) for .constdata
    freertos.o(i.MX_FREERTOS_Init) refers to freertos.o(i.StartDefaultTask) for StartDefaultTask
    freertos.o(i.MX_FREERTOS_Init) refers to freertos.o(.data) for .data
[...]
    flagBitshiftOffset                       0x08006880   Data           8  stm32f4xx_hal_dma.o(.constdata)
    .constdata                               0x08006888   Section       16  system_stm32f4xx.o(.constdata)
    .constdata                               0x08006898   Section        8  system_stm32f4xx.o(.constdata)
    .constdata                               0x080068a0   Section     5942  gui.o(.constdata)
    .conststring                             0x08007fd8   Section       12  freertos.o(.conststring)
    .data                                    0x20000000   Section        4  freertos.o(.data)
    .data                                    0x20000004   Section        8  fsmc.o(.data)
    FSMC_Initialized                         0x20000004   Data           4  fsmc.o(.data)
    FSMC_DeInitialized                       0x20000008   Data           4  fsmc.o(.data)
    .data                                    0x2000000c   Section        1  stm32f4xx_it.o(.data)
    .data                                    0x20000010   Section       12  stm32f4xx_hal.o(.data)
    .data                                    0x2000001c   Section        4  system_stm32f4xx.o(.data)
    .data                                    0x20000020   Section       12  24cxx.o(.data)
    .data                                    0x2000002c   Section        2  lcd.o(.data)
    .data                                    0x20000030   Section       72  touch.o(.data)
    .data                                    0x20000078   Section       40  rc522.o(.data)
    .data                                    0x200000a0   Section       12  mpu6050.o(.data)
    .data                                    0x200000ac   Section       60  tasks.o(.data)
    uxDeletedTasksWaitingCleanUp             0x200000b0   Data           4  tasks.o(.data)
    uxCurrentNumberOfTasks                   0x200000b4   Data           4  tasks.o(.data)
    xTickCount                               0x200000b8   Data           4  tasks.o(.data)
    uxTopReadyPriority                       0x200000bc   Data           4  tasks.o(.data)
    xSchedulerRunning                        0x200000c0   Data           4  tasks.o(.data)
    xPendedTicks                             0x200000c4   Data           4  tasks.o(.data)
    xYieldPending                            0x200000c8   Data           4  tasks.o(.data)
    xNumOfOverflows                          0x200000cc   Data           4  tasks.o(.data)
    uxTaskNumber                             0x200000d0   Data           4  tasks.o(.data)
    xNextTaskUnblockTime                     0x200000d4   Data           4  tasks.o(.data)
    xIdleTaskHandle                          0x200000d8   Data           4  tasks.o(.data)
    uxSchedulerSuspended                     0x200000dc   Data           4  tasks.o(.data)
    pxDelayedTaskList                        0x200000e0   Data           4  tasks.o(.data)
    pxOverflowDelayedTaskList                0x200000e4   Data           4  tasks.o(.data)
    .data                                    0x200000e8   Section       20  timers.o(.data)
    xTimerQueue                              0x200000e8   Data           4  timers.o(.data)
    xTimerTaskHandle                         0x200000ec   Data           4  timers.o(.data)
    xLastTime                                0x200000f0   Data           4  timers.o(.data)
    pxCurrentTimerList                       0x200000f4   Data           4  timers.o(.data)
    pxOverflowTimerList                      0x200000f8   Data           4  timers.o(.data)
    .data                                    0x200000fc   Section        4  cmsis_os2.o(.data)
    KernelState                              0x200000fc   Data           4  cmsis_os2.o(.data)
    .data                                    0x20000100   Section       32  heap_4.o(.data)
    pxEnd                                    0x20000100   Data           4  heap_4.o(.data)
    xFreeBytesRemaining                      0x20000104   Data           4  heap_4.o(.data)
    xMinimumEverFreeBytesRemaining           0x20000108   Data           4  heap_4.o(.data)
    xNumberOfSuccessfulAllocations           0x2000010c   Data           4  heap_4.o(.data)
    xNumberOfSuccessfulFrees                 0x20000110   Data           4  heap_4.o(.data)
    xBlockAllocatedBit                       0x20000114   Data           4  heap_4.o(.data)
    xStart                                   0x20000118   Data           8  heap_4.o(.data)
    .data                                    0x20000120   Section       12  port.o(.data)
    ucMaxSysCallPriority                     0x20000120   Data           1  port.o(.data)
    uxCriticalNesting                        0x20000124   Data           4  port.o(.data)
    ulMaxPRIGROUPValue                       0x20000128   Data           4  port.o(.data)
    .data                                    0x2000012c   Section        4  stdout.o(.data)
    .bss                                     0x20000130   Section       80  fsmc.o(.bss)
    .bss                                     0x20000180   Section       88  spi.o(.bss)
    .bss                                     0x200001d8   Section      504  usart.o(.bss)
    .bss                                     0x200003d0   Section       72  stm32f4xx_hal_timebase_tim.o(.bss)
    .bss                                     0x20000418   Section       16  lcd.o(.bss)
    .bss                                     0x20000428   Section      128  hc06.o(.bss)
    .bss                                     0x200004a8   Section       64  queue.o(.bss)
    .bss                                     0x200004e8   Section     1220  tasks.o(.bss)
    pxReadyTasksLists                        0x200004e8   Data        1120  tasks.o(.bss)
    xDelayedTaskList1                        0x20000948   Data          20  tasks.o(.bss)
    xDelayedTaskList2                        0x2000095c   Data          20  tasks.o(.bss)
    xPendingReadyList                        0x20000970   Data          20  tasks.o(.bss)
    xTasksWaitingTermination                 0x20000984   Data          20  tasks.o(.bss)
    xSuspendedTaskList                       0x20000998   Data          20  tasks.o(.bss)
    .bss                                     0x200009ac   Section      280  timers.o(.bss)
    xStaticTimerQueue                        0x200009ac   Data          80  timers.o(.bss)
    ucStaticTimerQueueStorage                0x200009fc   Data         160  timers.o(.bss)
    xActiveTimerList1                        0x20000a9c   Data          20  timers.o(.bss)
    xActiveTimerList2                        0x20000ab0   Data          20  timers.o(.bss)
    .bss                                     0x20000ac4   Section     1720  cmsis_os2.o(.bss)
    Idle_TCB                                 0x20000ac4   Data          92  cmsis_os2.o(.bss)
    Idle_Stack                               0x20000b20   Data         512  cmsis_os2.o(.bss)
    Timer_TCB                                0x20000d20   Data          92  cmsis_os2.o(.bss)
    Timer_Stack                              0x20000d7c   Data        1024  cmsis_os2.o(.bss)
    .bss                                     0x2000117c   Section    15360  heap_4.o(.bss)
    ucHeap                                   0x2000117c   Data       15360  heap_4.o(.bss)
    STACK                                    0x20004d80   Section     1024  startup_stm32f407xx.o(STACK)

    Global Symbols

    Symbol Name                              Value     Ov Type        Size  Object(Section)

    BuildAttributes$$THM_ISAv4$E$P$D$K$B$S$7EM$VFPi3$EXTD16$VFPS$VFMA$PE$A:L22UL41UL21$X:L11$S22US41US21$IEEE1$IW$USESV6$~STKCKD$USESV7$~SHL$OTIME$ROPI$IEEEX$EBA8$MICROLIB$REQ8$PRES8$EABIv2 0x00000000   Number         0  anon$$obj.o ABSOLUTE
    __ARM_use_no_argv                        0x00000000   Number         0  main.o ABSOLUTE
    _printf_a                                0x00000000   Number         0  stubs.o ABSOLUTE
    _printf_c                                0x00000000   Number         0  stubs.o ABSOLUTE
    _printf_charcount                        0x00000000   Number         0  stubs.o ABSOLUTE
    _printf_d                                0x00000000   Number         0  stubs.o ABSOLUTE
    _printf_e                                0x00000000   Number         0  stubs.o ABSOLUTE
    _printf_f                                0x00000000   Number         0  stubs.o ABSOLUTE
    _printf_flags                            0x00000000   Number         0  stubs.o ABSOLUTE
    _printf_fp_dec                           0x00000000   Number         0  stubs.o ABSOLUTE
    _printf_fp_hex                           0x00000000   Number         0  stubs.o ABSOLUTE
    _printf_g                                0x00000000   Number         0  stubs.o ABSOLUTE
    _printf_i                                0x00000000   Number         0  stubs.o ABSOLUTE
    _printf_int_dec                          0x00000000   Number         0  stubs.o ABSOLUTE
    _printf_l                                0x00000000   Number         0  stubs.o ABSOLUTE
    _printf_lc                               0x00000000   Number         0  stubs.o ABSOLUTE
    _printf_ll                               0x00000000   Number         0  stubs.o ABSOLUTE
    _printf_lld                              0x00000000   Number         0  stubs.o ABSOLUTE
    _printf_lli                              0x00000000   Number         0  stubs.o ABSOLUTE
    _printf_llo                              0x00000000   Number         0  stubs.o ABSOLUTE
    _printf_llu                              0x00000000   Number         0  stubs.o ABSOLUTE
    _printf_llx                              0x00000000   Number         0  stubs.o ABSOLUTE
    _printf_longlong_dec                     0x00000000   Number         0  stubs.o ABSOLUTE
    _printf_longlong_hex                     0x00000000   Number         0  stubs.o ABSOLUTE
    _printf_longlong_oct                     0x00000000   Number         0  stubs.o ABSOLUTE
    _printf_ls                               0x00000000   Number         0  stubs.o ABSOLUTE
    _printf_mbtowc                           0x00000000   Number         0  stubs.o ABSOLUTE
    _printf_n                                0x00000000   Number         0  stubs.o ABSOLUTE
    _printf_o                                0x00000000   Number         0  stubs.o ABSOLUTE
    _printf_p                                0x00000000   Number         0  stubs.o ABSOLUTE
    _printf_percent                          0x00000000   Number         0  stubs.o ABSOLUTE
    _printf_pre_padding                      0x00000000   Number         0  stubs.o ABSOLUTE
    _printf_return_value                     0x00000000   Number         0  stubs.o ABSOLUTE
    _printf_s                                0x00000000   Number         0  stubs.o ABSOLUTE
    _printf_sizespec                         0x00000000   Number         0  stubs.o ABSOLUTE
    _printf_str                              0x00000000   Number         0  stubs.o ABSOLUTE
    _printf_truncate_signed                  0x00000000   Number         0  stubs.o ABSOLUTE
    _printf_truncate_unsigned                0x00000000   Number         0  stubs.o ABSOLUTE
    _printf_u                                0x00000000   Number         0  stubs.o ABSOLUTE
    _printf_wc                               0x00000000   Number         0  stubs.o ABSOLUTE
    _printf_wctomb                           0x00000000   Number         0  stubs.o ABSOLUTE
    _printf_widthprec                        0x00000000   Number         0  stubs.o ABSOLUTE
    _printf_x                                0x00000000   Number         0  stubs.o ABSOLUTE
    __cpp_initialize__aeabi_                  - Undefined Weak Reference
    __cxa_finalize                            - Undefined Weak Reference
    _clock_init                               - Undefined Weak Reference
    _microlib_exit                            - Undefined Weak Reference
    __Vectors_Size                           0x00000188   Number         0  startup_stm32f407xx.o ABSOLUTE
    __Vectors                                0x08000000   Data           4  startup_stm32f407xx.o(RESET)
    __Vectors_End                            0x08000188   Data           0  startup_stm32f407xx.o(RESET)
    __main                                   0x08000189   Thumb Code     0  entry.o(.ARM.Collect$$$$00000000)
    _main_stk                                0x08000189   Thumb Code     0  entry2.o(.ARM.Collect$$$$00000001)
    _main_scatterload                        0x0800018d   Thumb Code     0  entry5.o(.ARM.Collect$$$$00000004)
    __main_after_scatterload                 0x08000191   Thumb Code     0  entry5.o(.ARM.Collect$$$$00000004)
    _main_clock                              0x08000191   Thumb Code     0  entry7b.o(.ARM.Collect$$$$00000008)
    _main_cpp_init                           0x08000191   Thumb Code     0  entry8b.o(.ARM.Collect$$$$0000000A)
    _main_init                               0x08000191   Thumb Code     0  entry9a.o(.ARM.Collect$$$$0000000B)
    __rt_final_cpp                           0x08000199   Thumb Code     0  entry10a.o(.ARM.Collect$$$$0000000D)
    __rt_final_exit                          0x08000199   Thumb Code     0  entry11a.o(.ARM.Collect$$$$0000000F)
    SVC_Handler                              0x0800019d   Thumb Code    28  port.o(.emb_text)
    __asm___6_port_c_39a90d8d__prvStartFirstTask 0x080001bd   Thumb Code    36  port.o(.emb_text)
    __asm___6_port_c_39a90d8d__prvEnableVFP  0x080001e5   Thumb Code    16  port.o(.emb_text)
    PendSV_Handler                           0x080001f9   Thumb Code    88  port.o(.emb_text)
    vPortGetIPSR                             0x08000255   Thumb Code     6  port.o(.emb_text)
    Reset_Handler                            0x0800025d   Thumb Code     8  startup_stm32f407xx.o(.text)
    ADC_IRQHandler                           0x08000277   Thumb Code     0  startup_stm32f407xx.o(.text)
    CAN1_RX0_IRQHandler                      0x08000277   Thumb Code     0  startup_stm32f407xx.o(.text)
    CAN1_RX1_IRQHandler                      0x08000277   Thumb Code     0  startup_stm32f407xx.o(.text)
    CAN1_SCE_IRQHandler                      0x08000277   Thumb Code     0  startup_stm32f407xx.o(.text)
    CAN1_TX_IRQHandler                       0x08000277   Thumb Code     0  startup_stm32f407xx.o(.text)
    CAN2_RX0_IRQHandler                      0x08000277   Thumb Code     0  startup_stm32f407xx.o(.text)
    CAN2_RX1_IRQHandler                      0x08000277   Thumb Code     0  startup_stm32f407xx.o(.text)
    CAN2_SCE_IRQHandler                      0x08000277   Thumb Code     0  startup_stm32f407xx.o(.text)
    CAN2_TX_IRQHandler                       0x08000277   Thumb Code     0  startup_stm32f407xx.o(.text)
    DCMI_IRQHandler                          0x08000277   Thumb Code     0  startup_stm32f407xx.o(.text)
    DMA1_Stream0_IRQHandler                  0x08000277   Thumb Code     0  startup_stm32f407xx.o(.text)
    DMA1_Stream3_IRQHandler                  0x08000277   Thumb Code     0  startup_stm32f407xx.o(.text)
    DMA1_Stream5_IRQHandler                  0x08000277   Thumb Code     0  startup_stm32f407xx.o(.text)
    DMA1_Stream6_IRQHandler                  0x08000277   Thumb Code     0  startup_stm32f407xx.o(.text)
    DMA1_Stream7_IRQHandler                  0x08000277   Thumb Code     0  startup_stm32f407xx.o(.text)
    DMA2_Stream0_IRQHandler                  0x08000277   Thumb Code     0  startup_stm32f407xx.o(.text)
    DMA2_Stream1_IRQHandler                  0x08000277   Thumb Code     0  startup_stm32f407xx.o(.text)
    DMA2_Stream2_IRQHandler                  0x08000277   Thumb Code     0  startup_stm32f407xx.o(.text)
    DMA2_Stream3_IRQHandler                  0x08000277   Thumb Code     0  startup_stm32f407xx.o(.text)
    DMA2_Stream4_IRQHandler                  0x08000277   Thumb Code     0  startup_stm32f407xx.o(.text)
    DMA2_Stream5_IRQHandler                  0x08000277   Thumb Code     0  startup_stm32f407xx.o(.text)
    DMA2_Stream6_IRQHandler                  0x08000277   Thumb Code     0  startup_stm32f407xx.o(.text)
    DMA2_Stream7_IRQHandler                  0x08000277   Thumb Code     0  startup_stm32f407xx.o(.text)
    ETH_IRQHandler                           0x08000277   Thumb Code     0  startup_stm32f407xx.o(.text)
    ETH_WKUP_IRQHandler                      0x08000277   Thumb Code     0  startup_stm32f407xx.o(.text)
    EXTI0_IRQHandler                         0x08000277   Thumb Code     0  startup_stm32f407xx.o(.text)
    EXTI1_IRQHandler                         0x08000277   Thumb Code     0  startup_stm32f407xx.o(.text)
    EXTI2_IRQHandler                         0x08000277   Thumb Code     0  startup_stm32f407xx.o(.text)
    EXTI3_IRQHandler                         0x08000277   Thumb Code     0  startup_stm32f407xx.o(.text)
    EXTI4_IRQHandler                         0x08000277   Thumb Code     0  startup_stm32f407xx.o(.text)
    FLASH_IRQHandler                         0x08000277   Thumb Code     0  startup_stm32f407xx.o(.text)
    FMC_IRQHandler                           0x08000277   Thumb Code     0  startup_stm32f407xx.o(.text)
    FPU_IRQHandler                           0x08000277   Thumb Code     0  startup_stm32f407xx.o(.text)
    HASH_RNG_IRQHandler                      0x08000277   Thumb Code     0  startup_stm32f407xx.o(.text)
    I2C1_ER_IRQHandler                       0x08000277   Thumb Code     0  startup_stm32f407xx.o(.text)
    I2C1_EV_IRQHandler                       0x08000277   Thumb Code     0  startup_stm32f407xx.o(.text)
    I2C2_ER_IRQHandler                       0x08000277   Thumb Code     0  startup_stm32f407xx.o(.text)
    I2C2_EV_IRQHandler                       0x08000277   Thumb Code     0  startup_stm32f407xx.o(.text)
    I2C3_ER_IRQHandler                       0x08000277   Thumb Code     0  startup_stm32f407xx.o(.text)
    I2C3_EV_IRQHandler                       0x08000277   Thumb Code     0  startup_stm32f407xx.o(.text)
    OTG_FS_IRQHandler                        0x08000277   Thumb Code     0  startup_stm32f407xx.o(.text)
    OTG_FS_WKUP_IRQHandler                   0x08000277   Thumb Code     0  startup_stm32f407xx.o(.text)
    OTG_HS_EP1_IN_IRQHandler                 0x08000277   Thumb Code     0  startup_stm32f407xx.o(.text)
    OTG_HS_EP1_OUT_IRQHandler                0x08000277   Thumb Code     0  startup_stm32f407xx.o(.text)
    OTG_HS_IRQHandler                        0x08000277   Thumb Code     0  startup_stm32f407xx.o(.text)
    OTG_HS_WKUP_IRQHandler                   0x08000277   Thumb Code     0  startup_stm32f407xx.o(.text)
    PVD_IRQHandler                           0x08000277   Thumb Code     0  startup_stm32f407xx.o(.text)
    RCC_IRQHandler                           0x08000277   Thumb Code     0  startup_stm32f407xx.o(.text)
    RTC_Alarm_IRQHandler                     0x08000277   Thumb Code     0  startup_stm32f407xx.o(.text)
    RTC_WKUP_IRQHandler                      0x08000277   Thumb Code     0  startup_stm32f407xx.o(.text)
    SDIO_IRQHandler                          0x08000277   Thumb Code     0  startup_stm32f407xx.o(.text)
    SPI1_IRQHandler                          0x08000277   Thumb Code     0  startup_stm32f407xx.o(.text)
    SPI3_IRQHandler                          0x08000277   Thumb Code     0  startup_stm32f407xx.o(.text)
    TAMP_STAMP_IRQHandler                    0x08000277   Thumb Code     0  startup_stm32f407xx.o(.text)
    TIM1_BRK_TIM9_IRQHandler                 0x08000277   Thumb Code     0  startup_stm32f407xx.o(.text)
    TIM1_CC_IRQHandler                       0x08000277   Thumb Code     0  startup_stm32f407xx.o(.text)
    TIM1_TRG_COM_TIM11_IRQHandler            0x08000277   Thumb Code     0  startup_stm32f407xx.o(.text)
    TIM1_UP_TIM10_IRQHandler                 0x08000277   Thumb Code     0  startup_stm32f407xx.o(.text)
    TIM2_IRQHandler                          0x08000277   Thumb Code     0  startup_stm32f407xx.o(.text)
    TIM3_IRQHandler                          0x08000277   Thumb Code     0  startup_stm32f407xx.o(.text)
    TIM5_IRQHandler                          0x08000277   Thumb Code     0  startup_stm32f407xx.o(.text)
    TIM6_DAC_IRQHandler                      0x08000277   Thumb Code     0  startup_stm32f407xx.o(.text)
    TIM7_IRQHandler                          0x08000277   Thumb Code     0  startup_stm32f407xx.o(.text)
    TIM8_BRK_TIM12_IRQHandler                0x08000277   Thumb Code     0  startup_stm32f407xx.o(.text)
    TIM8_CC_IRQHandler                       0x08000277   Thumb Code     0  startup_stm32f407xx.o(.text)
    TIM8_TRG_COM_TIM14_IRQHandler            0x08000277   Thumb Code     0  startup_stm32f407xx.o(.text)
    TIM8_UP_TIM13_IRQHandler                 0x08000277   Thumb Code     0  startup_stm32f407xx.o(.text)
    UART5_IRQHandler                         0x08000277   Thumb Code     0  startup_stm32f407xx.o(.text)
    USART2_IRQHandler                        0x08000277   Thumb Code     0  startup_stm32f407xx.o(.text)
    USART6_IRQHandler                        0x08000277   Thumb Code     0  startup_stm32f407xx.o(.text)
    WWDG_IRQHandler                          0x08000277   Thumb Code     0  startup_stm32f407xx.o(.text)
    __aeabi_uldivmod                         0x08000281   Thumb Code    98  uldiv.o(.text)
    __aeabi_memcpy                           0x080002e3   Thumb Code    36  memcpya.o(.text)
    __aeabi_memcpy4                          0x080002e3   Thumb Code     0  memcpya.o(.text)
    __aeabi_memcpy8                          0x080002e3   Thumb Code     0  memcpya.o(.text)
    __aeabi_memset                           0x08000307   Thumb Code    14  memseta.o(.text)
    __aeabi_memset4                          0x08000307   Thumb Code     0  memseta.o(.text)
    __aeabi_memset8                          0x08000307   Thumb Code     0  memseta.o(.text)
    __aeabi_memclr                           0x08000315   Thumb Code     4  memseta.o(.text)
    __aeabi_memclr4                          0x08000315   Thumb Code     0  memseta.o(.text)
    __aeabi_memclr8                          0x08000315   Thumb Code     0  memseta.o(.text)
    memset                                   0x08000319   Thumb Code    18  memseta.o(.text)
    __aeabi_dadd                             0x0800032b   Thumb Code   322  dadd.o(.text)
    __aeabi_dsub                             0x0800046d   Thumb Code     6  dadd.o(.text)
    __aeabi_drsub                            0x08000473   Thumb Code     6  dadd.o(.text)
    __aeabi_dmul                             0x08000479   Thumb Code   228  dmul.o(.text)
    __aeabi_ddiv                             0x0800055d   Thumb Code   222  ddiv.o(.text)
    __aeabi_i2d                              0x0800063b   Thumb Code    34  dflti.o(.text)
    __aeabi_cdcmpeq                          0x0800065d   Thumb Code     0  cdcmple.o(.text)
    __aeabi_cdcmple                          0x0800065d   Thumb Code    48  cdcmple.o(.text)
    __aeabi_cdrcmple                         0x0800068d   Thumb Code    48  cdrcmple.o(.text)
    __aeabi_uidiv                            0x080006bd   Thumb Code     0  uidiv.o(.text)
    __aeabi_uidivmod                         0x080006bd   Thumb Code    44  uidiv.o(.text)
    __aeabi_llsl                             0x080006e9   Thumb Code    30  llshl.o(.text)
    _ll_shift_l                              0x080006e9   Thumb Code     0  llshl.o(.text)
    __aeabi_llsr                             0x08000707   Thumb Code    32  llushr.o(.text)
    _ll_ushift_r                             0x08000707   Thumb Code     0  llushr.o(.text)
    __aeabi_lasr                             0x08000727   Thumb Code    36  llsshr.o(.text)
    _ll_sshift_r                             0x08000727   Thumb Code     0  llsshr.o(.text)
    __I$use$fp                               0x0800074b   Thumb Code     0  iusefp.o(.text)
    _double_round                            0x0800074b   Thumb Code    30  depilogue.o(.text)
    _double_epilogue                         0x08000769   Thumb Code   156  depilogue.o(.text)
    __aeabi_d2ulz                            0x08000805   Thumb Code    48  dfixul.o(.text)
    __scatterload                            0x08000835   Thumb Code    28  init.o(.text)
    __scatterload_rt2                        0x08000835   Thumb Code     0  init.o(.text)
    __decompress                             0x08000859   Thumb Code     0  __dczerorl2.o(.text)
    __decompress1                            0x08000859   Thumb Code    86  __dczerorl2.o(.text)
    AT24Cxx_Init                             0x080008b1   Thumb Code    28  24cxx.o(i.AT24Cxx_Init)
    AT24Cxx_Read                             0x080008d5   Thumb Code    32  24cxx.o(i.AT24Cxx_Read)
    AT24Cxx_Read_One_Byte                    0x080008f5   Thumb Code    84  24cxx.o(i.AT24Cxx_Read_One_Byte)
    AT24Cxx_Write                            0x0800094d   Thumb Code    32  24cxx.o(i.AT24Cxx_Write)
    AT24Cxx_Write_One_Byte                   0x0800096d   Thumb Code    78  24cxx.o(i.AT24Cxx_Write_One_Byte)
    BlueTooth_Init                           0x080009c1   Thumb Code    22  hc06.o(i.BlueTooth_Init)
    BusFault_Handler                         0x080009e1   Thumb Code     2  stm32f4xx_it.o(i.BusFault_Handler)
    DMA1_Stream1_IRQHandler                  0x080009e5   Thumb Code     6  stm32f4xx_it.o(i.DMA1_Stream1_IRQHandler)
    DMA1_Stream2_IRQHandler                  0x080009f1   Thumb Code     6  stm32f4xx_it.o(i.DMA1_Stream2_IRQHandler)
    DMA1_Stream4_IRQHandler                  0x080009fd   Thumb Code     6  stm32f4xx_it.o(i.DMA1_Stream4_IRQHandler)
    DebugMon_Handler                         0x08000aad   Thumb Code     2  stm32f4xx_it.o(i.DebugMon_Handler)
    Delay_ms                                 0x08000aaf   Thumb Code    26  delay.o(i.Delay_ms)
    Delay_us                                 0x08000ac9   Thumb Code    52  delay.o(i.Delay_us)
    EXTI15_10_IRQHandler                     0x08000b01   Thumb Code    22  stm32f4xx_it.o(i.EXTI15_10_IRQHandler)
    EXTI9_5_IRQHandler                       0x08000b19   Thumb Code    12  stm32f4xx_it.o(i.EXTI9_5_IRQHandler)
    Error_Handler                            0x08000b29   Thumb Code     4  main.o(i.Error_Handler)
    FSMC_NORSRAM_Extended_Timing_Init        0x08000b2d   Thumb Code    56  stm32f4xx_ll_fsmc.o(i.FSMC_NORSRAM_Extended_Timing_Init)
    FSMC_NORSRAM_Init                        0x08000b69   Thumb Code    98  stm32f4xx_ll_fsmc.o(i.FSMC_NORSRAM_Init)
    FSMC_NORSRAM_Timing_Init                 0x08000bd1   Thumb Code    64  stm32f4xx_ll_fsmc.o(i.FSMC_NORSRAM_Timing_Init)
    GUI_Circle                               0x08000c15   Thumb Code   132  gui.o(i.GUI_Circle)
    GUI_DrawPoint                            0x08000c99   Thumb Code    18  gui.o(i.GUI_DrawPoint)
    HAL_DMA_Abort                            0x08000cab   Thumb Code   146  stm32f4xx_hal_dma.o(i.HAL_DMA_Abort)
    HAL_DMA_Abort_IT                         0x08000d3d   Thumb Code    36  stm32f4xx_hal_dma.o(i.HAL_DMA_Abort_IT)
    HAL_DMA_IRQHandler                       0x08000d61   Thumb Code   412  stm32f4xx_hal_dma.o(i.HAL_DMA_IRQHandler)
    HAL_DMA_Init                             0x08000f01   Thumb Code   206  stm32f4xx_hal_dma.o(i.HAL_DMA_Init)
    HAL_DMA_Start_IT                         0x08000fd5   Thumb Code   110  stm32f4xx_hal_dma.o(i.HAL_DMA_Start_IT)
    HAL_GPIO_EXTI_Callback                   0x080010d1   Thumb Code    70  key.o(i.HAL_GPIO_EXTI_Callback)
    HAL_GPIO_EXTI_IRQHandler                 0x08001121   Thumb Code    18  stm32f4xx_hal_gpio.o(i.HAL_GPIO_EXTI_IRQHandler)
    HAL_GPIO_Init                            0x08001139   Thumb Code   418  stm32f4xx_hal_gpio.o(i.HAL_GPIO_Init)
    HAL_GPIO_ReadPin                         0x08001309   Thumb Code    10  stm32f4xx_hal_gpio.o(i.HAL_GPIO_ReadPin)
    HAL_GPIO_TogglePin                       0x08001313   Thumb Code    16  stm32f4xx_hal_gpio.o(i.HAL_GPIO_TogglePin)
    HAL_GPIO_WritePin                        0x08001323   Thumb Code    10  stm32f4xx_hal_gpio.o(i.HAL_GPIO_WritePin)
    HAL_GetTick                              0x0800132d   Thumb Code     6  stm32f4xx_hal.o(i.HAL_GetTick)
    HAL_IncTick                              0x08001339   Thumb Code    12  stm32f4xx_hal.o(i.HAL_IncTick)
    HAL_Init                                 0x08001349   Thumb Code    48  stm32f4xx_hal.o(i.HAL_Init)
    HAL_InitTick                             0x0800137d   Thumb Code   132  stm32f4xx_hal_timebase_tim.o(i.HAL_InitTick)
    HAL_MspInit                              0x08001415   Thumb Code    52  stm32f4xx_hal_msp.o(i.HAL_MspInit)
    HAL_NVIC_EnableIRQ                       0x0800144d   Thumb Code    26  stm32f4xx_hal_cortex.o(i.HAL_NVIC_EnableIRQ)
    HAL_NVIC_SetPriority                     0x08001469   Thumb Code    60  stm32f4xx_hal_cortex.o(i.HAL_NVIC_SetPriority)
    HAL_NVIC_SetPriorityGrouping             0x080014a9   Thumb Code    26  stm32f4xx_hal_cortex.o(i.HAL_NVIC_SetPriorityGrouping)
    HAL_RCC_ClockConfig                      0x080014cd   Thumb Code   288  stm32f4xx_hal_rcc.o(i.HAL_RCC_ClockConfig)
    HAL_RCC_GetClockConfig                   0x08001601   Thumb Code    54  stm32f4xx_hal_rcc.o(i.HAL_RCC_GetClockConfig)
    HAL_RCC_GetPCLK1Freq                     0x08001641   Thumb Code    20  stm32f4xx_hal_rcc.o(i.HAL_RCC_GetPCLK1Freq)
    HAL_RCC_GetPCLK2Freq                     0x08001661   Thumb Code    20  stm32f4xx_hal_rcc.o(i.HAL_RCC_GetPCLK2Freq)
    HAL_RCC_GetSysClockFreq                  0x08001681   Thumb Code    88  stm32f4xx_hal_rcc.o(i.HAL_RCC_GetSysClockFreq)
    HAL_RCC_OscConfig                        0x080016e1   Thumb Code   836  stm32f4xx_hal_rcc.o(i.HAL_RCC_OscConfig)
    HAL_SPI_ErrorCallback                    0x08001a39   Thumb Code     2  stm32f4xx_hal_spi.o(i.HAL_SPI_ErrorCallback)
    HAL_SPI_IRQHandler                       0x08001a3d   Thumb Code   246  stm32f4xx_hal_spi.o(i.HAL_SPI_IRQHandler)
    HAL_SPI_Init                             0x08001b39   Thumb Code   188  stm32f4xx_hal_spi.o(i.HAL_SPI_Init)
    HAL_SPI_MspInit                          0x08001bf5   Thumb Code   144  spi.o(i.HAL_SPI_MspInit)
    HAL_SPI_TransmitReceive                  0x08001c95   Thumb Code   486  stm32f4xx_hal_spi.o(i.HAL_SPI_TransmitReceive)
    HAL_SRAM_Init                            0x08001e7b   Thumb Code    92  stm32f4xx_hal_sram.o(i.HAL_SRAM_Init)
    HAL_SRAM_MspInit                         0x08001ed7   Thumb Code     4  fsmc.o(i.HAL_SRAM_MspInit)
    HAL_TIMEx_BreakCallback                  0x08001edb   Thumb Code     2  stm32f4xx_hal_tim_ex.o(i.HAL_TIMEx_BreakCallback)
    HAL_TIMEx_CommutCallback                 0x08001edd   Thumb Code     2  stm32f4xx_hal_tim_ex.o(i.HAL_TIMEx_CommutCallback)
    HAL_TIM_Base_Init                        0x08001edf   Thumb Code    90  stm32f4xx_hal_tim.o(i.HAL_TIM_Base_Init)
    HAL_TIM_Base_MspInit                     0x08001f39   Thumb Code     2  stm32f4xx_hal_tim.o(i.HAL_TIM_Base_MspInit)
    HAL_TIM_Base_Start_IT                    0x08001f3d   Thumb Code   100  stm32f4xx_hal_tim.o(i.HAL_TIM_Base_Start_IT)
    HAL_TIM_IC_CaptureCallback               0x08001fbd   Thumb Code     2  stm32f4xx_hal_tim.o(i.HAL_TIM_IC_CaptureCallback)
    HAL_TIM_IRQHandler                       0x08001fbf   Thumb Code   304  stm32f4xx_hal_tim.o(i.HAL_TIM_IRQHandler)
    HAL_TIM_OC_DelayElapsedCallback          0x080020ef   Thumb Code     2  stm32f4xx_hal_tim.o(i.HAL_TIM_OC_DelayElapsedCallback)
    HAL_TIM_PWM_PulseFinishedCallback        0x080020f1   Thumb Code     2  stm32f4xx_hal_tim.o(i.HAL_TIM_PWM_PulseFinishedCallback)
    HAL_TIM_PeriodElapsedCallback            0x080020f5   Thumb Code    14  main.o(i.HAL_TIM_PeriodElapsedCallback)
    HAL_TIM_TriggerCallback                  0x08002109   Thumb Code     2  stm32f4xx_hal_tim.o(i.HAL_TIM_TriggerCallback)
    HAL_UARTEx_ReceiveToIdle_DMA             0x0800210b   Thumb Code    86  stm32f4xx_hal_uart.o(i.HAL_UARTEx_ReceiveToIdle_DMA)
    HAL_UARTEx_RxEventCallback               0x08002161   Thumb Code    48  hc06.o(i.HAL_UARTEx_RxEventCallback)
    HAL_UART_ErrorCallback                   0x080021a1   Thumb Code     2  stm32f4xx_hal_uart.o(i.HAL_UART_ErrorCallback)
    HAL_UART_IRQHandler                      0x080021a5   Thumb Code   618  stm32f4xx_hal_uart.o(i.HAL_UART_IRQHandler)
    HAL_UART_Init                            0x08002415   Thumb Code   100  stm32f4xx_hal_uart.o(i.HAL_UART_Init)
    HAL_UART_MspInit                         0x08002479   Thumb Code   412  usart.o(i.HAL_UART_MspInit)
    HAL_UART_RxCpltCallback                  0x08002635   Thumb Code     2  stm32f4xx_hal_uart.o(i.HAL_UART_RxCpltCallback)
    HAL_UART_RxHalfCpltCallback              0x08002637   Thumb Code     2  stm32f4xx_hal_uart.o(i.HAL_UART_RxHalfCpltCallback)
    HAL_UART_Transmit                        0x08002639   Thumb Code   160  stm32f4xx_hal_uart.o(i.HAL_UART_Transmit)
    HAL_UART_TxCpltCallback                  0x080026d9   Thumb Code     2  stm32f4xx_hal_uart.o(i.HAL_UART_TxCpltCallback)
    HardFault_Handler                        0x080026db   Thumb Code     2  stm32f4xx_it.o(i.HardFault_Handler)
    IIC_Init                                 0x080026dd   Thumb Code    52  iic_hal.o(i.IIC_Init)
    IIC_Read_Byte                            0x08002711   Thumb Code    84  iic_hal.o(i.IIC_Read_Byte)
    IIC_Send_Byte                            0x08002765   Thumb Code    86  iic_hal.o(i.IIC_Send_Byte)
    IIC_Send_NotAck                          0x080027bb   Thumb Code    48  iic_hal.o(i.IIC_Send_NotAck)
    IIC_Start                                0x080027eb   Thumb Code    62  iic_hal.o(i.IIC_Start)
    IIC_Stop                                 0x08002829   Thumb Code    62  iic_hal.o(i.IIC_Stop)
    IIC_Wait_Ack                             0x08002867   Thumb Code    82  iic_hal.o(i.IIC_Wait_Ack)
    LCD_Clear                                0x080028b9   Thumb Code    46  lcd.o(i.LCD_Clear)
    LCD_DrawLine                             0x080028f1   Thumb Code   150  gui.o(i.LCD_DrawLine)
    LCD_DrawPoint                            0x08002989   Thumb Code    16  lcd.o(i.LCD_DrawPoint)
    LCD_Fill                                 0x080029a1   Thumb Code    80  gui.o(i.LCD_Fill)
    LCD_Init                                 0x080029f5   Thumb Code   392  lcd.o(i.LCD_Init)
    LCD_SetCursor                            0x08002b85   Thumb Code     8  lcd.o(i.LCD_SetCursor)
    LCD_SetWindows                           0x08002b8d   Thumb Code    54  lcd.o(i.LCD_SetWindows)
    LCD_ShowChar                             0x08002bcd   Thumb Code   248  gui.o(i.LCD_ShowChar)
    LCD_ShowString2                          0x08002cd5   Thumb Code    88  gui.o(i.LCD_ShowString2)
    LCD_WriteRAM_Prepare                     0x08002d2d   Thumb Code    10  lcd.o(i.LCD_WriteRAM_Prepare)
    LCD_WriteReg                             0x08002d41   Thumb Code    10  lcd.o(i.LCD_WriteReg)
    LCD_direction                            0x08002d51   Thumb Code    76  lcd.o(i.LCD_direction)
    Lcd_WriteData_16Bit                      0x08002da1   Thumb Code     6  lcd.o(i.Lcd_WriteData_16Bit)
    MFRC_ClrBitMask                          0x08002dad   Thumb Code    24  rc522.o(i.MFRC_ClrBitMask)
    MFRC_Init                                0x08002dc5   Thumb Code    28  rc522.o(i.MFRC_Init)
    MFRC_ReadReg                             0x08002de5   Thumb Code    52  rc522.o(i.MFRC_ReadReg)
    MFRC_SetBitMask                          0x08002e1d   Thumb Code    24  rc522.o(i.MFRC_SetBitMask)
    MFRC_WriteReg                            0x08002e35   Thumb Code    48  rc522.o(i.MFRC_WriteReg)
    MPU_Bus_Init                             0x08002e69   Thumb Code    28  mpu6050.o(i.MPU_Bus_Init)
    MPU_INT_Pin_Init                         0x08002e8d   Thumb Code    72  mpu6050.o(i.MPU_INT_Pin_Init)
    MPU_Init                                 0x08002edd   Thumb Code   126  mpu6050.o(i.MPU_Init)
    MPU_Motion_Init                          0x08002f5b   Thumb Code    38  mpu6050.o(i.MPU_Motion_Init)
    MPU_Read_Byte                            0x08002f81   Thumb Code    82  mpu6050.o(i.MPU_Read_Byte)
    MPU_Set_Accel_Fsr                        0x08002fd9   Thumb Code    10  mpu6050.o(i.MPU_Set_Accel_Fsr)
    MPU_Set_Gyro_Fsr                         0x08002fe3   Thumb Code    10  mpu6050.o(i.MPU_Set_Gyro_Fsr)
    MPU_Set_LPF                              0x08002fed   Thumb Code    48  mpu6050.o(i.MPU_Set_LPF)
    MPU_Set_Rate                             0x0800301d   Thumb Code    46  mpu6050.o(i.MPU_Set_Rate)
    MPU_Write_Byte                           0x0800304d   Thumb Code    78  mpu6050.o(i.MPU_Write_Byte)
    MX_DMA_Init                              0x080030a1   Thumb Code    72  dma.o(i.MX_DMA_Init)
    MX_FREERTOS_Init                         0x080030ed   Thumb Code    18  freertos.o(i.MX_FREERTOS_Init)
    MX_FSMC_Init                             0x0800310d   Thumb Code   128  fsmc.o(i.MX_FSMC_Init)
    MX_GPIO_Init                             0x08003195   Thumb Code   446  gpio.o(i.MX_GPIO_Init)
    MX_SPI2_Init                             0x08003375   Thumb Code    62  spi.o(i.MX_SPI2_Init)
    MX_UART4_Init                            0x080033bd   Thumb Code    48  usart.o(i.MX_UART4_Init)
    MX_USART1_UART_Init                      0x080033f5   Thumb Code    48  usart.o(i.MX_USART1_UART_Init)
    MX_USART3_UART_Init                      0x0800342d   Thumb Code    48  usart.o(i.MX_USART3_UART_Init)
    MemManage_Handler                        0x08003465   Thumb Code     2  stm32f4xx_it.o(i.MemManage_Handler)
    NMI_Handler                              0x08003467   Thumb Code     2  stm32f4xx_it.o(i.NMI_Handler)
    PCD_AntennaOff                           0x08003469   Thumb Code     8  rc522.o(i.PCD_AntennaOff)
    PCD_AntennaOn                            0x08003471   Thumb Code    26  rc522.o(i.PCD_AntennaOn)
    PCD_Init_RST                             0x0800348b   Thumb Code    14  rc522.o(i.PCD_Init_RST)
    PCD_Reset                                0x08003499   Thumb Code   132  rc522.o(i.PCD_Reset)
    SCL_Output                               0x08003521   Thumb Code    18  iic_hal.o(i.SCL_Output)
    SDA_Input                                0x08003533   Thumb Code    18  iic_hal.o(i.SDA_Input)
    SDA_Input_Mode                           0x08003545   Thumb Code    42  iic_hal.o(i.SDA_Input_Mode)
    SDA_Output                               0x0800356f   Thumb Code    18  iic_hal.o(i.SDA_Output)
    SDA_Output_Mode                          0x08003581   Thumb Code    42  iic_hal.o(i.SDA_Output_Mode)
    SPI2_IRQHandler                          0x080035ad   Thumb Code     6  stm32f4xx_it.o(i.SPI2_IRQHandler)
    SPI2_RW_Byte                             0x080035b9   Thumb Code    26  rc522.o(i.SPI2_RW_Byte)
    StartDefaultTask                         0x08003711   Thumb Code    14  freertos.o(i.StartDefaultTask)
    SysTick_Handler                          0x08003731   Thumb Code    26  cmsis_os2.o(i.SysTick_Handler)
    SystemClock_Config                       0x0800374d   Thumb Code   140  main.o(i.SystemClock_Config)
    SystemInit                               0x080037e1   Thumb Code    12  system_stm32f4xx.o(i.SystemInit)
    TIM4_IRQHandler                          0x080037f1   Thumb Code     6  stm32f4xx_it.o(i.TIM4_IRQHandler)
    TIM_Base_SetConfig                       0x080037fd   Thumb Code   170  stm32f4xx_hal_tim.o(i.TIM_Base_SetConfig)
    UART4_IRQHandler                         0x080038d5   Thumb Code     6  stm32f4xx_it.o(i.UART4_IRQHandler)
    UART_Start_Receive_DMA                   0x08003c19   Thumb Code   134  stm32f4xx_hal_uart.o(i.UART_Start_Receive_DMA)
    USART1_IRQHandler                        0x08003d1d   Thumb Code     6  stm32f4xx_it.o(i.USART1_IRQHandler)
    USART3_IRQHandler                        0x08003d29   Thumb Code    22  stm32f4xx_it.o(i.USART3_IRQHandler)
    UsageFault_Handler                       0x08003d49   Thumb Code     2  stm32f4xx_it.o(i.UsageFault_Handler)
    __0printf                                0x08003d4d   Thumb Code    22  printfa.o(i.__0printf)
    __1printf                                0x08003d4d   Thumb Code     0  printfa.o(i.__0printf)
    __2printf                                0x08003d4d   Thumb Code     0  printfa.o(i.__0printf)
    __c89printf                              0x08003d4d   Thumb Code     0  printfa.o(i.__0printf)
    printf                                   0x08003d4d   Thumb Code     0  printfa.o(i.__0printf)
    __0sprintf                               0x08003d6d   Thumb Code    34  printfa.o(i.__0sprintf)
    __1sprintf                               0x08003d6d   Thumb Code     0  printfa.o(i.__0sprintf)
    __2sprintf                               0x08003d6d   Thumb Code     0  printfa.o(i.__0sprintf)
    __c89sprintf                             0x08003d6d   Thumb Code     0  printfa.o(i.__0sprintf)
    sprintf                                  0x08003d6d   Thumb Code     0  printfa.o(i.__0sprintf)
    __scatterload_copy                       0x08003db5   Thumb Code    14  handlers.o(i.__scatterload_copy)
    __scatterload_null                       0x08003dc3   Thumb Code     2  handlers.o(i.__scatterload_null)
    __scatterload_zeroinit                   0x08003dc5   Thumb Code    14  handlers.o(i.__scatterload_zeroinit)
    _draw_circle_8                           0x08003dd3   Thumb Code   152  gui.o(i._draw_circle_8)
    fputc                                    0x08004729   Thumb Code    20  uart_redefine.o(i.fputc)
    led_init                                 0x08004741   Thumb Code    98  led.o(i.led_init)
    main                                     0x080047ad   Thumb Code   106  main.o(i.main)
    osDelay                                  0x0800483d   Thumb Code    26  cmsis_os2.o(i.osDelay)
    osKernelInitialize                       0x08004859   Thumb Code    32  cmsis_os2.o(i.osKernelInitialize)
    osKernelStart                            0x0800487d   Thumb Code    48  cmsis_os2.o(i.osKernelStart)
    osThreadNew                              0x080048b5   Thumb Code   136  cmsis_os2.o(i.osThreadNew)
    pvPortMalloc                             0x080050cd   Thumb Code   222  heap_4.o(i.pvPortMalloc)
    pxPortInitialiseStack                    0x080051b1   Thumb Code    40  port.o(i.pxPortInitialiseStack)
    tp_adjust                                0x080051dd   Thumb Code   764  touch.o(i.tp_adjust)
    tp_get_adjust_data                       0x080056b5   Thumb Code    30  touch.o(i.tp_get_adjust_data)
    tp_init                                  0x080056d9   Thumb Code    54  touch.o(i.tp_init)
    tp_save_adjust_data                      0x0800590d   Thumb Code    24  touch.o(i.tp_save_adjust_data)
    tp_scan                                  0x08005929   Thumb Code   200  touch.o(i.tp_scan)
    uxListRemove                             0x080059fd   Thumb Code    38  list.o(i.uxListRemove)
    vApplicationGetIdleTaskMemory            0x08005a25   Thumb Code    16  cmsis_os2.o(i.vApplicationGetIdleTaskMemory)
    vApplicationGetTimerTaskMemory           0x08005a39   Thumb Code    18  cmsis_os2.o(i.vApplicationGetTimerTaskMemory)
    vApplicationIdleHook                     0x08005a51   Thumb Code     2  freertos.o(i.vApplicationIdleHook)
    vApplicationMallocFailedHook             0x08005a53   Thumb Code     2  freertos.o(i.vApplicationMallocFailedHook)
    vApplicationStackOverflowHook            0x08005a55   Thumb Code     2  freertos.o(i.vApplicationStackOverflowHook)
    vApplicationTickHook                     0x08005a57   Thumb Code     2  freertos.o(i.vApplicationTickHook)
    vListInitialise                          0x08005a59   Thumb Code    22  list.o(i.vListInitialise)
    vListInitialiseItem                      0x08005a6f   Thumb Code     6  list.o(i.vListInitialiseItem)
    vListInsert                              0x08005a75   Thumb Code    48  list.o(i.vListInsert)
    vListInsertEnd                           0x08005aa5   Thumb Code    24  list.o(i.vListInsertEnd)
    vPortEnterCritical                       0x08005abd   Thumb Code    54  port.o(i.vPortEnterCritical)
    vPortExitCritical                        0x08005afd   Thumb Code    34  port.o(i.vPortExitCritical)
    vPortFree                                0x08005b25   Thumb Code    94  heap_4.o(i.vPortFree)
    vPortSetupTimerInterrupt                 0x08005b89   Thumb Code    32  port.o(i.vPortSetupTimerInterrupt)
    vPortValidateInterruptPriority           0x08005bad   Thumb Code    74  port.o(i.vPortValidateInterruptPriority)
    vQueueAddToRegistry                      0x08005c01   Thumb Code    32  queue.o(i.vQueueAddToRegistry)
    vQueueWaitForMessageRestricted           0x08005c25   Thumb Code    68  queue.o(i.vQueueWaitForMessageRestricted)
    vTaskDelay                               0x08005c69   Thumb Code    66  tasks.o(i.vTaskDelay)
    vTaskInternalSetTimeOutState             0x08005cb5   Thumb Code    12  tasks.o(i.vTaskInternalSetTimeOutState)
    vTaskMissedYield                         0x08005cc5   Thumb Code     8  tasks.o(i.vTaskMissedYield)
    vTaskPlaceOnEventList                    0x08005cd1   Thumb Code    44  tasks.o(i.vTaskPlaceOnEventList)
    vTaskPlaceOnEventListRestricted          0x08005d01   Thumb Code    52  tasks.o(i.vTaskPlaceOnEventListRestricted)
    vTaskStartScheduler                      0x08005d39   Thumb Code   116  tasks.o(i.vTaskStartScheduler)
    vTaskSuspendAll                          0x08005dbd   Thumb Code    10  tasks.o(i.vTaskSuspendAll)
    vTaskSwitchContext                       0x08005dcd   Thumb Code   132  tasks.o(i.vTaskSwitchContext)
    xPortStartScheduler                      0x08005e59   Thumb Code   224  port.o(i.xPortStartScheduler)
    xPortSysTickHandler                      0x08005f4d   Thumb Code    38  port.o(i.xPortSysTickHandler)
    xQueueGenericCreateStatic                0x08005f79   Thumb Code   102  queue.o(i.xQueueGenericCreateStatic)
    xQueueGenericReset                       0x08005fe1   Thumb Code   132  queue.o(i.xQueueGenericReset)
    xQueueGenericSend                        0x08006069   Thumb Code   350  queue.o(i.xQueueGenericSend)
    xQueueGenericSendFromISR                 0x080061cd   Thumb Code   190  queue.o(i.xQueueGenericSendFromISR)
    xQueueReceive                            0x0800628d   Thumb Code   308  queue.o(i.xQueueReceive)
    xTaskCheckForTimeOut                     0x080063c5   Thumb Code   112  tasks.o(i.xTaskCheckForTimeOut)
    xTaskCreate                              0x08006439   Thumb Code    90  tasks.o(i.xTaskCreate)
    xTaskCreateStatic                        0x08006493   Thumb Code    90  tasks.o(i.xTaskCreateStatic)
    xTaskGetSchedulerState                   0x080064ed   Thumb Code    22  tasks.o(i.xTaskGetSchedulerState)
    xTaskGetTickCount                        0x08006509   Thumb Code     6  tasks.o(i.xTaskGetTickCount)
    xTaskIncrementTick                       0x08006515   Thumb Code   206  tasks.o(i.xTaskIncrementTick)
    xTaskPriorityDisinherit                  0x080065ed   Thumb Code   116  tasks.o(i.xTaskPriorityDisinherit)
    xTaskRemoveFromEventList                 0x08006669   Thumb Code    98  tasks.o(i.xTaskRemoveFromEventList)
    xTaskResumeAll                           0x080066d9   Thumb Code   180  tasks.o(i.xTaskResumeAll)
    xTimerCreateTimerTask                    0x08006799   Thumb Code    78  timers.o(i.xTimerCreateTimerTask)
    xTimerGenericCommand                     0x080067f9   Thumb Code    94  timers.o(i.xTimerGenericCommand)
    defaultTask_attributes                   0x0800685c   Data          36  freertos.o(.constdata)
    AHBPrescTable                            0x08006888   Data          16  system_stm32f4xx.o(.constdata)
    APBPrescTable                            0x08006898   Data           8  system_stm32f4xx.o(.constdata)
    asc2_1206                                0x080068a0   Data        1140  gui.o(.constdata)
    asc2_1608                                0x08006d14   Data        1520  gui.o(.constdata)
    tfont16                                  0x08007304   Data        2244  gui.o(.constdata)
    tfont24                                  0x08007bc8   Data         518  gui.o(.constdata)
    tfont32                                  0x08007dce   Data         520  gui.o(.constdata)
    Region$$Table$$Base                      0x08007fe4   Number         0  anon$$obj.o(Region$$Table)
    Region$$Table$$Limit                     0x08008004   Number         0  anon$$obj.o(Region$$Table)
    defaultTaskHandle                        0x20000000   Data           4  freertos.o(.data)
    HardInt_mpu_flag                         0x2000000c   Data           1  stm32f4xx_it.o(.data)
    uwTickFreq                               0x20000010   Data           1  stm32f4xx_hal.o(.data)
    uwTickPrio                               0x20000014   Data           4  stm32f4xx_hal.o(.data)
    uwTick                                   0x20000018   Data           4  stm32f4xx_hal.o(.data)
    SystemCoreClock                          0x2000001c   Data           4  system_stm32f4xx.o(.data)
    AT24CXX_Bus                              0x20000020   Data          12  24cxx.o(.data)
    POINT_COLOR                              0x2000002c   Data           2  lcd.o(.data)
    tp_dev                                   0x20000030   Data          72  touch.o(.data)
    RC522handle                              0x20000078   Data          40  rc522.o(.data)
    MPU_bus                                  0x200000a0   Data          12  mpu6050.o(.data)
    pxCurrentTCB                             0x200000ac   Data           4  tasks.o(.data)
    __stdout                                 0x2000012c   Data           4  stdout.o(.data)
    hsram1                                   0x20000130   Data          80  fsmc.o(.bss)
    hspi2                                    0x20000180   Data          88  spi.o(.bss)
    huart4                                   0x200001d8   Data          72  usart.o(.bss)
    huart1                                   0x20000220   Data          72  usart.o(.bss)
    huart3                                   0x20000268   Data          72  usart.o(.bss)
    hdma_uart4_rx                            0x200002b0   Data          96  usart.o(.bss)
    hdma_uart4_tx                            0x20000310   Data          96  usart.o(.bss)
    hdma_usart3_rx                           0x20000370   Data          96  usart.o(.bss)
    htim4                                    0x200003d0   Data          72  stm32f4xx_hal_timebase_tim.o(.bss)
    lcddev                                   0x20000418   Data          16  lcd.o(.bss)
    BlueTooth_Buffer                         0x20000428   Data         128  hc06.o(.bss)
    xQueueRegistry                           0x200004a8   Data          64  queue.o(.bss)
    __initial_sp                             0x20005180   Data           0  startup_stm32f407xx.o(STACK)



==============================================================================

Memory Map of the image

  Image Entry point : 0x08000189

  Load Region LR_IROM1 (Base: 0x08000000, Size: 0x00008134, Max: 0x00100000, ABSOLUTE, COMPRESSED[0x0000804c])

    Execution Region ER_IROM1 (Exec base: 0x08000000, Load base: 0x08000000, Size: 0x00008004, Max: 0x00100000, ABSOLUTE)

    Exec Addr    Load Addr    Size         Type   Attr      Idx    E Section Name        Object

    0x08000000   0x08000000   0x00000188   Data   RO            3    RESET               startup_stm32f407xx.o
    0x08000188   0x08000188   0x00000000   Code   RO         7399  * .ARM.Collect$$$$00000000  mc_w.l(entry.o)
    0x08000188   0x08000188   0x00000004   Code   RO         7767    .ARM.Collect$$$$00000001  mc_w.l(entry2.o)
    0x0800018c   0x0800018c   0x00000004   Code   RO         7770    .ARM.Collect$$$$00000004  mc_w.l(entry5.o)
    0x08000190   0x08000190   0x00000000   Code   RO         7772    .ARM.Collect$$$$00000008  mc_w.l(entry7b.o)
    0x08000190   0x08000190   0x00000000   Code   RO         7774    .ARM.Collect$$$$0000000A  mc_w.l(entry8b.o)
    0x08000190   0x08000190   0x00000008   Code   RO         7775    .ARM.Collect$$$$0000000B  mc_w.l(entry9a.o)
    0x08000198   0x08000198   0x00000000   Code   RO         7777    .ARM.Collect$$$$0000000D  mc_w.l(entry10a.o)
    0x08000198   0x08000198   0x00000000   Code   RO         7779    .ARM.Collect$$$$0000000F  mc_w.l(entry11a.o)
    0x08000198   0x08000198   0x00000004   Code   RO         7768    .ARM.Collect$$$$00002712  mc_w.l(entry2.o)
    0x0800019c   0x0800019c   0x000000be   Code   RO         7272    .emb_text           port.o
    0x0800025a   0x0800025a   0x00000002   PAD
    0x0800025c   0x0800025c   0x00000024   Code   RO            4    .text               startup_stm32f407xx.o
    0x08000280   0x08000280   0x00000062   Code   RO         7403    .text               mc_w.l(uldiv.o)
    0x080002e2   0x080002e2   0x00000024   Code   RO         7407    .text               mc_w.l(memcpya.o)
    0x08000306   0x08000306   0x00000024   Code   RO         7411    .text               mc_w.l(memseta.o)
    0x0800032a   0x0800032a   0x0000014e   Code   RO         7682    .text               mf_w.l(dadd.o)
    0x08000478   0x08000478   0x000000e4   Code   RO         7684    .text               mf_w.l(dmul.o)
    0x0800055c   0x0800055c   0x000000de   Code   RO         7686    .text               mf_w.l(ddiv.o)
    0x0800063a   0x0800063a   0x00000022   Code   RO         7690    .text               mf_w.l(dflti.o)
    0x0800065c   0x0800065c   0x00000030   Code   RO         7694    .text               mf_w.l(cdcmple.o)
    0x0800068c   0x0800068c   0x00000030   Code   RO         7696    .text               mf_w.l(cdrcmple.o)
    0x080006bc   0x080006bc   0x0000002c   Code   RO         7781    .text               mc_w.l(uidiv.o)
    0x080006e8   0x080006e8   0x0000001e   Code   RO         7783    .text               mc_w.l(llshl.o)
    0x08000706   0x08000706   0x00000020   Code   RO         7785    .text               mc_w.l(llushr.o)
    0x08000726   0x08000726   0x00000024   Code   RO         7787    .text               mc_w.l(llsshr.o)
    0x0800074a   0x0800074a   0x00000000   Code   RO         7796    .text               mc_w.l(iusefp.o)
    0x0800074a   0x0800074a   0x000000ba   Code   RO         7799    .text               mf_w.l(depilogue.o)
    0x08000804   0x08000804   0x00000030   Code   RO         7801    .text               mf_w.l(dfixul.o)
    0x08000834   0x08000834   0x00000024   Code   RO         7803    .text               mc_w.l(init.o)
    0x08000858   0x08000858   0x00000056   Code   RO         7815    .text               mc_w.l(__dczerorl2.o)
    0x080008ae   0x080008ae   0x00000002   PAD
    0x080008b0   0x080008b0   0x00000024   Code   RO         4159    i.AT24Cxx_Init      24cxx.o
    0x080008d4   0x080008d4   0x00000020   Code   RO         4160    i.AT24Cxx_Read      24cxx.o
    0x080008f4   0x080008f4   0x00000058   Code   RO         4161    i.AT24Cxx_Read_One_Byte  24cxx.o
    0x0800094c   0x0800094c   0x00000020   Code   RO         4162    i.AT24Cxx_Write     24cxx.o
    0x0800096c   0x0800096c   0x00000054   Code   RO         4163    i.AT24Cxx_Write_One_Byte  24cxx.o
    0x080009c0   0x080009c0   0x00000020   Code   RO         5535    i.BlueTooth_Init    hc06.o
    0x080009e0   0x080009e0   0x00000002   Code   RO          530    i.BusFault_Handler  stm32f4xx_it.o
    0x080009e2   0x080009e2   0x00000002   PAD
    0x080009e4   0x080009e4   0x0000000c   Code   RO          531    i.DMA1_Stream1_IRQHandler  stm32f4xx_it.o
    0x080009f0   0x080009f0   0x0000000c   Code   RO          532    i.DMA1_Stream2_IRQHandler  stm32f4xx_it.o
    0x080009fc   0x080009fc   0x0000000c   Code   RO          533    i.DMA1_Stream4_IRQHandler  stm32f4xx_it.o
    0x08000a08   0x08000a08   0x00000028   Code   RO         1173    i.DMA_CalcBaseAndBitshift  stm32f4xx_hal_dma.o
    0x08000a30   0x08000a30   0x00000054   Code   RO         1174    i.DMA_CheckFifoParam  stm32f4xx_hal_dma.o
    0x08000a84   0x08000a84   0x00000028   Code   RO         1175    i.DMA_SetConfig     stm32f4xx_hal_dma.o
    0x08000aac   0x08000aac   0x00000002   Code   RO          534    i.DebugMon_Handler  stm32f4xx_it.o
    0x08000aae   0x08000aae   0x0000001a   Code   RO         3821    i.Delay_ms          delay.o
    0x08000ac8   0x08000ac8   0x00000038   Code   RO         3823    i.Delay_us          delay.o
    0x08000b00   0x08000b00   0x00000016   Code   RO          535    i.EXTI15_10_IRQHandler  stm32f4xx_it.o
    0x08000b16   0x08000b16   0x00000002   PAD
    0x08000b18   0x08000b18   0x00000010   Code   RO          536    i.EXTI9_5_IRQHandler  stm32f4xx_it.o
    0x08000b28   0x08000b28   0x00000004   Code   RO           13    i.Error_Handler     main.o
    0x08000b2c   0x08000b2c   0x0000003c   Code   RO         1872    i.FSMC_NORSRAM_Extended_Timing_Init  stm32f4xx_ll_fsmc.o
    0x08000b68   0x08000b68   0x00000068   Code   RO         1873    i.FSMC_NORSRAM_Init  stm32f4xx_ll_fsmc.o
    0x08000bd0   0x08000bd0   0x00000044   Code   RO         1874    i.FSMC_NORSRAM_Timing_Init  stm32f4xx_ll_fsmc.o
    0x08000c14   0x08000c14   0x00000084   Code   RO         4349    i.GUI_Circle        gui.o
    0x08000c98   0x08000c98   0x00000012   Code   RO         4353    i.GUI_DrawPoint     gui.o
    0x08000caa   0x08000caa   0x00000092   Code   RO         1176    i.HAL_DMA_Abort     stm32f4xx_hal_dma.o
    0x08000d3c   0x08000d3c   0x00000024   Code   RO         1177    i.HAL_DMA_Abort_IT  stm32f4xx_hal_dma.o
    0x08000d60   0x08000d60   0x000001a0   Code   RO         1181    i.HAL_DMA_IRQHandler  stm32f4xx_hal_dma.o
    0x08000f00   0x08000f00   0x000000d4   Code   RO         1182    i.HAL_DMA_Init      stm32f4xx_hal_dma.o
    0x08000fd4   0x08000fd4   0x0000006e   Code   RO         1186    i.HAL_DMA_Start_IT  stm32f4xx_hal_dma.o
    0x08001042   0x08001042   0x00000002   PAD
    0x08001044   0x08001044   0x0000008c   Code   RO          386    i.HAL_FSMC_MspInit  fsmc.o
    0x080010d0   0x080010d0   0x00000050   Code   RO         5463    i.HAL_GPIO_EXTI_Callback  key.o
    0x08001120   0x08001120   0x00000018   Code   RO         1068    i.HAL_GPIO_EXTI_IRQHandler  stm32f4xx_hal_gpio.o
    0x08001138   0x08001138   0x000001d0   Code   RO         1069    i.HAL_GPIO_Init     stm32f4xx_hal_gpio.o
    0x08001308   0x08001308   0x0000000a   Code   RO         1071    i.HAL_GPIO_ReadPin  stm32f4xx_hal_gpio.o
    0x08001312   0x08001312   0x00000010   Code   RO         1072    i.HAL_GPIO_TogglePin  stm32f4xx_hal_gpio.o
    0x08001322   0x08001322   0x0000000a   Code   RO         1073    i.HAL_GPIO_WritePin  stm32f4xx_hal_gpio.o
    0x0800132c   0x0800132c   0x0000000c   Code   RO         1619    i.HAL_GetTick       stm32f4xx_hal.o
    0x08001338   0x08001338   0x00000010   Code   RO         1625    i.HAL_IncTick       stm32f4xx_hal.o
    0x08001348   0x08001348   0x00000034   Code   RO         1626    i.HAL_Init          stm32f4xx_hal.o
    0x0800137c   0x0800137c   0x00000098   Code   RO          675    i.HAL_InitTick      stm32f4xx_hal_timebase_tim.o
    0x08001414   0x08001414   0x00000038   Code   RO          651    i.HAL_MspInit       stm32f4xx_hal_msp.o
    0x0800144c   0x0800144c   0x0000001a   Code   RO         1461    i.HAL_NVIC_EnableIRQ  stm32f4xx_hal_cortex.o
    0x08001466   0x08001466   0x00000002   PAD
    0x08001468   0x08001468   0x00000040   Code   RO         1467    i.HAL_NVIC_SetPriority  stm32f4xx_hal_cortex.o
    0x080014a8   0x080014a8   0x00000024   Code   RO         1468    i.HAL_NVIC_SetPriorityGrouping  stm32f4xx_hal_cortex.o
    0x080014cc   0x080014cc   0x00000134   Code   RO          715    i.HAL_RCC_ClockConfig  stm32f4xx_hal_rcc.o
    0x08001600   0x08001600   0x00000040   Code   RO          719    i.HAL_RCC_GetClockConfig  stm32f4xx_hal_rcc.o
    0x08001640   0x08001640   0x00000020   Code   RO          722    i.HAL_RCC_GetPCLK1Freq  stm32f4xx_hal_rcc.o
    0x08001660   0x08001660   0x00000020   Code   RO          723    i.HAL_RCC_GetPCLK2Freq  stm32f4xx_hal_rcc.o
    0x08001680   0x08001680   0x00000060   Code   RO          724    i.HAL_RCC_GetSysClockFreq  stm32f4xx_hal_rcc.o
    0x080016e0   0x080016e0   0x00000358   Code   RO          727    i.HAL_RCC_OscConfig  stm32f4xx_hal_rcc.o
    0x08001a38   0x08001a38   0x00000002   Code   RO         2132    i.HAL_SPI_ErrorCallback  stm32f4xx_hal_spi.o
    0x08001a3a   0x08001a3a   0x00000002   PAD
    0x08001a3c   0x08001a3c   0x000000fc   Code   RO         2135    i.HAL_SPI_IRQHandler  stm32f4xx_hal_spi.o
    0x08001b38   0x08001b38   0x000000bc   Code   RO         2136    i.HAL_SPI_Init      stm32f4xx_hal_spi.o
    0x08001bf4   0x08001bf4   0x000000a0   Code   RO          435    i.HAL_SPI_MspInit   spi.o
    0x08001c94   0x08001c94   0x000001e6   Code   RO         2145    i.HAL_SPI_TransmitReceive  stm32f4xx_hal_spi.o
    0x08001e7a   0x08001e7a   0x0000005c   Code   RO         1994    i.HAL_SRAM_Init     stm32f4xx_hal_sram.o
    0x08001ed6   0x08001ed6   0x00000004   Code   RO          388    i.HAL_SRAM_MspInit  fsmc.o
    0x08001eda   0x08001eda   0x00000002   Code   RO         3153    i.HAL_TIMEx_BreakCallback  stm32f4xx_hal_tim_ex.o
    0x08001edc   0x08001edc   0x00000002   Code   RO         3154    i.HAL_TIMEx_CommutCallback  stm32f4xx_hal_tim_ex.o
    0x08001ede   0x08001ede   0x0000005a   Code   RO         2449    i.HAL_TIM_Base_Init  stm32f4xx_hal_tim.o
    0x08001f38   0x08001f38   0x00000002   Code   RO         2451    i.HAL_TIM_Base_MspInit  stm32f4xx_hal_tim.o
    0x08001f3a   0x08001f3a   0x00000002   PAD
    0x08001f3c   0x08001f3c   0x00000080   Code   RO         2454    i.HAL_TIM_Base_Start_IT  stm32f4xx_hal_tim.o
    0x08001fbc   0x08001fbc   0x00000002   Code   RO         2483    i.HAL_TIM_IC_CaptureCallback  stm32f4xx_hal_tim.o
    0x08001fbe   0x08001fbe   0x00000130   Code   RO         2497    i.HAL_TIM_IRQHandler  stm32f4xx_hal_tim.o
    0x080020ee   0x080020ee   0x00000002   Code   RO         2500    i.HAL_TIM_OC_DelayElapsedCallback  stm32f4xx_hal_tim.o
    0x080020f0   0x080020f0   0x00000002   Code   RO         2527    i.HAL_TIM_PWM_PulseFinishedCallback  stm32f4xx_hal_tim.o
    0x080020f2   0x080020f2   0x00000002   PAD
    0x080020f4   0x080020f4   0x00000014   Code   RO           14    i.HAL_TIM_PeriodElapsedCallback  main.o
    0x08002108   0x08002108   0x00000002   Code   RO         2540    i.HAL_TIM_TriggerCallback  stm32f4xx_hal_tim.o
    0x0800210a   0x0800210a   0x00000056   Code   RO         3430    i.HAL_UARTEx_ReceiveToIdle_DMA  stm32f4xx_hal_uart.o
    0x08002160   0x08002160   0x00000040   Code   RO         5536    i.HAL_UARTEx_RxEventCallback  hc06.o
    0x080021a0   0x080021a0   0x00000002   Code   RO         3446    i.HAL_UART_ErrorCallback  stm32f4xx_hal_uart.o
    0x080021a2   0x080021a2   0x00000002   PAD
    0x080021a4   0x080021a4   0x00000270   Code   RO         3449    i.HAL_UART_IRQHandler  stm32f4xx_hal_uart.o
    0x08002414   0x08002414   0x00000064   Code   RO         3450    i.HAL_UART_Init     stm32f4xx_hal_uart.o
    0x08002478   0x08002478   0x000001bc   Code   RO          477    i.HAL_UART_MspInit  usart.o
    0x08002634   0x08002634   0x00000002   Code   RO         3456    i.HAL_UART_RxCpltCallback  stm32f4xx_hal_uart.o
    0x08002636   0x08002636   0x00000002   Code   RO         3457    i.HAL_UART_RxHalfCpltCallback  stm32f4xx_hal_uart.o
    0x08002638   0x08002638   0x000000a0   Code   RO         3458    i.HAL_UART_Transmit  stm32f4xx_hal_uart.o
    0x080026d8   0x080026d8   0x00000002   Code   RO         3461    i.HAL_UART_TxCpltCallback  stm32f4xx_hal_uart.o
    0x080026da   0x080026da   0x00000002   Code   RO          537    i.HardFault_Handler  stm32f4xx_it.o
    0x080026dc   0x080026dc   0x00000034   Code   RO         3942    i.IIC_Init          iic_hal.o
    0x08002710   0x08002710   0x00000054   Code   RO         3943    i.IIC_Read_Byte     iic_hal.o
    0x08002764   0x08002764   0x00000056   Code   RO         3947    i.IIC_Send_Byte     iic_hal.o
    0x080027ba   0x080027ba   0x00000030   Code   RO         3948    i.IIC_Send_NotAck   iic_hal.o
    0x080027ea   0x080027ea   0x0000003e   Code   RO         3949    i.IIC_Start         iic_hal.o
    0x08002828   0x08002828   0x0000003e   Code   RO         3950    i.IIC_Stop          iic_hal.o
    0x08002866   0x08002866   0x00000052   Code   RO         3951    i.IIC_Wait_Ack      iic_hal.o
    0x080028b8   0x080028b8   0x00000038   Code   RO         4219    i.LCD_Clear         lcd.o
    0x080028f0   0x080028f0   0x00000096   Code   RO         4361    i.LCD_DrawLine      gui.o
    0x08002986   0x08002986   0x00000002   PAD
    0x08002988   0x08002988   0x00000018   Code   RO         4220    i.LCD_DrawPoint     lcd.o
    0x080029a0   0x080029a0   0x00000054   Code   RO         4362    i.LCD_Fill          gui.o
    0x080029f4   0x080029f4   0x00000190   Code   RO         4221    i.LCD_Init          lcd.o
    0x08002b84   0x08002b84   0x00000008   Code   RO         4227    i.LCD_SetCursor     lcd.o
    0x08002b8c   0x08002b8c   0x00000040   Code   RO         4228    i.LCD_SetWindows    lcd.o
    0x08002bcc   0x08002bcc   0x00000108   Code   RO         4363    i.LCD_ShowChar      gui.o
    0x08002cd4   0x08002cd4   0x00000058   Code   RO         4366    i.LCD_ShowString2   gui.o
    0x08002d2c   0x08002d2c   0x00000014   Code   RO         4231    i.LCD_WriteRAM_Prepare  lcd.o
    0x08002d40   0x08002d40   0x00000010   Code   RO         4232    i.LCD_WriteReg      lcd.o
    0x08002d50   0x08002d50   0x00000050   Code   RO         4233    i.LCD_direction     lcd.o
    0x08002da0   0x08002da0   0x0000000c   Code   RO         4236    i.Lcd_WriteData_16Bit  lcd.o
    0x08002dac   0x08002dac   0x00000018   Code   RO         4599    i.MFRC_ClrBitMask   rc522.o
    0x08002dc4   0x08002dc4   0x00000020   Code   RO         4601    i.MFRC_Init         rc522.o
    0x08002de4   0x08002de4   0x00000038   Code   RO         4602    i.MFRC_ReadReg      rc522.o
    0x08002e1c   0x08002e1c   0x00000018   Code   RO         4603    i.MFRC_SetBitMask   rc522.o
    0x08002e34   0x08002e34   0x00000034   Code   RO         4604    i.MFRC_WriteReg     rc522.o
    0x08002e68   0x08002e68   0x00000024   Code   RO         4769    i.MPU_Bus_Init      mpu6050.o
    0x08002e8c   0x08002e8c   0x00000050   Code   RO         4774    i.MPU_INT_Pin_Init  mpu6050.o
    0x08002edc   0x08002edc   0x0000007e   Code   RO         4775    i.MPU_Init          mpu6050.o
    0x08002f5a   0x08002f5a   0x00000026   Code   RO         4776    i.MPU_Motion_Init   mpu6050.o
    0x08002f80   0x08002f80   0x00000058   Code   RO         4777    i.MPU_Read_Byte     mpu6050.o
    0x08002fd8   0x08002fd8   0x0000000a   Code   RO         4781    i.MPU_Set_Accel_Fsr  mpu6050.o
    0x08002fe2   0x08002fe2   0x0000000a   Code   RO         4782    i.MPU_Set_Gyro_Fsr  mpu6050.o
    0x08002fec   0x08002fec   0x00000030   Code   RO         4783    i.MPU_Set_LPF       mpu6050.o
    0x0800301c   0x0800301c   0x0000002e   Code   RO         4784    i.MPU_Set_Rate      mpu6050.o
    0x0800304a   0x0800304a   0x00000002   PAD
    0x0800304c   0x0800304c   0x00000054   Code   RO         4787    i.MPU_Write_Byte    mpu6050.o
    0x080030a0   0x080030a0   0x0000004c   Code   RO          362    i.MX_DMA_Init       dma.o
    0x080030ec   0x080030ec   0x00000020   Code   RO          295    i.MX_FREERTOS_Init  freertos.o
    0x0800310c   0x0800310c   0x00000088   Code   RO          389    i.MX_FSMC_Init      fsmc.o
    0x08003194   0x08003194   0x000001e0   Code   RO          271    i.MX_GPIO_Init      gpio.o
    0x08003374   0x08003374   0x00000048   Code   RO          436    i.MX_SPI2_Init      spi.o
    0x080033bc   0x080033bc   0x00000038   Code   RO          478    i.MX_UART4_Init     usart.o
    0x080033f4   0x080033f4   0x00000038   Code   RO          479    i.MX_USART1_UART_Init  usart.o
    0x0800342c   0x0800342c   0x00000038   Code   RO          480    i.MX_USART3_UART_Init  usart.o
    0x08003464   0x08003464   0x00000002   Code   RO          538    i.MemManage_Handler  stm32f4xx_it.o
    0x08003466   0x08003466   0x00000002   Code   RO          539    i.NMI_Handler       stm32f4xx_it.o
    0x08003468   0x08003468   0x00000008   Code   RO         4605    i.PCD_AntennaOff    rc522.o
    0x08003470   0x08003470   0x0000001a   Code   RO         4606    i.PCD_AntennaOn     rc522.o
    0x0800348a   0x0800348a   0x0000000e   Code   RO         4612    i.PCD_Init_RST      rc522.o
    0x08003498   0x08003498   0x00000088   Code   RO         4615    i.PCD_Reset         rc522.o
    0x08003520   0x08003520   0x00000012   Code   RO         3954    i.SCL_Output        iic_hal.o
    0x08003532   0x08003532   0x00000012   Code   RO         3955    i.SDA_Input         iic_hal.o
    0x08003544   0x08003544   0x0000002a   Code   RO         3956    i.SDA_Input_Mode    iic_hal.o
    0x0800356e   0x0800356e   0x00000012   Code   RO         3957    i.SDA_Output        iic_hal.o
    0x08003580   0x08003580   0x0000002a   Code   RO         3958    i.SDA_Output_Mode   iic_hal.o
    0x080035aa   0x080035aa   0x00000002   PAD
    0x080035ac   0x080035ac   0x0000000c   Code   RO          540    i.SPI2_IRQHandler   stm32f4xx_it.o
    0x080035b8   0x080035b8   0x00000024   Code   RO         4620    i.SPI2_RW_Byte      rc522.o
    0x080035dc   0x080035dc   0x00000010   Code   RO         2163    i.SPI_DMAAbortOnError  stm32f4xx_hal_spi.o
    0x080035ec   0x080035ec   0x0000006c   Code   RO         2174    i.SPI_EndRxTxTransaction  stm32f4xx_hal_spi.o
    0x08003658   0x08003658   0x000000b8   Code   RO         2179    i.SPI_WaitFlagStateUntilTimeout  stm32f4xx_hal_spi.o
    0x08003710   0x08003710   0x00000020   Code   RO          296    i.StartDefaultTask  freertos.o
    0x08003730   0x08003730   0x0000001a   Code   RO         6692    i.SysTick_Handler   cmsis_os2.o
    0x0800374a   0x0800374a   0x00000002   PAD
    0x0800374c   0x0800374c   0x00000094   Code   RO           15    i.SystemClock_Config  main.o
    0x080037e0   0x080037e0   0x00000010   Code   RO         3784    i.SystemInit        system_stm32f4xx.o
    0x080037f0   0x080037f0   0x0000000c   Code   RO          541    i.TIM4_IRQHandler   stm32f4xx_it.o
    0x080037fc   0x080037fc   0x000000d8   Code   RO         2542    i.TIM_Base_SetConfig  stm32f4xx_hal_tim.o
    0x080038d4   0x080038d4   0x0000000c   Code   RO          542    i.UART4_IRQHandler  stm32f4xx_it.o
    0x080038e0   0x080038e0   0x00000010   Code   RO         3463    i.UART_DMAAbortOnError  stm32f4xx_hal_uart.o
    0x080038f0   0x080038f0   0x0000004a   Code   RO         3464    i.UART_DMAError     stm32f4xx_hal_uart.o
    0x0800393a   0x0800393a   0x00000086   Code   RO         3465    i.UART_DMAReceiveCplt  stm32f4xx_hal_uart.o
    0x080039c0   0x080039c0   0x0000001e   Code   RO         3467    i.UART_DMARxHalfCplt  stm32f4xx_hal_uart.o
    0x080039de   0x080039de   0x0000004e   Code   RO         3473    i.UART_EndRxTransfer  stm32f4xx_hal_uart.o
    0x08003a2c   0x08003a2c   0x0000001c   Code   RO         3474    i.UART_EndTxTransfer  stm32f4xx_hal_uart.o
    0x08003a48   0x08003a48   0x000000c2   Code   RO         3475    i.UART_Receive_IT   stm32f4xx_hal_uart.o
    0x08003b0a   0x08003b0a   0x00000002   PAD
    0x08003b0c   0x08003b0c   0x0000010c   Code   RO         3476    i.UART_SetConfig    stm32f4xx_hal_uart.o
    0x08003c18   0x08003c18   0x00000094   Code   RO         3477    i.UART_Start_Receive_DMA  stm32f4xx_hal_uart.o
    0x08003cac   0x08003cac   0x00000070   Code   RO         3479    i.UART_WaitOnFlagUntilTimeout  stm32f4xx_hal_uart.o
    0x08003d1c   0x08003d1c   0x0000000c   Code   RO          543    i.USART1_IRQHandler  stm32f4xx_it.o
    0x08003d28   0x08003d28   0x00000020   Code   RO          544    i.USART3_IRQHandler  stm32f4xx_it.o
    0x08003d48   0x08003d48   0x00000002   Code   RO          545    i.UsageFault_Handler  stm32f4xx_it.o
    0x08003d4a   0x08003d4a   0x00000002   PAD
    0x08003d4c   0x08003d4c   0x00000020   Code   RO         7654    i.__0printf         mc_w.l(printfa.o)
    0x08003d6c   0x08003d6c   0x00000028   Code   RO         7656    i.__0sprintf        mc_w.l(printfa.o)
    0x08003d94   0x08003d94   0x00000020   Code   RO         1474    i.__NVIC_SetPriority  stm32f4xx_hal_cortex.o
    0x08003db4   0x08003db4   0x0000000e   Code   RO         7809    i.__scatterload_copy  mc_w.l(handlers.o)
    0x08003dc2   0x08003dc2   0x00000002   Code   RO         7810    i.__scatterload_null  mc_w.l(handlers.o)
    0x08003dc4   0x08003dc4   0x0000000e   Code   RO         7811    i.__scatterload_zeroinit  mc_w.l(handlers.o)
    0x08003dd2   0x08003dd2   0x00000098   Code   RO         4367    i._draw_circle_8    gui.o
    0x08003e6a   0x08003e6a   0x00000002   PAD
    0x08003e6c   0x08003e6c   0x00000184   Code   RO         7661    i._fp_digits        mc_w.l(printfa.o)
    0x08003ff0   0x08003ff0   0x000006dc   Code   RO         7662    i._printf_core      mc_w.l(printfa.o)
    0x080046cc   0x080046cc   0x00000024   Code   RO         7663    i._printf_post_padding  mc_w.l(printfa.o)
    0x080046f0   0x080046f0   0x0000002e   Code   RO         7664    i._printf_pre_padding  mc_w.l(printfa.o)
    0x0800471e   0x0800471e   0x0000000a   Code   RO         7666    i._sputc            mc_w.l(printfa.o)
    0x08004728   0x08004728   0x00000018   Code   RO         3910    i.fputc             uart_redefine.o
    0x08004740   0x08004740   0x0000006c   Code   RO         5506    i.led_init          led.o
    0x080047ac   0x080047ac   0x00000090   Code   RO           16    i.main              main.o
    0x0800483c   0x0800483c   0x0000001a   Code   RO         6694    i.osDelay           cmsis_os2.o
    0x08004856   0x08004856   0x00000002   PAD
    0x08004858   0x08004858   0x00000024   Code   RO         6708    i.osKernelInitialize  cmsis_os2.o
    0x0800487c   0x0800487c   0x00000038   Code   RO         6711    i.osKernelStart     cmsis_os2.o
    0x080048b4   0x080048b4   0x00000088   Code   RO         6753    i.osThreadNew       cmsis_os2.o
    0x0800493c   0x0800493c   0x0000005c   Code   RO         6153    i.prvAddCurrentTaskToDelayedList  tasks.o
    0x08004998   0x08004998   0x000000d0   Code   RO         6154    i.prvAddNewTaskToReadyList  tasks.o
    0x08004a68   0x08004a68   0x00000058   Code   RO         6518    i.prvCheckForValidListAndQueue  timers.o
    0x08004ac0   0x08004ac0   0x00000026   Code   RO         5750    i.prvCopyDataFromQueue  queue.o
    0x08004ae6   0x08004ae6   0x0000006c   Code   RO         5751    i.prvCopyDataToQueue  queue.o
    0x08004b52   0x08004b52   0x00000034   Code   RO         6155    i.prvDeleteTCB      tasks.o
    0x08004b86   0x08004b86   0x00000002   PAD
    0x08004b88   0x08004b88   0x0000004c   Code   RO         7217    i.prvHeapInit       heap_4.o
    0x08004bd4   0x08004bd4   0x00000060   Code   RO         6156    i.prvIdleTask       tasks.o
    0x08004c34   0x08004c34   0x00000020   Code   RO         5753    i.prvInitialiseNewQueue  queue.o
    0x08004c54   0x08004c54   0x000000aa   Code   RO         6157    i.prvInitialiseNewTask  tasks.o
    0x08004cfe   0x08004cfe   0x00000002   PAD
    0x08004d00   0x08004d00   0x0000004c   Code   RO         7218    i.prvInsertBlockIntoFreeList  heap_4.o
    0x08004d4c   0x08004d4c   0x00000038   Code   RO         6520    i.prvInsertTimerInActiveList  timers.o
    0x08004d84   0x08004d84   0x0000001a   Code   RO         5754    i.prvIsQueueEmpty   queue.o
    0x08004d9e   0x08004d9e   0x00000002   PAD
    0x08004da0   0x08004da0   0x000000fc   Code   RO         6521    i.prvProcessReceivedCommands  timers.o
    0x08004e9c   0x08004e9c   0x000000c0   Code   RO         6522    i.prvProcessTimerOrBlockTask  timers.o
    0x08004f5c   0x08004f5c   0x00000020   Code   RO         6159    i.prvResetNextTaskUnblockTime  tasks.o
    0x08004f7c   0x08004f7c   0x00000028   Code   RO         6523    i.prvSampleTimeNow  timers.o
    0x08004fa4   0x08004fa4   0x0000006c   Code   RO         6524    i.prvSwitchTimerLists  timers.o
    0x08005010   0x08005010   0x00000028   Code   RO         7273    i.prvTaskExitError  port.o
    0x08005038   0x08005038   0x00000028   Code   RO         6525    i.prvTimerTask      timers.o
    0x08005060   0x08005060   0x0000006a   Code   RO         5755    i.prvUnlockQueue    queue.o
    0x080050ca   0x080050ca   0x00000002   PAD
    0x080050cc   0x080050cc   0x000000e4   Code   RO         7219    i.pvPortMalloc      heap_4.o
    0x080051b0   0x080051b0   0x0000002c   Code   RO         7274    i.pxPortInitialiseStack  port.o
    0x080051dc   0x080051dc   0x00000334   Code   RO         4502    i.tp_adjust         touch.o
    0x08005510   0x08005510   0x0000012c   Code   RO         4503    i.tp_adjust_info_show  touch.o
    0x0800563c   0x0800563c   0x00000076   Code   RO         4505    i.tp_draw_touch_point  touch.o
    0x080056b2   0x080056b2   0x00000002   PAD
    0x080056b4   0x080056b4   0x00000024   Code   RO         4506    i.tp_get_adjust_data  touch.o
    0x080056d8   0x080056d8   0x00000040   Code   RO         4507    i.tp_init           touch.o
    0x08005718   0x08005718   0x000000ec   Code   RO         4508    i.tp_read_ad        touch.o
    0x08005804   0x08005804   0x00000060   Code   RO         4509    i.tp_read_xoy       touch.o
    0x08005864   0x08005864   0x00000034   Code   RO         4510    i.tp_read_xy        touch.o
    0x08005898   0x08005898   0x00000074   Code   RO         4511    i.tp_read_xy2       touch.o
    0x0800590c   0x0800590c   0x0000001c   Code   RO         4512    i.tp_save_adjust_data  touch.o
    0x08005928   0x08005928   0x000000d4   Code   RO         4513    i.tp_scan           touch.o
    0x080059fc   0x080059fc   0x00000026   Code   RO         5710    i.uxListRemove      list.o
    0x08005a22   0x08005a22   0x00000002   PAD
    0x08005a24   0x08005a24   0x00000014   Code   RO         6765    i.vApplicationGetIdleTaskMemory  cmsis_os2.o
    0x08005a38   0x08005a38   0x00000018   Code   RO         6766    i.vApplicationGetTimerTaskMemory  cmsis_os2.o
    0x08005a50   0x08005a50   0x00000002   Code   RO          297    i.vApplicationIdleHook  freertos.o
    0x08005a52   0x08005a52   0x00000002   Code   RO          298    i.vApplicationMallocFailedHook  freertos.o
    0x08005a54   0x08005a54   0x00000002   Code   RO          299    i.vApplicationStackOverflowHook  freertos.o
    0x08005a56   0x08005a56   0x00000002   Code   RO          300    i.vApplicationTickHook  freertos.o
    0x08005a58   0x08005a58   0x00000016   Code   RO         5711    i.vListInitialise   list.o
    0x08005a6e   0x08005a6e   0x00000006   Code   RO         5712    i.vListInitialiseItem  list.o
    0x08005a74   0x08005a74   0x00000030   Code   RO         5713    i.vListInsert       list.o
    0x08005aa4   0x08005aa4   0x00000018   Code   RO         5714    i.vListInsertEnd    list.o
    0x08005abc   0x08005abc   0x00000040   Code   RO         7276    i.vPortEnterCritical  port.o
    0x08005afc   0x08005afc   0x00000028   Code   RO         7277    i.vPortExitCritical  port.o
    0x08005b24   0x08005b24   0x00000064   Code   RO         7220    i.vPortFree         heap_4.o
    0x08005b88   0x08005b88   0x00000024   Code   RO         7278    i.vPortSetupTimerInterrupt  port.o
    0x08005bac   0x08005bac   0x00000054   Code   RO         7279    i.vPortValidateInterruptPriority  port.o
    0x08005c00   0x08005c00   0x00000024   Code   RO         5761    i.vQueueAddToRegistry  queue.o
    0x08005c24   0x08005c24   0x00000044   Code   RO         5765    i.vQueueWaitForMessageRestricted  queue.o
    0x08005c68   0x08005c68   0x0000004c   Code   RO         6172    i.vTaskDelay        tasks.o
    0x08005cb4   0x08005cb4   0x00000010   Code   RO         6177    i.vTaskInternalSetTimeOutState  tasks.o
    0x08005cc4   0x08005cc4   0x0000000c   Code   RO         6178    i.vTaskMissedYield  tasks.o
    0x08005cd0   0x08005cd0   0x00000030   Code   RO         6180    i.vTaskPlaceOnEventList  tasks.o
    0x08005d00   0x08005d00   0x00000038   Code   RO         6181    i.vTaskPlaceOnEventListRestricted  tasks.o
    0x08005d38   0x08005d38   0x00000084   Code   RO         6189    i.vTaskStartScheduler  tasks.o
    0x08005dbc   0x08005dbc   0x00000010   Code   RO         6191    i.vTaskSuspendAll   tasks.o
    0x08005dcc   0x08005dcc   0x0000008c   Code   RO         6192    i.vTaskSwitchContext  tasks.o
    0x08005e58   0x08005e58   0x000000f4   Code   RO         7280    i.xPortStartScheduler  port.o
    0x08005f4c   0x08005f4c   0x0000002c   Code   RO         7281    i.xPortSysTickHandler  port.o
    0x08005f78   0x08005f78   0x00000066   Code   RO         5771    i.xQueueGenericCreateStatic  queue.o
    0x08005fde   0x08005fde   0x00000002   PAD
    0x08005fe0   0x08005fe0   0x00000088   Code   RO         5772    i.xQueueGenericReset  queue.o
    0x08006068   0x08006068   0x00000164   Code   RO         5773    i.xQueueGenericSend  queue.o
    0x080061cc   0x080061cc   0x000000be   Code   RO         5774    i.xQueueGenericSendFromISR  queue.o
    0x0800628a   0x0800628a   0x00000002   PAD
    0x0800628c   0x0800628c   0x00000138   Code   RO         5783    i.xQueueReceive     queue.o
    0x080063c4   0x080063c4   0x00000074   Code   RO         6194    i.xTaskCheckForTimeOut  tasks.o
    0x08006438   0x08006438   0x0000005a   Code   RO         6195    i.xTaskCreate       tasks.o
    0x08006492   0x08006492   0x0000005a   Code   RO         6196    i.xTaskCreateStatic  tasks.o
    0x080064ec   0x080064ec   0x0000001c   Code   RO         6200    i.xTaskGetSchedulerState  tasks.o
    0x08006508   0x08006508   0x0000000c   Code   RO         6201    i.xTaskGetTickCount  tasks.o
    0x08006514   0x08006514   0x000000d8   Code   RO         6203    i.xTaskIncrementTick  tasks.o
    0x080065ec   0x080065ec   0x0000007c   Code   RO         6206    i.xTaskPriorityDisinherit  tasks.o
    0x08006668   0x08006668   0x00000070   Code   RO         6208    i.xTaskRemoveFromEventList  tasks.o
    0x080066d8   0x080066d8   0x000000c0   Code   RO         6209    i.xTaskResumeAll    tasks.o
    0x08006798   0x08006798   0x00000060   Code   RO         6534    i.xTimerCreateTimerTask  timers.o
    0x080067f8   0x080067f8   0x00000064   Code   RO         6535    i.xTimerGenericCommand  timers.o
    0x0800685c   0x0800685c   0x00000024   Data   RO          301    .constdata          freertos.o
    0x08006880   0x08006880   0x00000008   Data   RO         1188    .constdata          stm32f4xx_hal_dma.o
    0x08006888   0x08006888   0x00000010   Data   RO         3785    .constdata          system_stm32f4xx.o
    0x08006898   0x08006898   0x00000008   Data   RO         3786    .constdata          system_stm32f4xx.o
    0x080068a0   0x080068a0   0x00001736   Data   RO         4369    .constdata          gui.o
    0x08007fd6   0x08007fd6   0x00000002   PAD
    0x08007fd8   0x08007fd8   0x0000000c   Data   RO          302    .conststring        freertos.o
    0x08007fe4   0x08007fe4   0x00000020   Data   RO         7807    Region$$Table       anon$$obj.o


    Execution Region RW_IRAM1 (Exec base: 0x20000000, Load base: 0x08008004, Size: 0x00005180, Max: 0x0001c000, ABSOLUTE, COMPRESSED[0x00000048])

    Exec Addr    Load Addr    Size         Type   Attr      Idx    E Section Name        Object

    0x20000000   COMPRESSED   0x00000004   Data   RW          303    .data               freertos.o
    0x20000004   COMPRESSED   0x00000008   Data   RW          391    .data               fsmc.o
    0x2000000c   COMPRESSED   0x00000001   Data   RW          546    .data               stm32f4xx_it.o
    0x2000000d   COMPRESSED   0x00000003   PAD
    0x20000010   COMPRESSED   0x0000000c   Data   RW         1633    .data               stm32f4xx_hal.o
    0x2000001c   COMPRESSED   0x00000004   Data   RW         3787    .data               system_stm32f4xx.o
    0x20000020   COMPRESSED   0x0000000c   Data   RW         4164    .data               24cxx.o
    0x2000002c   COMPRESSED   0x00000002   Data   RW         4238    .data               lcd.o
    0x2000002e   COMPRESSED   0x00000002   PAD
    0x20000030   COMPRESSED   0x00000048   Data   RW         4514    .data               touch.o
    0x20000078   COMPRESSED   0x00000028   Data   RW         4623    .data               rc522.o
    0x200000a0   COMPRESSED   0x0000000c   Data   RW         4791    .data               mpu6050.o
    0x200000ac   COMPRESSED   0x0000003c   Data   RW         6212    .data               tasks.o
    0x200000e8   COMPRESSED   0x00000014   Data   RW         6543    .data               timers.o
    0x200000fc   COMPRESSED   0x00000004   Data   RW         6772    .data               cmsis_os2.o
    0x20000100   COMPRESSED   0x00000020   Data   RW         7226    .data               heap_4.o
    0x20000120   COMPRESSED   0x0000000c   Data   RW         7282    .data               port.o
    0x2000012c   COMPRESSED   0x00000004   Data   RW         7402    .data               mc_w.l(stdout.o)
    0x20000130        -       0x00000050   Zero   RW          390    .bss                fsmc.o
    0x20000180        -       0x00000058   Zero   RW          437    .bss                spi.o
    0x200001d8        -       0x000001f8   Zero   RW          481    .bss                usart.o
    0x200003d0        -       0x00000048   Zero   RW          678    .bss                stm32f4xx_hal_timebase_tim.o
    0x20000418        -       0x00000010   Zero   RW         4237    .bss                lcd.o
    0x20000428        -       0x00000080   Zero   RW         5537    .bss                hc06.o
    0x200004a8        -       0x00000040   Zero   RW         5787    .bss                queue.o
    0x200004e8        -       0x000004c4   Zero   RW         6211    .bss                tasks.o
    0x200009ac        -       0x00000118   Zero   RW         6542    .bss                timers.o
    0x20000ac4        -       0x000006b8   Zero   RW         6771    .bss                cmsis_os2.o
    0x2000117c        -       0x00003c00   Zero   RW         7225    .bss                heap_4.o
    0x20004d7c   COMPRESSED   0x00000004   PAD
    0x20004d80        -       0x00000400   Zero   RW            1    STACK               startup_stm32f407xx.o


    Execution Region RW_IRAM2 (Exec base: 0x2001c000, Load base: 0x0800804c, Size: 0x00000000, Max: 0x00004000, ABSOLUTE)

    **** No section assigned to this execution region ****


==============================================================================

Image component sizes


      Code (inc. data)   RO Data    RW Data    ZI Data      Debug   Object Name

       272         18          0         12          0       3917   24cxx.o
       324         22          0          4       1720      51027   cmsis_os2.o
        82          4          0          0          0       1748   delay.o
        76          4          0          0          0        822   dma.o
         0          0          0          0          0      19476   event_groups.o
        72         32         48          4          0       3834   freertos.o
       280         28          0          8         80       2375   fsmc.o
       480         34          0          0          0       1267   gpio.o
       888         20       5942          0          0       8053   gui.o
        96         26          0          0        128       1930   hc06.o
       480         26          0         32      15360       5051   heap_4.o
       614          0          0          0          0       8496   iic_hal.o
        80         10          0          0          0        661   key.o
       680         62          0          2         16      11170   lcd.o
       108         10          0          0          0        955   led.o
       138          0          0          0          0       3638   list.o
       316         52          0          0          0     733048   main.o
       566         28          0         12          0       6888   mpu6050.o
       786         80          0         12          0      11677   port.o
      1510         18          0          0         64      17672   queue.o
       408         26          0         40          0       9406   rc522.o
       232         26          0          0         88       1805   spi.o
        36          8        392          0       1024        852   startup_stm32f407xx.o
        80         14          0         12          0       8170   stm32f4xx_hal.o
       158         14          0          0          0      33074   stm32f4xx_hal_cortex.o
      1084         16          8          0          0       7506   stm32f4xx_hal_dma.o
       524         52          0          0          0       4319   stm32f4xx_hal_gpio.o
        56          4          0          0          0        898   stm32f4xx_hal_msp.o
      1388         82          0          0          0       6141   stm32f4xx_hal_rcc.o
      1236         20          0          0          0       7266   stm32f4xx_hal_spi.o
        92          0          0          0          0       1260   stm32f4xx_hal_sram.o
       748         74          0          0          0       7836   stm32f4xx_hal_tim.o
         4          0          0          0          0       1725   stm32f4xx_hal_tim_ex.o
       152         20          0          0         72       1523   stm32f4xx_hal_timebase_tim.o
      2060         30          0          0          0      15305   stm32f4xx_hal_uart.o
       166         56          0          1          0       8069   stm32f4xx_it.o
       232         14          0          0          0       4007   stm32f4xx_ll_fsmc.o
         0          0          0          0          0       9432   stream_buffer.o
        16          4         24          4          0       1175   system_stm32f4xx.o
      2126        160          0         60       1220      27500   tasks.o
       972         82          0         20        280      32359   timers.o
      2078        152          0         72          0      11154   touch.o
        24          4          0          0          0        600   uart_redefine.o
       612         56          0          0        504       3501   usart.o

    ----------------------------------------------------------------------
     22382       1388       6448        300      20560    1098588   Object Totals
         0          0         32          0          0          0   (incl. Generated)
        50          0          2          5          4          0   (incl. Padding)

    ----------------------------------------------------------------------

      Code (inc. data)   RO Data    RW Data    ZI Data      Debug   Library Member Name

        86          0          0          0          0          0   __dczerorl2.o
         0          0          0          0          0          0   entry.o
         0          0          0          0          0          0   entry10a.o
         0          0          0          0          0          0   entry11a.o
         8          4          0          0          0          0   entry2.o
         4          0          0          0          0          0   entry5.o
         0          0          0          0          0          0   entry7b.o
         0          0          0          0          0          0   entry8b.o
         8          4          0          0          0          0   entry9a.o
        30          0          0          0          0          0   handlers.o
        36          8          0          0          0         68   init.o
         0          0          0          0          0          0   iusefp.o
        30          0          0          0          0         68   llshl.o
        36          0          0          0          0         68   llsshr.o
        32          0          0          0          0         68   llushr.o
        36          0          0          0          0         68   memcpya.o
        36          0          0          0          0        108   memseta.o
      2308         96          0          0          0        604   printfa.o
         0          0          0          4          0          0   stdout.o
        44          0          0          0          0         80   uidiv.o
        98          0          0          0          0         92   uldiv.o
        48          0          0          0          0         68   cdcmple.o
        48          0          0          0          0         68   cdrcmple.o
       334          0          0          0          0        148   dadd.o
       222          0          0          0          0        100   ddiv.o
       186          0          0          0          0        176   depilogue.o
        48          0          0          0          0         68   dfixul.o
        34          0          0          0          0         76   dflti.o
       228          0          0          0          0         96   dmul.o

    ----------------------------------------------------------------------
      3942        112          0          4          0       2024   Library Totals
         2          0          0          0          0          0   (incl. Padding)

    ----------------------------------------------------------------------

      Code (inc. data)   RO Data    RW Data    ZI Data      Debug   Library Name

      2792        112          0          4          0       1224   mc_w.l
      1148          0          0          0          0        800   mf_w.l

    ----------------------------------------------------------------------
      3942        112          0          4          0       2024   Library Totals

    ----------------------------------------------------------------------

==============================================================================


      Code (inc. data)   RO Data    RW Data    ZI Data      Debug   

     26324       1500       6448        304      20560    1075904   Grand Totals
     26324       1500       6448         72      20560    1075904   ELF Image Totals (compressed)
     26324       1500       6448         72          0          0   ROM Totals

==============================================================================

    Total RO  Size (Code + RO Data)                32772 (  32.00kB)
    Total RW  Size (RW Data + ZI Data)             20864 (  20.38kB)
    Total ROM Size (Code + RO Data + RW Data)      32844 (  32.07kB)

==============================================================================

